
> srm-xerox-management-frontend@0.0.0 test
> vitest run


[1m[30m[46m RUN [49m[39m[22m [36mv4.1.11 [39m[90mD:/Studies/projects/my_projects/srm-xerox-management/frontend[39m

 [31mΓ¥»[39m src/test/pages/login.test.jsx [2m([22m[2m11 tests[22m[2m | [22m[31m9 failed[39m[2m)[22m[33m 6566[2mms[22m[39m
[31m     [31m├ù[31m renders the sign-in form[39m[33m 339[2mms[22m[39m
[31m     [31m├ù[31m disables the submit button until both fields are filled[39m[33m 610[2mms[22m[39m
     [32mΓ£ô[39m toggles password visibility[32m 270[2mms[22m[39m
[31m     [31m├ù[31m toggles the "keep this counter signed in" checkbox[39m[33m 436[2mms[22m[39m
[31m     [31m├ù[31m submits trimmed credentials and remember-me flag to login()[39m[33m 1382[2mms[22m[39m
[31m     [31m├ù[31m does not call login when the form is submitted empty[39m[32m 167[2mms[22m[39m
[31m     [31m├ù[31m shows a loading state while the login request is in flight[39m[33m 911[2mms[22m[39m
[31m     [31m├ù[31m shows an error alert when login fails[39m[33m 1215[2mms[22m[39m
[31m     [31m├ù[31m falls back to a generic error message when none is provided[39m[33m 883[2mms[22m[39m
     [32mΓ£ô[39m redirects to the role home when a user is already authenticated[32m 37[2mms[22m[39m
[31m     [31m├ù[31m renders a request-access link to /enquiry[39m[33m 303[2mms[22m[39m
stderr | src/test/pages/dashboard.test.jsx > Dashboard page > fetches dashboard data for the current user role on mount
The tag <stop> is unrecognized in this browser. If you meant to render a React component, start its name with an uppercase letter.
<linearGradient /> is using incorrect casing. Use PascalCase for React components, or lowercase for HTML elements.
The tag <linearGradient> is unrecognized in this browser. If you meant to render a React component, start its name with an uppercase letter.
The tag <defs> is unrecognized in this browser. If you meant to render a React component, start its name with an uppercase letter.

stderr | src/test/pages/dashboard.test.jsx > Dashboard page > shows a welcome banner for role "super_admin"
<linearGradient /> is using incorrect casing. Use PascalCase for React components, or lowercase for HTML elements.

stderr | src/test/pages/dashboard.test.jsx > Dashboard page > shows a welcome banner for role "branch_admin"
<linearGradient /> is using incorrect casing. Use PascalCase for React components, or lowercase for HTML elements.

stderr | src/test/pages/dashboard.test.jsx > Dashboard page > shows a welcome banner for role "department_admin"
<linearGradient /> is using incorrect casing. Use PascalCase for React components, or lowercase for HTML elements.

stderr | src/test/pages/dashboard.test.jsx > Dashboard page > shows a welcome banner for role "shop_admin"
<linearGradient /> is using incorrect casing. Use PascalCase for React components, or lowercase for HTML elements.

stderr | src/test/pages/dashboard.test.jsx > Dashboard page > shows a welcome banner for role "staff"
<linearGradient /> is using incorrect casing. Use PascalCase for React components, or lowercase for HTML elements.
Received NaN for the `children` attribute. If this is expected, cast the value to a string.

stderr | src/test/pages/dashboard.test.jsx > Dashboard page > navigates to the role-scoped bill-creation page from "New Invoice"
<linearGradient /> is using incorrect casing. Use PascalCase for React components, or lowercase for HTML elements.

stderr | src/test/pages/dashboard.test.jsx > Dashboard page > role-specific dashboards > renders the Super Admin dashboard with its KPIs and quick actions
<linearGradient /> is using incorrect casing. Use PascalCase for React components, or lowercase for HTML elements.

stderr | src/test/pages/dashboard.test.jsx > Dashboard page > role-specific dashboards > renders the Branch Admin dashboard with its KPIs and quick actions
<linearGradient /> is using incorrect casing. Use PascalCase for React components, or lowercase for HTML elements.

stderr | src/test/pages/dashboard.test.jsx > Dashboard page > role-specific dashboards > renders the Department Admin dashboard with credit KPIs once loaded
<linearGradient /> is using incorrect casing. Use PascalCase for React components, or lowercase for HTML elements.

stderr | src/test/pages/dashboard.test.jsx > Dashboard page > role-specific dashboards > renders the Shop Admin dashboard with its KPIs and quick actions
<linearGradient /> is using incorrect casing. Use PascalCase for React components, or lowercase for HTML elements.

stderr | src/test/pages/dashboard.test.jsx > Dashboard page > role-specific dashboards > renders the Staff dashboard with personal KPIs
<linearGradient /> is using incorrect casing. Use PascalCase for React components, or lowercase for HTML elements.

 [31mΓ¥»[39m src/test/pages/dashboard.test.jsx [2m([22m[2m15 tests[22m[2m | [22m[31m1 failed[39m[2m)[22m[33m 3251[2mms[22m[39m
     [32mΓ£ô[39m shows a loading state while dashboard data is being fetched[32m 39[2mms[22m[39m
[31m     [31m├ù[31m fetches dashboard data for the current user role on mount[39m[33m 459[2mms[22m[39m
     [32mΓ£ô[39m does not fetch when there is no authenticated user role[32m 128[2mms[22m[39m
     [33m[2mΓ£ô[22m[39m shows a welcome banner for role "super_admin" [33m 363[2mms[22m[39m
     [32mΓ£ô[39m shows a welcome banner for role "branch_admin"[32m 181[2mms[22m[39m
     [32mΓ£ô[39m shows a welcome banner for role "department_admin"[32m 110[2mms[22m[39m
     [32mΓ£ô[39m shows a welcome banner for role "shop_admin"[32m 72[2mms[22m[39m
     [32mΓ£ô[39m shows a welcome banner for role "staff"[32m 104[2mms[22m[39m
     [33m[2mΓ£ô[22m[39m navigates to the role-scoped bill-creation page from "New Invoice" [33m 831[2mms[22m[39m
     [32mΓ£ô[39m renders a fallback message for a role with no dashboard view[32m 16[2mms[22m[39m
       [32mΓ£ô[39m renders the Super Admin dashboard with its KPIs and quick actions[32m 239[2mms[22m[39m
       [32mΓ£ô[39m renders the Branch Admin dashboard with its KPIs and quick actions[32m 172[2mms[22m[39m
       [32mΓ£ô[39m renders the Department Admin dashboard with credit KPIs once loaded[32m 216[2mms[22m[39m
       [32mΓ£ô[39m renders the Shop Admin dashboard with its KPIs and quick actions[32m 201[2mms[22m[39m
       [32mΓ£ô[39m renders the Staff dashboard with personal KPIs[32m 115[2mms[22m[39m
stderr | src/test/pages/inventory-product.test.jsx > InventoryProduct page > renders the Inventory System Notice alert
An update to InventoryProduct inside a test was not wrapped in act(...).

When testing, code that causes React state updates should be wrapped into act(...):

act(() => {
  /* fire events that update state */
});
/* assert on the output */

This ensures that you're testing the behavior the user would see in the browser. Learn more at https://react.dev/link/wrap-tests-with-act

stderr | src/test/pages/inventory-product.test.jsx > InventoryProduct page > loads inventory products on mount when the list is empty
An update to InventoryProduct inside a test was not wrapped in act(...).

When testing, code that causes React state updates should be wrapped into act(...):

act(() => {
  /* fire events that update state */
});
/* assert on the output */

This ensures that you're testing the behavior the user would see in the browser. Learn more at https://react.dev/link/wrap-tests-with-act

[90mstdout[2m | src/test/pages/inventory-product.test.jsx[2m > [22m[2mInventoryProduct page[2m > [22m[2mdoes not refetch when inventory products are already loaded
[22m[39mSkipped: {
  useInventoryProductColumns: [Function: Mock] {
    _isMockFunction: [33mtrue[39m,
    getMockImplementation: [36m[Function (anonymous)][39m,
    mock: {
      calls: [36m[Array][39m,
      contexts: [36m[Array][39m,
      instances: [36m[Array][39m,
      invocationCallOrder: [36m[Array][39m,
      settledResults: [36m[Array][39m,
      results: [36m[Array][39m,
      lastCall: [36m[Getter][39m
    },
    mockImplementation: [36m[Function: mockImplementation][39m,
    mockImplementationOnce: [36m[Function: mockImplementationOnce][39m,
    withImplementation: [36m[Function: withImplementation][39m,
    mockReturnThis: [36m[Function: mockReturnThis][39m,
    mockReturnValue: [36m[Function: mockReturnValue][39m,
    mockReturnValueOnce: [36m[Function: mockReturnValueOnce][39m,
    mockThrow: [36m[Function: mockThrow][39m,
    mockThrowOnce: [36m[Function: mockThrowOnce][39m,
    mockResolvedValue: [36m[Function: mockResolvedValue][39m,
    mockResolvedValueOnce: [36m[Function: mockResolvedValueOnce][39m,
    mockRejectedValue: [36m[Function: mockRejectedValue][39m,
    mockRejectedValueOnce: [36m[Function: mockRejectedValueOnce][39m,
    mockClear: [36m[Function: mockClear][39m,
    mockReset: [36m[Function: mockReset][39m,
    mockRestore: [36m[Function: mockRestore][39m,
    mockName: [36m[Function: mockName][39m,
    getMockName: [36m[Function: getMockName][39m,
    [32mSymbol(Symbol.dispose)[39m: [36m[Function (anonymous)][39m
  },
  state: [ { _id: [32m'ip-1'[39m } ],
  filters: {
    latest: [Function: Mock] {
      _isMockFunction: [33mtrue[39m,
      getMockImplementation: [36m[Function (anonymous)][39m,
      mock: [36m[Object][39m,
      mockImplementation: [36m[Function: mockImplementation][39m,
      mockImplementationOnce: [36m[Function: mockImplementationOnce][39m,
      withImplementation: [36m[Function: withImplementation][39m,
      mockReturnThis: [36m[Function: mockReturnThis][39m,
      mockReturnValue: [36m[Function: mockReturnValue][39m,
      mockReturnValueOnce: [36m[Function: mockReturnValueOnce][39m,
      mockThrow: [36m[Function: mockThrow][39m,
      mockThrowOnce: [36m[Function: mockThrowOnce][39m,
      mockResolvedValue: [36m[Function: mockResolvedValue][39m,
      mockResolvedValueOnce: [36m[Function: mockResolvedValueOnce][39m,
      mockRejectedValue: [36m[Function: mockRejectedValue][39m,
      mockRejectedValueOnce: [36m[Function: mockRejectedValueOnce][39m,
      mockClear: [36m[Function: mockClear][39m,
      mockReset: [36m[Function: mockReset][39m,
      mockRestore: [36m[Function: mockRestore][39m,
      mockName: [36m[Function: mockName][39m,
      getMockName: [36m[Function: getMockName][39m,
      [32mSymbol(Symbol.dispose)[39m: [36m[Function (anonymous)][39m
    },
    oldest: [Function: Mock] {
      _isMockFunction: [33mtrue[39m,
      getMockImplementation: [36m[Function (anonymous)][39m,
      mock: [36m[Object][39m,
      mockImplementation: [36m[Function: mockImplementation][39m,
      mockImplementationOnce: [36m[Function: mockImplementationOnce][39m,
      withImplementation: [36m[Function: withImplementation][39m,
      mockReturnThis: [36m[Function: mockReturnThis][39m,
      mockReturnValue: [36m[Function: mockReturnValue][39m,
      mockReturnValueOnce: [36m[Function: mockReturnValueOnce][39m,
      mockThrow: [36m[Function: mockThrow][39m,
      mockThrowOnce: [36m[Function: mockThrowOnce][39m,
      mockResolvedValue: [36m[Function: mockResolvedValue][39m,
      mockResolvedValueOnce: [36m[Function: mockResolvedValueOnce][39m,
      mockRejectedValue: [36m[Function: mockRejectedValue][39m,
      mockRejectedValueOnce: [36m[Function: mockRejectedValueOnce][39m,
      mockClear: [36m[Function: mockClear][39m,
      mockReset: [36m[Function: mockReset][39m,
      mockRestore: [36m[Function: mockRestore][39m,
      mockName: [36m[Function: mockName][39m,
      getMockName: [36m[Function: getMockName][39m,
      [32mSymbol(Symbol.dispose)[39m: [36m[Function (anonymous)][39m
    },
    ascending: [Function: Mock] {
      _isMockFunction: [33mtrue[39m,
      getMockImplementation: [36m[Function (anonymous)][39m,
      mock: [36m[Object][39m,
      mockImplementation: [36m[Function: mockImplementation][39m,
      mockImplementationOnce: [36m[Function: mockImplementationOnce][39m,
      withImplementation: [36m[Function: withImplementation][39m,
      mockReturnThis: [36m[Function: mockReturnThis][39m,
      mockReturnValue: [36m[Function: mockReturnValue][39m,
      mockReturnValueOnce: [36m[Function: mockReturnValueOnce][39m,
      mockThrow: [36m[Function: mockThrow][39m,
      mockThrowOnce: [36m[Function: mockThrowOnce][39m,
      mockResolvedValue: [36m[Function: mockResolvedValue][39m,
      mockResolvedValueOnce: [36m[Function: mockResolvedValueOnce][39m,
      mockRejectedValue: [36m[Function: mockRejectedValue][39m,
      mockRejectedValueOnce: [36m[Function: mockRejectedValueOnce][39m,
      mockClear: [36m[Function: mockClear][39m,
      mockReset: [36m[Function: mockReset][39m,
      mockRestore: [36m[Function: mockRestore][39m,
      mockName: [36m[Function: mockName][39m,
      getMockName: [36m[Function: getMockName][39m,
      [32mSymbol(Symbol.dispose)[39m: [36m[Function (anonymous)][39m
    },
    descending: [Function: Mock] {
      _isMockFunction: [33mtrue[39m,
      getMockImplementation: [36m[Function (anonymous)][39m,
      mock: [36m[Object][39m,
      mockImplementation: [36m[Function: mockImplementation][39m,
      mockImplementationOnce: [36m[Function: mockImplementationOnce][39m,
      withImplementation: [36m[Function: withImplementation][39m,
      mockReturnThis: [36m[Function: mockReturnThis][39m,
      mockReturnValue: [36m[Function: mockReturnValue][39m,
      mockReturnValueOnce: [36m[Function: mockReturnValueOnce][39m,
      mockThrow: [36m[Function: mockThrow][39m,
      mockThrowOnce: [36m[Function: mockThrowOnce][39m,
      mockResolvedValue: [36m[Function: mockResolvedValue][39m,
      mockResolvedValueOnce: [36m[Function: mockResolvedValueOnce][39m,
      mockRejectedValue: [36m[Function: mockRejectedValue][39m,
      mockRejectedValueOnce: [36m[Function: mockRejectedValueOnce][39m,
      mockClear: [36m[Function: mockClear][39m,
      mockReset: [36m[Function: mockReset][39m,
      mockRestore: [36m[Function: mockRestore][39m,
      mockName: [36m[Function: mockName][39m,
      getMockName: [36m[Function: getMockName][39m,
      [32mSymbol(Symbol.dispose)[39m: [36m[Function (anonymous)][39m
    },
    filterByField: [Function: Mock] {
      _isMockFunction: [33mtrue[39m,
      getMockImplementation: [36m[Function (anonymous)][39m,
      mock: [36m[Object][39m,
      mockImplementation: [36m[Function: mockImplementation][39m,
      mockImplementationOnce: [36m[Function: mockImplementationOnce][39m,
      withImplementation: [36m[Function: withImplementation][39m,
      mockReturnThis: [36m[Function: mockReturnThis][39m,
      mockReturnValue: [36m[Function: mockReturnValue][39m,
      mockReturnValueOnce: [36m[Function: mockReturnValueOnce][39m,
      mockThrow: [36m[Function: mockThrow][39m,
      mockThrowOnce: [36m[Function: mockThrowOnce][39m,
      mockResolvedValue: [36m[Function: mockResolvedValue][39m,
      mockResolvedValueOnce: [36m[Function: mockResolvedValueOnce][39m,
      mockRejectedValue: [36m[Function: mockRejectedValue][39m,
      mockRejectedValueOnce: [36m[Function: mockRejectedValueOnce][39m,
      mockClear: [36m[Function: mockClear][39m,
      mockReset: [36m[Function: mockReset][39m,
      mockRestore: [36m[Function: mockRestore][39m,
      mockName: [36m[Function: mockName][39m,
      getMockName: [36m[Function: getMockName][39m,
      [32mSymbol(Symbol.dispose)[39m: [36m[Function (anonymous)][39m
    }
  },
  reset: [Function: Mock] {
    _isMockFunction: [33mtrue[39m,
    getMockImplementation: [36m[Function (anonymous)][39m,
    mock: {
      calls: [],
      contexts: [],
      instances: [],
      invocationCallOrder: [],
      settledResults: [],
      results: [],
      lastCall: [36m[Getter][39m
    },
    mockImplementation: [36m[Function: mockImplementation][39m,
    mockImplementationOnce: [36m[Function: mockImplementationOnce][39m,
    withImplementation: [36m[Function: withImplementation][39m,
    mockReturnThis: [36m[Function: mockReturnThis][39m,
    mockReturnValue: [36m[Function: mockReturnValue][39m,
    mockReturnValueOnce: [36m[Function: mockReturnValueOnce][39m,
    mockThrow: [36m[Function: mockThrow][39m,
    mockThrowOnce: [36m[Function: mockThrowOnce][39m,
    mockResolvedValue: [36m[Function: mockResolvedValue][39m,
    mockResolvedValueOnce: [36m[Function: mockResolvedValueOnce][39m,
    mockRejectedValue: [36m[Function: mockRejectedValue][39m,
    mockRejectedValueOnce: [36m[Function: mockRejectedValueOnce][39m,
    mockClear: [36m[Function: mockClear][39m,
    mockReset: [36m[Function: mockReset][39m,
    mockRestore: [36m[Function: mockRestore][39m,
    mockName: [36m[Function: mockName][39m,
    getMockName: [36m[Function: getMockName][39m,
    [32mSymbol(Symbol.dispose)[39m: [36m[Function (anonymous)][39m
  },
  openCreate: [Function: Mock] {
    _isMockFunction: [33mtrue[39m,
    getMockImplementation: [36m[Function (anonymous)][39m,
    mock: {
      calls: [],
      contexts: [],
      instances: [],
      invocationCallOrder: [],
      settledResults: [],
      results: [],
      lastCall: [36m[Getter][39m
    },
    mockImplementation: [36m[Function: mockImplementation][39m,
    mockImplementationOnce: [36m[Function: mockImplementationOnce][39m,
    withImplementation: [36m[Function: withImplementation][39m,
    mockReturnThis: [36m[Function: mockReturnThis][39m,
    mockReturnValue: [36m[Function: mockReturnValue][39m,
    mockReturnValueOnce: [36m[Function: mockReturnValueOnce][39m,
    mockThrow: [36m[Function: mockThrow][39m,
    mockThrowOnce: [36m[Function: mockThrowOnce][39m,
    mockResolvedValue: [36m[Function: mockResolvedValue][39m,
    mockResolvedValueOnce: [36m[Function: mockResolvedValueOnce][39m,
    mockRejectedValue: [36m[Function: mockRejectedValue][39m,
    mockRejectedValueOnce: [36m[Function: mockRejectedValueOnce][39m,
    mockClear: [36m[Function: mockClear][39m,
    mockReset: [36m[Function: mockReset][39m,
    mockRestore: [36m[Function: mockRestore][39m,
    mockName: [36m[Function: mockName][39m,
    getMockName: [36m[Function: getMockName][39m,
    [32mSymbol(Symbol.dispose)[39m: [36m[Function (anonymous)][39m
  },
  loading: { getAll: [33mfalse[39m },
  pagination: { page: [33m1[39m, limit: [33m10[39m, pages: [33m1[39m, total: [33m0[39m },
  fetch: [Function: Mock] {
    _isMockFunction: [33mtrue[39m,
    getMockImplementation: [36m[Function (anonymous)][39m,
    mock: {
      calls: [],
      contexts: [],
      instances: [],
      invocationCallOrder: [],
      settledResults: [],
      results: [],
      lastCall: [36m[Getter][39m
    },
    mockImplementation: [36m[Function: mockImplementation][39m,
    mockImplementationOnce: [36m[Function: mockImplementationOnce][39m,
    withImplementation: [36m[Function: withImplementation][39m,
    mockReturnThis: [36m[Function: mockReturnThis][39m,
    mockReturnValue: [36m[Function: mockReturnValue][39m,
    mockReturnValueOnce: [36m[Function: mockReturnValueOnce][39m,
    mockThrow: [36m[Function: mockThrow][39m,
    mockThrowOnce: [36m[Function: mockThrowOnce][39m,
    mockResolvedValue: [36m[Function: mockResolvedValue][39m,
    mockResolvedValueOnce: [36m[Function: mockResolvedValueOnce][39m,
    mockRejectedValue: [36m[Function: mockRejectedValue][39m,
    mockRejectedValueOnce: [36m[Function: mockRejectedValueOnce][39m,
    mockClear: [36m[Function: mockClear][39m,
    mockReset: [36m[Function: mockReset][39m,
    mockRestore: [36m[Function: mockRestore][39m,
    mockName: [36m[Function: mockName][39m,
    getMockName: [36m[Function: getMockName][39m,
    [32mSymbol(Symbol.dispose)[39m: [36m[Function (anonymous)][39m
  },
  getQuery: [Function: Mock] {
    _isMockFunction: [33mtrue[39m,
    getMockImplementation: [36m[Function (anonymous)][39m,
    mock: {
      calls: [],
      contexts: [],
      instances: [],
      invocationCallOrder: [],
      settledResults: [],
      results: [],
      lastCall: [36m[Getter][39m
    },
    mockImplementation: [36m[Function: mockImplementation][39m,
    mockImplementationOnce: [36m[Function: mockImplementationOnce][39m,
    withImplementation: [36m[Function: withImplementation][39m,
    mockReturnThis: [36m[Function: mockReturnThis][39m,
    mockReturnValue: [36m[Function: mockReturnValue][39m,
    mockReturnValueOnce: [36m[Function: mockReturnValueOnce][39m,
    mockThrow: [36m[Function: mockThrow][39m,
    mockThrowOnce: [36m[Function: mockThrowOnce][39m,
    mockResolvedValue: [36m[Function: mockResolvedValue][39m,
    mockResolvedValueOnce: [36m[Function: mockResolvedValueOnce][39m,
    mockRejectedValue: [36m[Function: mockRejectedValue][39m,
    mockRejectedValueOnce: [36m[Function: mockRejectedValueOnce][39m,
    mockClear: [36m[Function: mockClear][39m,
    mockReset: [36m[Function: mockReset][39m,
    mockRestore: [36m[Function: mockRestore][39m,
    mockName: [36m[Function: mockName][39m,
    getMockName: [36m[Function: getMockName][39m,
    [32mSymbol(Symbol.dispose)[39m: [36m[Function (anonymous)][39m
  },
  sortByColumn: [Function: Mock] {
    _isMockFunction: [33mtrue[39m,
    getMockImplementation: [36m[Function (anonymous)][39m,
    mock: {
      calls: [],
      contexts: [],
      instances: [],
      invocationCallOrder: [],
      settledResults: [],
      results: [],
      lastCall: [36m[Getter][39m
    },
    mockImplementation: [36m[Function: mockImplementation][39m,
    mockImplementationOnce: [36m[Function: mockImplementationOnce][39m,
    withImplementation: [36m[Function: withImplementation][39m,
    mockReturnThis: [36m[Function: mockReturnThis][39m,
    mockReturnValue: [36m[Function: mockReturnValue][39m,
    mockReturnValueOnce: [36m[Function: mockReturnValueOnce][39m,
    mockThrow: [36m[Function: mockThrow][39m,
    mockThrowOnce: [36m[Function: mockThrowOnce][39m,
    mockResolvedValue: [36m[Function: mockResolvedValue][39m,
    mockResolvedValueOnce: [36m[Function: mockResolvedValueOnce][39m,
    mockRejectedValue: [36m[Function: mockRejectedValue][39m,
    mockRejectedValueOnce: [36m[Function: mockRejectedValueOnce][39m,
    mockClear: [36m[Function: mockClear][39m,
    mockReset: [36m[Function: mockReset][39m,
    mockRestore: [36m[Function: mockRestore][39m,
    mockName: [36m[Function: mockName][39m,
    getMockName: [36m[Function: getMockName][39m,
    [32mSymbol(Symbol.dispose)[39m: [36m[Function (anonymous)][39m
  }
}

stderr | src/test/pages/inventory-product.test.jsx > InventoryProduct page > does not refetch when inventory products are already loaded
An update to InventoryProduct inside a test was not wrapped in act(...).

When testing, code that causes React state updates should be wrapped into act(...):

act(() => {
  /* fire events that update state */
});
/* assert on the output */

This ensures that you're testing the behavior the user would see in the browser. Learn more at https://react.dev/link/wrap-tests-with-act

stderr | src/test/pages/inventory-product.test.jsx > InventoryProduct page > shows a loading indicator while loading.getAll is true
An update to InventoryProduct inside a test was not wrapped in act(...).

When testing, code that causes React state updates should be wrapped into act(...):

act(() => {
  /* fire events that update state */
});
/* assert on the output */

This ensures that you're testing the behavior the user would see in the browser. Learn more at https://react.dev/link/wrap-tests-with-act

[90mstdout[2m | src/test/pages/inventory-product.test.jsx[2m > [22m[2mInventoryProduct page[2m > [22m[2mrenders the row count from state
[22m[39mSkipped: {
  useInventoryProductColumns: [Function: Mock] {
    _isMockFunction: [33mtrue[39m,
    getMockImplementation: [36m[Function (anonymous)][39m,
    mock: {
      calls: [36m[Array][39m,
      contexts: [36m[Array][39m,
      instances: [36m[Array][39m,
      invocationCallOrder: [36m[Array][39m,
      settledResults: [36m[Array][39m,
      results: [36m[Array][39m,
      lastCall: [36m[Getter][39m
    },
    mockImplementation: [36m[Function: mockImplementation][39m,
    mockImplementationOnce: [36m[Function: mockImplementationOnce][39m,
    withImplementation: [36m[Function: withImplementation][39m,
    mockReturnThis: [36m[Function: mockReturnThis][39m,
    mockReturnValue: [36m[Function: mockReturnValue][39m,
    mockReturnValueOnce: [36m[Function: mockReturnValueOnce][39m,
    mockThrow: [36m[Function: mockThrow][39m,
    mockThrowOnce: [36m[Function: mockThrowOnce][39m,
    mockResolvedValue: [36m[Function: mockResolvedValue][39m,
    mockResolvedValueOnce: [36m[Function: mockResolvedValueOnce][39m,
    mockRejectedValue: [36m[Function: mockRejectedValue][39m,
    mockRejectedValueOnce: [36m[Function: mockRejectedValueOnce][39m,
    mockClear: [36m[Function: mockClear][39m,
    mockReset: [36m[Function: mockReset][39m,
    mockRestore: [36m[Function: mockRestore][39m,
    mockName: [36m[Function: mockName][39m,
    getMockName: [36m[Function: getMockName][39m,
    [32mSymbol(Symbol.dispose)[39m: [36m[Function (anonymous)][39m
  },
  state: [ { _id: [32m'ip-1'[39m }, { _id: [32m'ip-2'[39m } ],
  filters: {
    latest: [Function: Mock] {
      _isMockFunction: [33mtrue[39m,
      getMockImplementation: [36m[Function (anonymous)][39m,
      mock: [36m[Object][39m,
      mockImplementation: [36m[Function: mockImplementation][39m,
      mockImplementationOnce: [36m[Function: mockImplementationOnce][39m,
      withImplementation: [36m[Function: withImplementation][39m,
      mockReturnThis: [36m[Function: mockReturnThis][39m,
      mockReturnValue: [36m[Function: mockReturnValue][39m,
      mockReturnValueOnce: [36m[Function: mockReturnValueOnce][39m,
      mockThrow: [36m[Function: mockThrow][39m,
      mockThrowOnce: [36m[Function: mockThrowOnce][39m,
      mockResolvedValue: [36m[Function: mockResolvedValue][39m,
      mockResolvedValueOnce: [36m[Function: mockResolvedValueOnce][39m,
      mockRejectedValue: [36m[Function: mockRejectedValue][39m,
      mockRejectedValueOnce: [36m[Function: mockRejectedValueOnce][39m,
      mockClear: [36m[Function: mockClear][39m,
      mockReset: [36m[Function: mockReset][39m,
      mockRestore: [36m[Function: mockRestore][39m,
      mockName: [36m[Function: mockName][39m,
      getMockName: [36m[Function: getMockName][39m,
      [32mSymbol(Symbol.dispose)[39m: [36m[Function (anonymous)][39m
    },
    oldest: [Function: Mock] {
      _isMockFunction: [33mtrue[39m,
      getMockImplementation: [36m[Function (anonymous)][39m,
      mock: [36m[Object][39m,
      mockImplementation: [36m[Function: mockImplementation][39m,
      mockImplementationOnce: [36m[Function: mockImplementationOnce][39m,
      withImplementation: [36m[Function: withImplementation][39m,
      mockReturnThis: [36m[Function: mockReturnThis][39m,
      mockReturnValue: [36m[Function: mockReturnValue][39m,
      mockReturnValueOnce: [36m[Function: mockReturnValueOnce][39m,
      mockThrow: [36m[Function: mockThrow][39m,
      mockThrowOnce: [36m[Function: mockThrowOnce][39m,
      mockResolvedValue: [36m[Function: mockResolvedValue][39m,
      mockResolvedValueOnce: [36m[Function: mockResolvedValueOnce][39m,
      mockRejectedValue: [36m[Function: mockRejectedValue][39m,
      mockRejectedValueOnce: [36m[Function: mockRejectedValueOnce][39m,
      mockClear: [36m[Function: mockClear][39m,
      mockReset: [36m[Function: mockReset][39m,
      mockRestore: [36m[Function: mockRestore][39m,
      mockName: [36m[Function: mockName][39m,
      getMockName: [36m[Function: getMockName][39m,
      [32mSymbol(Symbol.dispose)[39m: [36m[Function (anonymous)][39m
    },
    ascending: [Function: Mock] {
      _isMockFunction: [33mtrue[39m,
      getMockImplementation: [36m[Function (anonymous)][39m,
      mock: [36m[Object][39m,
      mockImplementation: [36m[Function: mockImplementation][39m,
      mockImplementationOnce: [36m[Function: mockImplementationOnce][39m,
      withImplementation: [36m[Function: withImplementation][39m,
      mockReturnThis: [36m[Function: mockReturnThis][39m,
      mockReturnValue: [36m[Function: mockReturnValue][39m,
      mockReturnValueOnce: [36m[Function: mockReturnValueOnce][39m,
      mockThrow: [36m[Function: mockThrow][39m,
      mockThrowOnce: [36m[Function: mockThrowOnce][39m,
      mockResolvedValue: [36m[Function: mockResolvedValue][39m,
      mockResolvedValueOnce: [36m[Function: mockResolvedValueOnce][39m,
      mockRejectedValue: [36m[Function: mockRejectedValue][39m,
      mockRejectedValueOnce: [36m[Function: mockRejectedValueOnce][39m,
      mockClear: [36m[Function: mockClear][39m,
      mockReset: [36m[Function: mockReset][39m,
      mockRestore: [36m[Function: mockRestore][39m,
      mockName: [36m[Function: mockName][39m,
      getMockName: [36m[Function: getMockName][39m,
      [32mSymbol(Symbol.dispose)[39m: [36m[Function (anonymous)][39m
    },
    descending: [Function: Mock] {
      _isMockFunction: [33mtrue[39m,
      getMockImplementation: [36m[Function (anonymous)][39m,
      mock: [36m[Object][39m,
      mockImplementation: [36m[Function: mockImplementation][39m,
      mockImplementationOnce: [36m[Function: mockImplementationOnce][39m,
      withImplementation: [36m[Function: withImplementation][39m,
      mockReturnThis: [36m[Function: mockReturnThis][39m,
      mockReturnValue: [36m[Function: mockReturnValue][39m,
      mockReturnValueOnce: [36m[Function: mockReturnValueOnce][39m,
      mockThrow: [36m[Function: mockThrow][39m,
      mockThrowOnce: [36m[Function: mockThrowOnce][39m,
      mockResolvedValue: [36m[Function: mockResolvedValue][39m,
      mockResolvedValueOnce: [36m[Function: mockResolvedValueOnce][39m,
      mockRejectedValue: [36m[Function: mockRejectedValue][39m,
      mockRejectedValueOnce: [36m[Function: mockRejectedValueOnce][39m,
      mockClear: [36m[Function: mockClear][39m,
      mockReset: [36m[Function: mockReset][39m,
      mockRestore: [36m[Function: mockRestore][39m,
      mockName: [36m[Function: mockName][39m,
      getMockName: [36m[Function: getMockName][39m,
      [32mSymbol(Symbol.dispose)[39m: [36m[Function (anonymous)][39m
    },
    filterByField: [Function: Mock] {
      _isMockFunction: [33mtrue[39m,
      getMockImplementation: [36m[Function (anonymous)][39m,
      mock: [36m[Object][39m,
      mockImplementation: [36m[Function: mockImplementation][39m,
      mockImplementationOnce: [36m[Function: mockImplementationOnce][39m,
      withImplementation: [36m[Function: withImplementation][39m,
      mockReturnThis: [36m[Function: mockReturnThis][39m,
      mockReturnValue: [36m[Function: mockReturnValue][39m,
      mockReturnValueOnce: [36m[Function: mockReturnValueOnce][39m,
      mockThrow: [36m[Function: mockThrow][39m,
      mockThrowOnce: [36m[Function: mockThrowOnce][39m,
      mockResolvedValue: [36m[Function: mockResolvedValue][39m,
      mockResolvedValueOnce: [36m[Function: mockResolvedValueOnce][39m,
      mockRejectedValue: [36m[Function: mockRejectedValue][39m,
      mockRejectedValueOnce: [36m[Function: mockRejectedValueOnce][39m,
      mockClear: [36m[Function: mockClear][39m,
      mockReset: [36m[Function: mockReset][39m,
      mockRestore: [36m[Function: mockRestore][39m,
      mockName: [36m[Function: mockName][39m,
      getMockName: [36m[Function: getMockName][39m,
      [32mSymbol(Symbol.dispose)[39m: [36m[Function (anonymous)][39m
    }
  },
  reset: [Function: Mock] {
    _isMockFunction: [33mtrue[39m,
    getMockImplementation: [36m[Function (anonymous)][39m,
    mock: {
      calls: [],
      contexts: [],
      instances: [],
      invocationCallOrder: [],
      settledResults: [],
      results: [],
      lastCall: [36m[Getter][39m
    },
    mockImplementation: [36m[Function: mockImplementation][39m,
    mockImplementationOnce: [36m[Function: mockImplementationOnce][39m,
    withImplementation: [36m[Function: withImplementation][39m,
    mockReturnThis: [36m[Function: mockReturnThis][39m,
    mockReturnValue: [36m[Function: mockReturnValue][39m,
    mockReturnValueOnce: [36m[Function: mockReturnValueOnce][39m,
    mockThrow: [36m[Function: mockThrow][39m,
    mockThrowOnce: [36m[Function: mockThrowOnce][39m,
    mockResolvedValue: [36m[Function: mockResolvedValue][39m,
    mockResolvedValueOnce: [36m[Function: mockResolvedValueOnce][39m,
    mockRejectedValue: [36m[Function: mockRejectedValue][39m,
    mockRejectedValueOnce: [36m[Function: mockRejectedValueOnce][39m,
    mockClear: [36m[Function: mockClear][39m,
    mockReset: [36m[Function: mockReset][39m,
    mockRestore: [36m[Function: mockRestore][39m,
    mockName: [36m[Function: mockName][39m,
    getMockName: [36m[Function: getMockName][39m,
    [32mSymbol(Symbol.dispose)[39m: [36m[Function (anonymous)][39m
  },
  openCreate: [Function: Mock] {
    _isMockFunction: [33mtrue[39m,
    getMockImplementation: [36m[Function (anonymous)][39m,
    mock: {
      calls: [],
      contexts: [],
      instances: [],
      invocationCallOrder: [],
      settledResults: [],
      results: [],
      lastCall: [36m[Getter][39m
    },
    mockImplementation: [36m[Function: mockImplementation][39m,
    mockImplementationOnce: [36m[Function: mockImplementationOnce][39m,
    withImplementation: [36m[Function: withImplementation][39m,
    mockReturnThis: [36m[Function: mockReturnThis][39m,
    mockReturnValue: [36m[Function: mockReturnValue][39m,
    mockReturnValueOnce: [36m[Function: mockReturnValueOnce][39m,
    mockThrow: [36m[Function: mockThrow][39m,
    mockThrowOnce: [36m[Function: mockThrowOnce][39m,
    mockResolvedValue: [36m[Function: mockResolvedValue][39m,
    mockResolvedValueOnce: [36m[Function: mockResolvedValueOnce][39m,
    mockRejectedValue: [36m[Function: mockRejectedValue][39m,
    mockRejectedValueOnce: [36m[Function: mockRejectedValueOnce][39m,
    mockClear: [36m[Function: mockClear][39m,
    mockReset: [36m[Function: mockReset][39m,
    mockRestore: [36m[Function: mockRestore][39m,
    mockName: [36m[Function: mockName][39m,
    getMockName: [36m[Function: getMockName][39m,
    [32mSymbol(Symbol.dispose)[39m: [36m[Function (anonymous)][39m
  },
  loading: { getAll: [33mfalse[39m },
  pagination: { page: [33m1[39m, limit: [33m10[39m, pages: [33m1[39m, total: [33m0[39m },
  fetch: [Function: Mock] {
    _isMockFunction: [33mtrue[39m,
    getMockImplementation: [36m[Function (anonymous)][39m,
    mock: {
      calls: [],
      contexts: [],
      instances: [],
      invocationCallOrder: [],
      settledResults: [],
      results: [],
      lastCall: [36m[Getter][39m
    },
    mockImplementation: [36m[Function: mockImplementation][39m,
    mockImplementationOnce: [36m[Function: mockImplementationOnce][39m,
    withImplementation: [36m[Function: withImplementation][39m,
    mockReturnThis: [36m[Function: mockReturnThis][39m,
    mockReturnValue: [36m[Function: mockReturnValue][39m,
    mockReturnValueOnce: [36m[Function: mockReturnValueOnce][39m,
    mockThrow: [36m[Function: mockThrow][39m,
    mockThrowOnce: [36m[Function: mockThrowOnce][39m,
    mockResolvedValue: [36m[Function: mockResolvedValue][39m,
    mockResolvedValueOnce: [36m[Function: mockResolvedValueOnce][39m,
    mockRejectedValue: [36m[Function: mockRejectedValue][39m,
    mockRejectedValueOnce: [36m[Function: mockRejectedValueOnce][39m,
    mockClear: [36m[Function: mockClear][39m,
    mockReset: [36m[Function: mockReset][39m,
    mockRestore: [36m[Function: mockRestore][39m,
    mockName: [36m[Function: mockName][39m,
    getMockName: [36m[Function: getMockName][39m,
    [32mSymbol(Symbol.dispose)[39m: [36m[Function (anonymous)][39m
  },
  getQuery: [Function: Mock] {
    _isMockFunction: [33mtrue[39m,
    getMockImplementation: [36m[Function (anonymous)][39m,
    mock: {
      calls: [],
      contexts: [],
      instances: [],
      invocationCallOrder: [],
      settledResults: [],
      results: [],
      lastCall: [36m[Getter][39m
    },
    mockImplementation: [36m[Function: mockImplementation][39m,
    mockImplementationOnce: [36m[Function: mockImplementationOnce][39m,
    withImplementation: [36m[Function: withImplementation][39m,
    mockReturnThis: [36m[Function: mockReturnThis][39m,
    mockReturnValue: [36m[Function: mockReturnValue][39m,
    mockReturnValueOnce: [36m[Function: mockReturnValueOnce][39m,
    mockThrow: [36m[Function: mockThrow][39m,
    mockThrowOnce: [36m[Function: mockThrowOnce][39m,
    mockResolvedValue: [36m[Function: mockResolvedValue][39m,
    mockResolvedValueOnce: [36m[Function: mockResolvedValueOnce][39m,
    mockRejectedValue: [36m[Function: mockRejectedValue][39m,
    mockRejectedValueOnce: [36m[Function: mockRejectedValueOnce][39m,
    mockClear: [36m[Function: mockClear][39m,
    mockReset: [36m[Function: mockReset][39m,
    mockRestore: [36m[Function: mockRestore][39m,
    mockName: [36m[Function: mockName][39m,
    getMockName: [36m[Function: getMockName][39m,
    [32mSymbol(Symbol.dispose)[39m: [36m[Function (anonymous)][39m
  },
  sortByColumn: [Function: Mock] {
    _isMockFunction: [33mtrue[39m,
    getMockImplementation: [36m[Function (anonymous)][39m,
    mock: {
      calls: [],
      contexts: [],
      instances: [],
      invocationCallOrder: [],
      settledResults: [],
      results: [],
      lastCall: [36m[Getter][39m
    },
    mockImplementation: [36m[Function: mockImplementation][39m,
    mockImplementationOnce: [36m[Function: mockImplementationOnce][39m,
    withImplementation: [36m[Function: withImplementation][39m,
    mockReturnThis: [36m[Function: mockReturnThis][39m,
    mockReturnValue: [36m[Function: mockReturnValue][39m,
    mockReturnValueOnce: [36m[Function: mockReturnValueOnce][39m,
    mockThrow: [36m[Function: mockThrow][39m,
    mockThrowOnce: [36m[Function: mockThrowOnce][39m,
    mockResolvedValue: [36m[Function: mockResolvedValue][39m,
    mockResolvedValueOnce: [36m[Function: mockResolvedValueOnce][39m,
    mockRejectedValue: [36m[Function: mockRejectedValue][39m,
    mockRejectedValueOnce: [36m[Function: mockRejectedValueOnce][39m,
    mockClear: [36m[Function: mockClear][39m,
    mockReset: [36m[Function: mockReset][39m,
    mockRestore: [36m[Function: mockRestore][39m,
    mockName: [36m[Function: mockName][39m,
    getMockName: [36m[Function: getMockName][39m,
    [32mSymbol(Symbol.dispose)[39m: [36m[Function (anonymous)][39m
  }
}

stderr | src/test/pages/inventory-product.test.jsx > InventoryProduct page > renders the row count from state
An update to InventoryProduct inside a test was not wrapped in act(...).

When testing, code that causes React state updates should be wrapped into act(...):

act(() => {
  /* fire events that update state */
});
/* assert on the output */

This ensures that you're testing the behavior the user would see in the browser. Learn more at https://react.dev/link/wrap-tests-with-act

 [32mΓ£ô[39m src/test/pages/inventory-product.test.jsx [2m([22m[2m17 tests[22m[2m)[22m[33m 1963[2mms[22m[39m
     [33m[2mΓ£ô[22m[39m opens the create modal via Create Inventory Product [33m 602[2mms[22m[39m
 [31mΓ¥»[39m src/test/pages/settings.test.jsx [2m([22m[2m8 tests[22m[2m | [22m[31m6 failed[39m[2m)[22m[33m 764[2mms[22m[39m
     [32mΓ£ô[39m fetches settings on mount[32m 286[2mms[22m[39m
     [32mΓ£ô[39m shows a loading skeleton while settings are loading and no config is present yet[32m 16[2mms[22m[39m
[31m     [31m├ù[31m populates the email field from the fetched config[39m[32m 106[2mms[22m[39m
[31m     [31m├ù[31m renders the field as disabled when editing is not allowed[39m[32m 60[2mms[22m[39m
[31m     [31m├ù[31m shows Save Changes/Discard when a field is edited[39m[32m 117[2mms[22m[39m
[31m     [31m├ù[31m saves the trimmed email on Save Changes[39m[32m 63[2mms[22m[39m
[31m     [31m├ù[31m does not call update when the email is left blank[39m[32m 58[2mms[22m[39m
[31m     [31m├ù[31m discards changes on Discard[39m[32m 48[2mms[22m[39m
 [32mΓ£ô[39m src/test/pages/changepassword.test.jsx [2m([22m[2m8 tests[22m[2m)[22m[33m 7860[2mms[22m[39m
     [33m[2mΓ£ô[22m[39m renders all three password fields and the submit button [33m 580[2mms[22m[39m
     [33m[2mΓ£ô[22m[39m shows a mismatch error when the confirmation does not match the new password [33m 1374[2mms[22m[39m
     [33m[2mΓ£ô[22m[39m shows an error when the new password is the same as the current password [33m 1248[2mms[22m[39m
     [33m[2mΓ£ô[22m[39m submits valid data to changePassword and resets the form [33m 937[2mms[22m[39m
     [33m[2mΓ£ô[22m[39m shows a loading state while the request is in flight [33m 1246[2mms[22m[39m
     [33m[2mΓ£ô[22m[39m shows an error alert when changePassword fails [33m 862[2mms[22m[39m
     [33m[2mΓ£ô[22m[39m clears the error alert once the user edits a field again [33m 1337[2mms[22m[39m
stderr | src/test/pages/bill.test.jsx > Bill page > loads bills on mount when the list is empty
An update to Bill inside a test was not wrapped in act(...).

When testing, code that causes React state updates should be wrapped into act(...):

act(() => {
  /* fire events that update state */
});
/* assert on the output */

This ensures that you're testing the behavior the user would see in the browser. Learn more at https://react.dev/link/wrap-tests-with-act

[90mstdout[2m | src/test/pages/bill.test.jsx[2m > [22m[2mBill page[2m > [22m[2mdoes not refetch when bills are already loaded
[22m[39mSkipped: {
  useBillColumns: [Function: Mock] {
    _isMockFunction: [33mtrue[39m,
    getMockImplementation: [36m[Function (anonymous)][39m,
    mock: {
      calls: [36m[Array][39m,
      contexts: [36m[Array][39m,
      instances: [36m[Array][39m,
      invocationCallOrder: [36m[Array][39m,
      settledResults: [36m[Array][39m,
      results: [36m[Array][39m,
      lastCall: [36m[Getter][39m
    },
    mockImplementation: [36m[Function: mockImplementation][39m,
    mockImplementationOnce: [36m[Function: mockImplementationOnce][39m,
    withImplementation: [36m[Function: withImplementation][39m,
    mockReturnThis: [36m[Function: mockReturnThis][39m,
    mockReturnValue: [36m[Function: mockReturnValue][39m,
    mockReturnValueOnce: [36m[Function: mockReturnValueOnce][39m,
    mockThrow: [36m[Function: mockThrow][39m,
    mockThrowOnce: [36m[Function: mockThrowOnce][39m,
    mockResolvedValue: [36m[Function: mockResolvedValue][39m,
    mockResolvedValueOnce: [36m[Function: mockResolvedValueOnce][39m,
    mockRejectedValue: [36m[Function: mockRejectedValue][39m,
    mockRejectedValueOnce: [36m[Function: mockRejectedValueOnce][39m,
    mockClear: [36m[Function: mockClear][39m,
    mockReset: [36m[Function: mockReset][39m,
    mockRestore: [36m[Function: mockRestore][39m,
    mockName: [36m[Function: mockName][39m,
    getMockName: [36m[Function: getMockName][39m,
    [32mSymbol(Symbol.dispose)[39m: [36m[Function (anonymous)][39m
  },
  state: [ { _id: [32m'b1'[39m } ],
  filters: {
    latest: [Function: Mock] {
      _isMockFunction: [33mtrue[39m,
      getMockImplementation: [36m[Function (anonymous)][39m,
      mock: [36m[Object][39m,
      mockImplementation: [36m[Function: mockImplementation][39m,
      mockImplementationOnce: [36m[Function: mockImplementationOnce][39m,
      withImplementation: [36m[Function: withImplementation][39m,
      mockReturnThis: [36m[Function: mockReturnThis][39m,
      mockReturnValue: [36m[Function: mockReturnValue][39m,
      mockReturnValueOnce: [36m[Function: mockReturnValueOnce][39m,
      mockThrow: [36m[Function: mockThrow][39m,
      mockThrowOnce: [36m[Function: mockThrowOnce][39m,
      mockResolvedValue: [36m[Function: mockResolvedValue][39m,
      mockResolvedValueOnce: [36m[Function: mockResolvedValueOnce][39m,
      mockRejectedValue: [36m[Function: mockRejectedValue][39m,
      mockRejectedValueOnce: [36m[Function: mockRejectedValueOnce][39m,
      mockClear: [36m[Function: mockClear][39m,
      mockReset: [36m[Function: mockReset][39m,
      mockRestore: [36m[Function: mockRestore][39m,
      mockName: [36m[Function: mockName][39m,
      getMockName: [36m[Function: getMockName][39m,
      [32mSymbol(Symbol.dispose)[39m: [36m[Function (anonymous)][39m
    },
    oldest: [Function: Mock] {
      _isMockFunction: [33mtrue[39m,
      getMockImplementation: [36m[Function (anonymous)][39m,
      mock: [36m[Object][39m,
      mockImplementation: [36m[Function: mockImplementation][39m,
      mockImplementationOnce: [36m[Function: mockImplementationOnce][39m,
      withImplementation: [36m[Function: withImplementation][39m,
      mockReturnThis: [36m[Function: mockReturnThis][39m,
      mockReturnValue: [36m[Function: mockReturnValue][39m,
      mockReturnValueOnce: [36m[Function: mockReturnValueOnce][39m,
      mockThrow: [36m[Function: mockThrow][39m,
      mockThrowOnce: [36m[Function: mockThrowOnce][39m,
      mockResolvedValue: [36m[Function: mockResolvedValue][39m,
      mockResolvedValueOnce: [36m[Function: mockResolvedValueOnce][39m,
      mockRejectedValue: [36m[Function: mockRejectedValue][39m,
      mockRejectedValueOnce: [36m[Function: mockRejectedValueOnce][39m,
      mockClear: [36m[Function: mockClear][39m,
      mockReset: [36m[Function: mockReset][39m,
      mockRestore: [36m[Function: mockRestore][39m,
      mockName: [36m[Function: mockName][39m,
      getMockName: [36m[Function: getMockName][39m,
      [32mSymbol(Symbol.dispose)[39m: [36m[Function (anonymous)][39m
    },
    descending: [Function: Mock] {
      _isMockFunction: [33mtrue[39m,
      getMockImplementation: [36m[Function (anonymous)][39m,
      mock: [36m[Object][39m,
      mockImplementation: [36m[Function: mockImplementation][39m,
      mockImplementationOnce: [36m[Function: mockImplementationOnce][39m,
      withImplementation: [36m[Function: withImplementation][39m,
      mockReturnThis: [36m[Function: mockReturnThis][39m,
      mockReturnValue: [36m[Function: mockReturnValue][39m,
      mockReturnValueOnce: [36m[Function: mockReturnValueOnce][39m,
      mockThrow: [36m[Function: mockThrow][39m,
      mockThrowOnce: [36m[Function: mockThrowOnce][39m,
      mockResolvedValue: [36m[Function: mockResolvedValue][39m,
      mockResolvedValueOnce: [36m[Function: mockResolvedValueOnce][39m,
      mockRejectedValue: [36m[Function: mockRejectedValue][39m,
      mockRejectedValueOnce: [36m[Function: mockRejectedValueOnce][39m,
      mockClear: [36m[Function: mockClear][39m,
      mockReset: [36m[Function: mockReset][39m,
      mockRestore: [36m[Function: mockRestore][39m,
      mockName: [36m[Function: mockName][39m,
      getMockName: [36m[Function: getMockName][39m,
      [32mSymbol(Symbol.dispose)[39m: [36m[Function (anonymous)][39m
    },
    ascending: [Function: Mock] {
      _isMockFunction: [33mtrue[39m,
      getMockImplementation: [36m[Function (anonymous)][39m,
      mock: [36m[Object][39m,
      mockImplementation: [36m[Function: mockImplementation][39m,
      mockImplementationOnce: [36m[Function: mockImplementationOnce][39m,
      withImplementation: [36m[Function: withImplementation][39m,
      mockReturnThis: [36m[Function: mockReturnThis][39m,
      mockReturnValue: [36m[Function: mockReturnValue][39m,
      mockReturnValueOnce: [36m[Function: mockReturnValueOnce][39m,
      mockThrow: [36m[Function: mockThrow][39m,
      mockThrowOnce: [36m[Function: mockThrowOnce][39m,
      mockResolvedValue: [36m[Function: mockResolvedValue][39m,
      mockResolvedValueOnce: [36m[Function: mockResolvedValueOnce][39m,
      mockRejectedValue: [36m[Function: mockRejectedValue][39m,
      mockRejectedValueOnce: [36m[Function: mockRejectedValueOnce][39m,
      mockClear: [36m[Function: mockClear][39m,
      mockReset: [36m[Function: mockReset][39m,
      mockRestore: [36m[Function: mockRestore][39m,
      mockName: [36m[Function: mockName][39m,
      getMockName: [36m[Function: getMockName][39m,
      [32mSymbol(Symbol.dispose)[39m: [36m[Function (anonymous)][39m
    },
    filterByField: [Function: Mock] {
      _isMockFunction: [33mtrue[39m,
      getMockImplementation: [36m[Function (anonymous)][39m,
      mock: [36m[Object][39m,
      mockImplementation: [36m[Function: mockImplementation][39m,
      mockImplementationOnce: [36m[Function: mockImplementationOnce][39m,
      withImplementation: [36m[Function: withImplementation][39m,
      mockReturnThis: [36m[Function: mockReturnThis][39m,
      mockReturnValue: [36m[Function: mockReturnValue][39m,
      mockReturnValueOnce: [36m[Function: mockReturnValueOnce][39m,
      mockThrow: [36m[Function: mockThrow][39m,
      mockThrowOnce: [36m[Function: mockThrowOnce][39m,
      mockResolvedValue: [36m[Function: mockResolvedValue][39m,
      mockResolvedValueOnce: [36m[Function: mockResolvedValueOnce][39m,
      mockRejectedValue: [36m[Function: mockRejectedValue][39m,
      mockRejectedValueOnce: [36m[Function: mockRejectedValueOnce][39m,
      mockClear: [36m[Function: mockClear][39m,
      mockReset: [36m[Function: mockReset][39m,
      mockRestore: [36m[Function: mockRestore][39m,
      mockName: [36m[Function: mockName][39m,
      getMockName: [36m[Function: getMockName][39m,
      [32mSymbol(Symbol.dispose)[39m: [36m[Function (anonymous)][39m
    }
  },
  reset: [Function: Mock] {
    _isMockFunction: [33mtrue[39m,
    getMockImplementation: [36m[Function (anonymous)][39m,
    mock: {
      calls: [],
      contexts: [],
      instances: [],
      invocationCallOrder: [],
      settledResults: [],
      results: [],
      lastCall: [36m[Getter][39m
    },
    mockImplementation: [36m[Function: mockImplementation][39m,
    mockImplementationOnce: [36m[Function: mockImplementationOnce][39m,
    withImplementation: [36m[Function: withImplementation][39m,
    mockReturnThis: [36m[Function: mockReturnThis][39m,
    mockReturnValue: [36m[Function: mockReturnValue][39m,
    mockReturnValueOnce: [36m[Function: mockReturnValueOnce][39m,
    mockThrow: [36m[Function: mockThrow][39m,
    mockThrowOnce: [36m[Function: mockThrowOnce][39m,
    mockResolvedValue: [36m[Function: mockResolvedValue][39m,
    mockResolvedValueOnce: [36m[Function: mockResolvedValueOnce][39m,
    mockRejectedValue: [36m[Function: mockRejectedValue][39m,
    mockRejectedValueOnce: [36m[Function: mockRejectedValueOnce][39m,
    mockClear: [36m[Function: mockClear][39m,
    mockReset: [36m[Function: mockReset][39m,
    mockRestore: [36m[Function: mockRestore][39m,
    mockName: [36m[Function: mockName][39m,
    getMockName: [36m[Function: getMockName][39m,
    [32mSymbol(Symbol.dispose)[39m: [36m[Function (anonymous)][39m
  },
  loading: { getAll: [33mfalse[39m },
  pagination: { page: [33m1[39m, limit: [33m10[39m, pages: [33m1[39m, total: [33m0[39m },
  fetch: [Function: Mock] {
    _isMockFunction: [33mtrue[39m,
    getMockImplementation: [36m[Function (anonymous)][39m,
    mock: {
      calls: [],
      contexts: [],
      instances: [],
      invocationCallOrder: [],
      settledResults: [],
      results: [],
      lastCall: [36m[Getter][39m
    },
    mockImplementation: [36m[Function: mockImplementation][39m,
    mockImplementationOnce: [36m[Function: mockImplementationOnce][39m,
    withImplementation: [36m[Function: withImplementation][39m,
    mockReturnThis: [36m[Function: mockReturnThis][39m,
    mockReturnValue: [36m[Function: mockReturnValue][39m,
    mockReturnValueOnce: [36m[Function: mockReturnValueOnce][39m,
    mockThrow: [36m[Function: mockThrow][39m,
    mockThrowOnce: [36m[Function: mockThrowOnce][39m,
    mockResolvedValue: [36m[Function: mockResolvedValue][39m,
    mockResolvedValueOnce: [36m[Function: mockResolvedValueOnce][39m,
    mockRejectedValue: [36m[Function: mockRejectedValue][39m,
    mockRejectedValueOnce: [36m[Function: mockRejectedValueOnce][39m,
    mockClear: [36m[Function: mockClear][39m,
    mockReset: [36m[Function: mockReset][39m,
    mockRestore: [36m[Function: mockRestore][39m,
    mockName: [36m[Function: mockName][39m,
    getMockName: [36m[Function: getMockName][39m,
    [32mSymbol(Symbol.dispose)[39m: [36m[Function (anonymous)][39m
  },
  getQuery: [Function: Mock] {
    _isMockFunction: [33mtrue[39m,
    getMockImplementation: [36m[Function (anonymous)][39m,
    mock: {
      calls: [],
      contexts: [],
      instances: [],
      invocationCallOrder: [],
      settledResults: [],
      results: [],
      lastCall: [36m[Getter][39m
    },
    mockImplementation: [36m[Function: mockImplementation][39m,
    mockImplementationOnce: [36m[Function: mockImplementationOnce][39m,
    withImplementation: [36m[Function: withImplementation][39m,
    mockReturnThis: [36m[Function: mockReturnThis][39m,
    mockReturnValue: [36m[Function: mockReturnValue][39m,
    mockReturnValueOnce: [36m[Function: mockReturnValueOnce][39m,
    mockThrow: [36m[Function: mockThrow][39m,
    mockThrowOnce: [36m[Function: mockThrowOnce][39m,
    mockResolvedValue: [36m[Function: mockResolvedValue][39m,
    mockResolvedValueOnce: [36m[Function: mockResolvedValueOnce][39m,
    mockRejectedValue: [36m[Function: mockRejectedValue][39m,
    mockRejectedValueOnce: [36m[Function: mockRejectedValueOnce][39m,
    mockClear: [36m[Function: mockClear][39m,
    mockReset: [36m[Function: mockReset][39m,
    mockRestore: [36m[Function: mockRestore][39m,
    mockName: [36m[Function: mockName][39m,
    getMockName: [36m[Function: getMockName][39m,
    [32mSymbol(Symbol.dispose)[39m: [36m[Function (anonymous)][39m
  },
  sortByColumn: [Function: Mock] {
    _isMockFunction: [33mtrue[39m,
    getMockImplementation: [36m[Function (anonymous)][39m,
    mock: {
      calls: [],
      contexts: [],
      instances: [],
      invocationCallOrder: [],
      settledResults: [],
      results: [],
      lastCall: [36m[Getter][39m
    },
    mockImplementation: [36m[Function: mockImplementation][39m,
    mockImplementationOnce: [36m[Function: mockImplementationOnce][39m,
    withImplementation: [36m[Function: withImplementation][39m,
    mockReturnThis: [36m[Function: mockReturnThis][39m,
    mockReturnValue: [36m[Function: mockReturnValue][39m,
    mockReturnValueOnce: [36m[Function: mockReturnValueOnce][39m,
    mockThrow: [36m[Function: mockThrow][39m,
    mockThrowOnce: [36m[Function: mockThrowOnce][39m,
    mockResolvedValue: [36m[Function: mockResolvedValue][39m,
    mockResolvedValueOnce: [36m[Function: mockResolvedValueOnce][39m,
    mockRejectedValue: [36m[Function: mockRejectedValue][39m,
    mockRejectedValueOnce: [36m[Function: mockRejectedValueOnce][39m,
    mockClear: [36m[Function: mockClear][39m,
    mockReset: [36m[Function: mockReset][39m,
    mockRestore: [36m[Function: mockRestore][39m,
    mockName: [36m[Function: mockName][39m,
    getMockName: [36m[Function: getMockName][39m,
    [32mSymbol(Symbol.dispose)[39m: [36m[Function (anonymous)][39m
  }
}

stderr | src/test/pages/bill.test.jsx > Bill page > does not refetch when bills are already loaded
An update to Bill inside a test was not wrapped in act(...).

When testing, code that causes React state updates should be wrapped into act(...):

act(() => {
  /* fire events that update state */
});
/* assert on the output */

This ensures that you're testing the behavior the user would see in the browser. Learn more at https://react.dev/link/wrap-tests-with-act

stderr | src/test/pages/bill.test.jsx > Bill page > shows a loading indicator while bills.loading.getAll is true
An update to Bill inside a test was not wrapped in act(...).

When testing, code that causes React state updates should be wrapped into act(...):

act(() => {
  /* fire events that update state */
});
/* assert on the output */

This ensures that you're testing the behavior the user would see in the browser. Learn more at https://react.dev/link/wrap-tests-with-act

stderr | src/test/pages/bill.test.jsx > Bill page > does not render a create button (bills are only created via Bill Creation)
An update to Bill inside a test was not wrapped in act(...).

When testing, code that causes React state updates should be wrapped into act(...):

act(() => {
  /* fire events that update state */
});
/* assert on the output */

This ensures that you're testing the behavior the user would see in the browser. Learn more at https://react.dev/link/wrap-tests-with-act

[90mstdout[2m | src/test/pages/bill.test.jsx[2m > [22m[2mBill page[2m > [22m[2mrenders the row count from bills.state
[22m[39mSkipped: {
  useBillColumns: [Function: Mock] {
    _isMockFunction: [33mtrue[39m,
    getMockImplementation: [36m[Function (anonymous)][39m,
    mock: {
      calls: [36m[Array][39m,
      contexts: [36m[Array][39m,
      instances: [36m[Array][39m,
      invocationCallOrder: [36m[Array][39m,
      settledResults: [36m[Array][39m,
      results: [36m[Array][39m,
      lastCall: [36m[Getter][39m
    },
    mockImplementation: [36m[Function: mockImplementation][39m,
    mockImplementationOnce: [36m[Function: mockImplementationOnce][39m,
    withImplementation: [36m[Function: withImplementation][39m,
    mockReturnThis: [36m[Function: mockReturnThis][39m,
    mockReturnValue: [36m[Function: mockReturnValue][39m,
    mockReturnValueOnce: [36m[Function: mockReturnValueOnce][39m,
    mockThrow: [36m[Function: mockThrow][39m,
    mockThrowOnce: [36m[Function: mockThrowOnce][39m,
    mockResolvedValue: [36m[Function: mockResolvedValue][39m,
    mockResolvedValueOnce: [36m[Function: mockResolvedValueOnce][39m,
    mockRejectedValue: [36m[Function: mockRejectedValue][39m,
    mockRejectedValueOnce: [36m[Function: mockRejectedValueOnce][39m,
    mockClear: [36m[Function: mockClear][39m,
    mockReset: [36m[Function: mockReset][39m,
    mockRestore: [36m[Function: mockRestore][39m,
    mockName: [36m[Function: mockName][39m,
    getMockName: [36m[Function: getMockName][39m,
    [32mSymbol(Symbol.dispose)[39m: [36m[Function (anonymous)][39m
  },
  state: [ { _id: [32m'b1'[39m }, { _id: [32m'b2'[39m }, { _id: [32m'b3'[39m } ],
  filters: {
    latest: [Function: Mock] {
      _isMockFunction: [33mtrue[39m,
      getMockImplementation: [36m[Function (anonymous)][39m,
      mock: [36m[Object][39m,
      mockImplementation: [36m[Function: mockImplementation][39m,
      mockImplementationOnce: [36m[Function: mockImplementationOnce][39m,
      withImplementation: [36m[Function: withImplementation][39m,
      mockReturnThis: [36m[Function: mockReturnThis][39m,
      mockReturnValue: [36m[Function: mockReturnValue][39m,
      mockReturnValueOnce: [36m[Function: mockReturnValueOnce][39m,
      mockThrow: [36m[Function: mockThrow][39m,
      mockThrowOnce: [36m[Function: mockThrowOnce][39m,
      mockResolvedValue: [36m[Function: mockResolvedValue][39m,
      mockResolvedValueOnce: [36m[Function: mockResolvedValueOnce][39m,
      mockRejectedValue: [36m[Function: mockRejectedValue][39m,
      mockRejectedValueOnce: [36m[Function: mockRejectedValueOnce][39m,
      mockClear: [36m[Function: mockClear][39m,
      mockReset: [36m[Function: mockReset][39m,
      mockRestore: [36m[Function: mockRestore][39m,
      mockName: [36m[Function: mockName][39m,
      getMockName: [36m[Function: getMockName][39m,
      [32mSymbol(Symbol.dispose)[39m: [36m[Function (anonymous)][39m
    },
    oldest: [Function: Mock] {
      _isMockFunction: [33mtrue[39m,
      getMockImplementation: [36m[Function (anonymous)][39m,
      mock: [36m[Object][39m,
      mockImplementation: [36m[Function: mockImplementation][39m,
      mockImplementationOnce: [36m[Function: mockImplementationOnce][39m,
      withImplementation: [36m[Function: withImplementation][39m,
      mockReturnThis: [36m[Function: mockReturnThis][39m,
      mockReturnValue: [36m[Function: mockReturnValue][39m,
      mockReturnValueOnce: [36m[Function: mockReturnValueOnce][39m,
      mockThrow: [36m[Function: mockThrow][39m,
      mockThrowOnce: [36m[Function: mockThrowOnce][39m,
      mockResolvedValue: [36m[Function: mockResolvedValue][39m,
      mockResolvedValueOnce: [36m[Function: mockResolvedValueOnce][39m,
      mockRejectedValue: [36m[Function: mockRejectedValue][39m,
      mockRejectedValueOnce: [36m[Function: mockRejectedValueOnce][39m,
      mockClear: [36m[Function: mockClear][39m,
      mockReset: [36m[Function: mockReset][39m,
      mockRestore: [36m[Function: mockRestore][39m,
      mockName: [36m[Function: mockName][39m,
      getMockName: [36m[Function: getMockName][39m,
      [32mSymbol(Symbol.dispose)[39m: [36m[Function (anonymous)][39m
    },
    descending: [Function: Mock] {
      _isMockFunction: [33mtrue[39m,
      getMockImplementation: [36m[Function (anonymous)][39m,
      mock: [36m[Object][39m,
      mockImplementation: [36m[Function: mockImplementation][39m,
      mockImplementationOnce: [36m[Function: mockImplementationOnce][39m,
      withImplementation: [36m[Function: withImplementation][39m,
      mockReturnThis: [36m[Function: mockReturnThis][39m,
      mockReturnValue: [36m[Function: mockReturnValue][39m,
      mockReturnValueOnce: [36m[Function: mockReturnValueOnce][39m,
      mockThrow: [36m[Function: mockThrow][39m,
      mockThrowOnce: [36m[Function: mockThrowOnce][39m,
      mockResolvedValue: [36m[Function: mockResolvedValue][39m,
      mockResolvedValueOnce: [36m[Function: mockResolvedValueOnce][39m,
      mockRejectedValue: [36m[Function: mockRejectedValue][39m,
      mockRejectedValueOnce: [36m[Function: mockRejectedValueOnce][39m,
      mockClear: [36m[Function: mockClear][39m,
      mockReset: [36m[Function: mockReset][39m,
      mockRestore: [36m[Function: mockRestore][39m,
      mockName: [36m[Function: mockName][39m,
      getMockName: [36m[Function: getMockName][39m,
      [32mSymbol(Symbol.dispose)[39m: [36m[Function (anonymous)][39m
    },
    ascending: [Function: Mock] {
      _isMockFunction: [33mtrue[39m,
      getMockImplementation: [36m[Function (anonymous)][39m,
      mock: [36m[Object][39m,
      mockImplementation: [36m[Function: mockImplementation][39m,
      mockImplementationOnce: [36m[Function: mockImplementationOnce][39m,
      withImplementation: [36m[Function: withImplementation][39m,
      mockReturnThis: [36m[Function: mockReturnThis][39m,
      mockReturnValue: [36m[Function: mockReturnValue][39m,
      mockReturnValueOnce: [36m[Function: mockReturnValueOnce][39m,
      mockThrow: [36m[Function: mockThrow][39m,
      mockThrowOnce: [36m[Function: mockThrowOnce][39m,
      mockResolvedValue: [36m[Function: mockResolvedValue][39m,
      mockResolvedValueOnce: [36m[Function: mockResolvedValueOnce][39m,
      mockRejectedValue: [36m[Function: mockRejectedValue][39m,
      mockRejectedValueOnce: [36m[Function: mockRejectedValueOnce][39m,
      mockClear: [36m[Function: mockClear][39m,
      mockReset: [36m[Function: mockReset][39m,
      mockRestore: [36m[Function: mockRestore][39m,
      mockName: [36m[Function: mockName][39m,
      getMockName: [36m[Function: getMockName][39m,
      [32mSymbol(Symbol.dispose)[39m: [36m[Function (anonymous)][39m
    },
    filterByField: [Function: Mock] {
      _isMockFunction: [33mtrue[39m,
      getMockImplementation: [36m[Function (anonymous)][39m,
      mock: [36m[Object][39m,
      mockImplementation: [36m[Function: mockImplementation][39m,
      mockImplementationOnce: [36m[Function: mockImplementationOnce][39m,
      withImplementation: [36m[Function: withImplementation][39m,
      mockReturnThis: [36m[Function: mockReturnThis][39m,
      mockReturnValue: [36m[Function: mockReturnValue][39m,
      mockReturnValueOnce: [36m[Function: mockReturnValueOnce][39m,
      mockThrow: [36m[Function: mockThrow][39m,
      mockThrowOnce: [36m[Function: mockThrowOnce][39m,
      mockResolvedValue: [36m[Function: mockResolvedValue][39m,
      mockResolvedValueOnce: [36m[Function: mockResolvedValueOnce][39m,
      mockRejectedValue: [36m[Function: mockRejectedValue][39m,
      mockRejectedValueOnce: [36m[Function: mockRejectedValueOnce][39m,
      mockClear: [36m[Function: mockClear][39m,
      mockReset: [36m[Function: mockReset][39m,
      mockRestore: [36m[Function: mockRestore][39m,
      mockName: [36m[Function: mockName][39m,
      getMockName: [36m[Function: getMockName][39m,
      [32mSymbol(Symbol.dispose)[39m: [36m[Function (anonymous)][39m
    }
  },
  reset: [Function: Mock] {
    _isMockFunction: [33mtrue[39m,
    getMockImplementation: [36m[Function (anonymous)][39m,
    mock: {
      calls: [],
      contexts: [],
      instances: [],
      invocationCallOrder: [],
      settledResults: [],
      results: [],
      lastCall: [36m[Getter][39m
    },
    mockImplementation: [36m[Function: mockImplementation][39m,
    mockImplementationOnce: [36m[Function: mockImplementationOnce][39m,
    withImplementation: [36m[Function: withImplementation][39m,
    mockReturnThis: [36m[Function: mockReturnThis][39m,
    mockReturnValue: [36m[Function: mockReturnValue][39m,
    mockReturnValueOnce: [36m[Function: mockReturnValueOnce][39m,
    mockThrow: [36m[Function: mockThrow][39m,
    mockThrowOnce: [36m[Function: mockThrowOnce][39m,
    mockResolvedValue: [36m[Function: mockResolvedValue][39m,
    mockResolvedValueOnce: [36m[Function: mockResolvedValueOnce][39m,
    mockRejectedValue: [36m[Function: mockRejectedValue][39m,
    mockRejectedValueOnce: [36m[Function: mockRejectedValueOnce][39m,
    mockClear: [36m[Function: mockClear][39m,
    mockReset: [36m[Function: mockReset][39m,
    mockRestore: [36m[Function: mockRestore][39m,
    mockName: [36m[Function: mockName][39m,
    getMockName: [36m[Function: getMockName][39m,
    [32mSymbol(Symbol.dispose)[39m: [36m[Function (anonymous)][39m
  },
  loading: { getAll: [33mfalse[39m },
  pagination: { page: [33m1[39m, limit: [33m10[39m, pages: [33m1[39m, total: [33m0[39m },
  fetch: [Function: Mock] {
    _isMockFunction: [33mtrue[39m,
    getMockImplementation: [36m[Function (anonymous)][39m,
    mock: {
      calls: [],
      contexts: [],
      instances: [],
      invocationCallOrder: [],
      settledResults: [],
      results: [],
      lastCall: [36m[Getter][39m
    },
    mockImplementation: [36m[Function: mockImplementation][39m,
    mockImplementationOnce: [36m[Function: mockImplementationOnce][39m,
    withImplementation: [36m[Function: withImplementation][39m,
    mockReturnThis: [36m[Function: mockReturnThis][39m,
    mockReturnValue: [36m[Function: mockReturnValue][39m,
    mockReturnValueOnce: [36m[Function: mockReturnValueOnce][39m,
    mockThrow: [36m[Function: mockThrow][39m,
    mockThrowOnce: [36m[Function: mockThrowOnce][39m,
    mockResolvedValue: [36m[Function: mockResolvedValue][39m,
    mockResolvedValueOnce: [36m[Function: mockResolvedValueOnce][39m,
    mockRejectedValue: [36m[Function: mockRejectedValue][39m,
    mockRejectedValueOnce: [36m[Function: mockRejectedValueOnce][39m,
    mockClear: [36m[Function: mockClear][39m,
    mockReset: [36m[Function: mockReset][39m,
    mockRestore: [36m[Function: mockRestore][39m,
    mockName: [36m[Function: mockName][39m,
    getMockName: [36m[Function: getMockName][39m,
    [32mSymbol(Symbol.dispose)[39m: [36m[Function (anonymous)][39m
  },
  getQuery: [Function: Mock] {
    _isMockFunction: [33mtrue[39m,
    getMockImplementation: [36m[Function (anonymous)][39m,
    mock: {
      calls: [],
      contexts: [],
      instances: [],
      invocationCallOrder: [],
      settledResults: [],
      results: [],
      lastCall: [36m[Getter][39m
    },
    mockImplementation: [36m[Function: mockImplementation][39m,
    mockImplementationOnce: [36m[Function: mockImplementationOnce][39m,
    withImplementation: [36m[Function: withImplementation][39m,
    mockReturnThis: [36m[Function: mockReturnThis][39m,
    mockReturnValue: [36m[Function: mockReturnValue][39m,
    mockReturnValueOnce: [36m[Function: mockReturnValueOnce][39m,
    mockThrow: [36m[Function: mockThrow][39m,
    mockThrowOnce: [36m[Function: mockThrowOnce][39m,
    mockResolvedValue: [36m[Function: mockResolvedValue][39m,
    mockResolvedValueOnce: [36m[Function: mockResolvedValueOnce][39m,
    mockRejectedValue: [36m[Function: mockRejectedValue][39m,
    mockRejectedValueOnce: [36m[Function: mockRejectedValueOnce][39m,
    mockClear: [36m[Function: mockClear][39m,
    mockReset: [36m[Function: mockReset][39m,
    mockRestore: [36m[Function: mockRestore][39m,
    mockName: [36m[Function: mockName][39m,
    getMockName: [36m[Function: getMockName][39m,
    [32mSymbol(Symbol.dispose)[39m: [36m[Function (anonymous)][39m
  },
  sortByColumn: [Function: Mock] {
    _isMockFunction: [33mtrue[39m,
    getMockImplementation: [36m[Function (anonymous)][39m,
    mock: {
      calls: [],
      contexts: [],
      instances: [],
      invocationCallOrder: [],
      settledResults: [],
      results: [],
      lastCall: [36m[Getter][39m
    },
    mockImplementation: [36m[Function: mockImplementation][39m,
    mockImplementationOnce: [36m[Function: mockImplementationOnce][39m,
    withImplementation: [36m[Function: withImplementation][39m,
    mockReturnThis: [36m[Function: mockReturnThis][39m,
    mockReturnValue: [36m[Function: mockReturnValue][39m,
    mockReturnValueOnce: [36m[Function: mockReturnValueOnce][39m,
    mockThrow: [36m[Function: mockThrow][39m,
    mockThrowOnce: [36m[Function: mockThrowOnce][39m,
    mockResolvedValue: [36m[Function: mockResolvedValue][39m,
    mockResolvedValueOnce: [36m[Function: mockResolvedValueOnce][39m,
    mockRejectedValue: [36m[Function: mockRejectedValue][39m,
    mockRejectedValueOnce: [36m[Function: mockRejectedValueOnce][39m,
    mockClear: [36m[Function: mockClear][39m,
    mockReset: [36m[Function: mockReset][39m,
    mockRestore: [36m[Function: mockRestore][39m,
    mockName: [36m[Function: mockName][39m,
    getMockName: [36m[Function: getMockName][39m,
    [32mSymbol(Symbol.dispose)[39m: [36m[Function (anonymous)][39m
  }
}

stderr | src/test/pages/bill.test.jsx > Bill page > renders the row count from bills.state
An update to Bill inside a test was not wrapped in act(...).

When testing, code that causes React state updates should be wrapped into act(...):

act(() => {
  /* fire events that update state */
});
/* assert on the output */

This ensures that you're testing the behavior the user would see in the browser. Learn more at https://react.dev/link/wrap-tests-with-act

 [32mΓ£ô[39m src/test/pages/bill.test.jsx [2m([22m[2m15 tests[22m[2m)[22m[33m 1553[2mms[22m[39m
     [33m[2mΓ£ô[22m[39m does not render a create button (bills are only created via Bill Creation) [33m 511[2mms[22m[39m
 [32mΓ£ô[39m src/test/contexts/auth.context.test.jsx [2m([22m[2m14 tests[22m[2m)[22m[33m 1076[2mms[22m[39m
stderr | src/test/pages/branch.test.jsx > Branch page > loads branches on mount when the list is empty
An update to Branch inside a test was not wrapped in act(...).

When testing, code that causes React state updates should be wrapped into act(...):

act(() => {
  /* fire events that update state */
});
/* assert on the output */

This ensures that you're testing the behavior the user would see in the browser. Learn more at https://react.dev/link/wrap-tests-with-act

[90mstdout[2m | src/test/pages/branch.test.jsx[2m > [22m[2mBranch page[2m > [22m[2mdoes not refetch when branches are already loaded
[22m[39mSkipped: {
  useBranchColumns: [Function: Mock] {
    _isMockFunction: [33mtrue[39m,
    getMockImplementation: [36m[Function (anonymous)][39m,
    mock: {
      calls: [36m[Array][39m,
      contexts: [36m[Array][39m,
      instances: [36m[Array][39m,
      invocationCallOrder: [36m[Array][39m,
      settledResults: [36m[Array][39m,
      results: [36m[Array][39m,
      lastCall: [36m[Getter][39m
    },
    mockImplementation: [36m[Function: mockImplementation][39m,
    mockImplementationOnce: [36m[Function: mockImplementationOnce][39m,
    withImplementation: [36m[Function: withImplementation][39m,
    mockReturnThis: [36m[Function: mockReturnThis][39m,
    mockReturnValue: [36m[Function: mockReturnValue][39m,
    mockReturnValueOnce: [36m[Function: mockReturnValueOnce][39m,
    mockThrow: [36m[Function: mockThrow][39m,
    mockThrowOnce: [36m[Function: mockThrowOnce][39m,
    mockResolvedValue: [36m[Function: mockResolvedValue][39m,
    mockResolvedValueOnce: [36m[Function: mockResolvedValueOnce][39m,
    mockRejectedValue: [36m[Function: mockRejectedValue][39m,
    mockRejectedValueOnce: [36m[Function: mockRejectedValueOnce][39m,
    mockClear: [36m[Function: mockClear][39m,
    mockReset: [36m[Function: mockReset][39m,
    mockRestore: [36m[Function: mockRestore][39m,
    mockName: [36m[Function: mockName][39m,
    getMockName: [36m[Function: getMockName][39m,
    [32mSymbol(Symbol.dispose)[39m: [36m[Function (anonymous)][39m
  },
  state: [ { _id: [32m'b1'[39m } ],
  filters: {
    latest: [Function: Mock] {
      _isMockFunction: [33mtrue[39m,
      getMockImplementation: [36m[Function (anonymous)][39m,
      mock: [36m[Object][39m,
      mockImplementation: [36m[Function: mockImplementation][39m,
      mockImplementationOnce: [36m[Function: mockImplementationOnce][39m,
      withImplementation: [36m[Function: withImplementation][39m,
      mockReturnThis: [36m[Function: mockReturnThis][39m,
      mockReturnValue: [36m[Function: mockReturnValue][39m,
      mockReturnValueOnce: [36m[Function: mockReturnValueOnce][39m,
      mockThrow: [36m[Function: mockThrow][39m,
      mockThrowOnce: [36m[Function: mockThrowOnce][39m,
      mockResolvedValue: [36m[Function: mockResolvedValue][39m,
      mockResolvedValueOnce: [36m[Function: mockResolvedValueOnce][39m,
      mockRejectedValue: [36m[Function: mockRejectedValue][39m,
      mockRejectedValueOnce: [36m[Function: mockRejectedValueOnce][39m,
      mockClear: [36m[Function: mockClear][39m,
      mockReset: [36m[Function: mockReset][39m,
      mockRestore: [36m[Function: mockRestore][39m,
      mockName: [36m[Function: mockName][39m,
      getMockName: [36m[Function: getMockName][39m,
      [32mSymbol(Symbol.dispose)[39m: [36m[Function (anonymous)][39m
    },
    oldest: [Function: Mock] {
      _isMockFunction: [33mtrue[39m,
      getMockImplementation: [36m[Function (anonymous)][39m,
      mock: [36m[Object][39m,
      mockImplementation: [36m[Function: mockImplementation][39m,
      mockImplementationOnce: [36m[Function: mockImplementationOnce][39m,
      withImplementation: [36m[Function: withImplementation][39m,
      mockReturnThis: [36m[Function: mockReturnThis][39m,
      mockReturnValue: [36m[Function: mockReturnValue][39m,
      mockReturnValueOnce: [36m[Function: mockReturnValueOnce][39m,
      mockThrow: [36m[Function: mockThrow][39m,
      mockThrowOnce: [36m[Function: mockThrowOnce][39m,
      mockResolvedValue: [36m[Function: mockResolvedValue][39m,
      mockResolvedValueOnce: [36m[Function: mockResolvedValueOnce][39m,
      mockRejectedValue: [36m[Function: mockRejectedValue][39m,
      mockRejectedValueOnce: [36m[Function: mockRejectedValueOnce][39m,
      mockClear: [36m[Function: mockClear][39m,
      mockReset: [36m[Function: mockReset][39m,
      mockRestore: [36m[Function: mockRestore][39m,
      mockName: [36m[Function: mockName][39m,
      getMockName: [36m[Function: getMockName][39m,
      [32mSymbol(Symbol.dispose)[39m: [36m[Function (anonymous)][39m
    },
    ascending: [Function: Mock] {
      _isMockFunction: [33mtrue[39m,
      getMockImplementation: [36m[Function (anonymous)][39m,
      mock: [36m[Object][39m,
      mockImplementation: [36m[Function: mockImplementation][39m,
      mockImplementationOnce: [36m[Function: mockImplementationOnce][39m,
      withImplementation: [36m[Function: withImplementation][39m,
      mockReturnThis: [36m[Function: mockReturnThis][39m,
      mockReturnValue: [36m[Function: mockReturnValue][39m,
      mockReturnValueOnce: [36m[Function: mockReturnValueOnce][39m,
      mockThrow: [36m[Function: mockThrow][39m,
      mockThrowOnce: [36m[Function: mockThrowOnce][39m,
      mockResolvedValue: [36m[Function: mockResolvedValue][39m,
      mockResolvedValueOnce: [36m[Function: mockResolvedValueOnce][39m,
      mockRejectedValue: [36m[Function: mockRejectedValue][39m,
      mockRejectedValueOnce: [36m[Function: mockRejectedValueOnce][39m,
      mockClear: [36m[Function: mockClear][39m,
      mockReset: [36m[Function: mockReset][39m,
      mockRestore: [36m[Function: mockRestore][39m,
      mockName: [36m[Function: mockName][39m,
      getMockName: [36m[Function: getMockName][39m,
      [32mSymbol(Symbol.dispose)[39m: [36m[Function (anonymous)][39m
    },
    descending: [Function: Mock] {
      _isMockFunction: [33mtrue[39m,
      getMockImplementation: [36m[Function (anonymous)][39m,
      mock: [36m[Object][39m,
      mockImplementation: [36m[Function: mockImplementation][39m,
      mockImplementationOnce: [36m[Function: mockImplementationOnce][39m,
      withImplementation: [36m[Function: withImplementation][39m,
      mockReturnThis: [36m[Function: mockReturnThis][39m,
      mockReturnValue: [36m[Function: mockReturnValue][39m,
      mockReturnValueOnce: [36m[Function: mockReturnValueOnce][39m,
      mockThrow: [36m[Function: mockThrow][39m,
      mockThrowOnce: [36m[Function: mockThrowOnce][39m,
      mockResolvedValue: [36m[Function: mockResolvedValue][39m,
      mockResolvedValueOnce: [36m[Function: mockResolvedValueOnce][39m,
      mockRejectedValue: [36m[Function: mockRejectedValue][39m,
      mockRejectedValueOnce: [36m[Function: mockRejectedValueOnce][39m,
      mockClear: [36m[Function: mockClear][39m,
      mockReset: [36m[Function: mockReset][39m,
      mockRestore: [36m[Function: mockRestore][39m,
      mockName: [36m[Function: mockName][39m,
      getMockName: [36m[Function: getMockName][39m,
      [32mSymbol(Symbol.dispose)[39m: [36m[Function (anonymous)][39m
    }
  },
  reset: [Function: Mock] {
    _isMockFunction: [33mtrue[39m,
    getMockImplementation: [36m[Function (anonymous)][39m,
    mock: {
      calls: [],
      contexts: [],
      instances: [],
      invocationCallOrder: [],
      settledResults: [],
      results: [],
      lastCall: [36m[Getter][39m
    },
    mockImplementation: [36m[Function: mockImplementation][39m,
    mockImplementationOnce: [36m[Function: mockImplementationOnce][39m,
    withImplementation: [36m[Function: withImplementation][39m,
    mockReturnThis: [36m[Function: mockReturnThis][39m,
    mockReturnValue: [36m[Function: mockReturnValue][39m,
    mockReturnValueOnce: [36m[Function: mockReturnValueOnce][39m,
    mockThrow: [36m[Function: mockThrow][39m,
    mockThrowOnce: [36m[Function: mockThrowOnce][39m,
    mockResolvedValue: [36m[Function: mockResolvedValue][39m,
    mockResolvedValueOnce: [36m[Function: mockResolvedValueOnce][39m,
    mockRejectedValue: [36m[Function: mockRejectedValue][39m,
    mockRejectedValueOnce: [36m[Function: mockRejectedValueOnce][39m,
    mockClear: [36m[Function: mockClear][39m,
    mockReset: [36m[Function: mockReset][39m,
    mockRestore: [36m[Function: mockRestore][39m,
    mockName: [36m[Function: mockName][39m,
    getMockName: [36m[Function: getMockName][39m,
    [32mSymbol(Symbol.dispose)[39m: [36m[Function (anonymous)][39m
  },
  openCreate: [Function: Mock] {
    _isMockFunction: [33mtrue[39m,
    getMockImplementation: [36m[Function (anonymous)][39m,
    mock: {
      calls: [],
      contexts: [],
      instances: [],
      invocationCallOrder: [],
      settledResults: [],
      results: [],
      lastCall: [36m[Getter][39m
    },
    mockImplementation: [36m[Function: mockImplementation][39m,
    mockImplementationOnce: [36m[Function: mockImplementationOnce][39m,
    withImplementation: [36m[Function: withImplementation][39m,
    mockReturnThis: [36m[Function: mockReturnThis][39m,
    mockReturnValue: [36m[Function: mockReturnValue][39m,
    mockReturnValueOnce: [36m[Function: mockReturnValueOnce][39m,
    mockThrow: [36m[Function: mockThrow][39m,
    mockThrowOnce: [36m[Function: mockThrowOnce][39m,
    mockResolvedValue: [36m[Function: mockResolvedValue][39m,
    mockResolvedValueOnce: [36m[Function: mockResolvedValueOnce][39m,
    mockRejectedValue: [36m[Function: mockRejectedValue][39m,
    mockRejectedValueOnce: [36m[Function: mockRejectedValueOnce][39m,
    mockClear: [36m[Function: mockClear][39m,
    mockReset: [36m[Function: mockReset][39m,
    mockRestore: [36m[Function: mockRestore][39m,
    mockName: [36m[Function: mockName][39m,
    getMockName: [36m[Function: getMockName][39m,
    [32mSymbol(Symbol.dispose)[39m: [36m[Function (anonymous)][39m
  },
  loading: { getAll: [33mfalse[39m },
  pagination: { page: [33m1[39m, limit: [33m10[39m, pages: [33m1[39m, total: [33m0[39m },
  fetch: [Function: Mock] {
    _isMockFunction: [33mtrue[39m,
    getMockImplementation: [36m[Function (anonymous)][39m,
    mock: {
      calls: [],
      contexts: [],
      instances: [],
      invocationCallOrder: [],
      settledResults: [],
      results: [],
      lastCall: [36m[Getter][39m
    },
    mockImplementation: [36m[Function: mockImplementation][39m,
    mockImplementationOnce: [36m[Function: mockImplementationOnce][39m,
    withImplementation: [36m[Function: withImplementation][39m,
    mockReturnThis: [36m[Function: mockReturnThis][39m,
    mockReturnValue: [36m[Function: mockReturnValue][39m,
    mockReturnValueOnce: [36m[Function: mockReturnValueOnce][39m,
    mockThrow: [36m[Function: mockThrow][39m,
    mockThrowOnce: [36m[Function: mockThrowOnce][39m,
    mockResolvedValue: [36m[Function: mockResolvedValue][39m,
    mockResolvedValueOnce: [36m[Function: mockResolvedValueOnce][39m,
    mockRejectedValue: [36m[Function: mockRejectedValue][39m,
    mockRejectedValueOnce: [36m[Function: mockRejectedValueOnce][39m,
    mockClear: [36m[Function: mockClear][39m,
    mockReset: [36m[Function: mockReset][39m,
    mockRestore: [36m[Function: mockRestore][39m,
    mockName: [36m[Function: mockName][39m,
    getMockName: [36m[Function: getMockName][39m,
    [32mSymbol(Symbol.dispose)[39m: [36m[Function (anonymous)][39m
  },
  getQuery: [Function: Mock] {
    _isMockFunction: [33mtrue[39m,
    getMockImplementation: [36m[Function (anonymous)][39m,
    mock: {
      calls: [],
      contexts: [],
      instances: [],
      invocationCallOrder: [],
      settledResults: [],
      results: [],
      lastCall: [36m[Getter][39m
    },
    mockImplementation: [36m[Function: mockImplementation][39m,
    mockImplementationOnce: [36m[Function: mockImplementationOnce][39m,
    withImplementation: [36m[Function: withImplementation][39m,
    mockReturnThis: [36m[Function: mockReturnThis][39m,
    mockReturnValue: [36m[Function: mockReturnValue][39m,
    mockReturnValueOnce: [36m[Function: mockReturnValueOnce][39m,
    mockThrow: [36m[Function: mockThrow][39m,
    mockThrowOnce: [36m[Function: mockThrowOnce][39m,
    mockResolvedValue: [36m[Function: mockResolvedValue][39m,
    mockResolvedValueOnce: [36m[Function: mockResolvedValueOnce][39m,
    mockRejectedValue: [36m[Function: mockRejectedValue][39m,
    mockRejectedValueOnce: [36m[Function: mockRejectedValueOnce][39m,
    mockClear: [36m[Function: mockClear][39m,
    mockReset: [36m[Function: mockReset][39m,
    mockRestore: [36m[Function: mockRestore][39m,
    mockName: [36m[Function: mockName][39m,
    getMockName: [36m[Function: getMockName][39m,
    [32mSymbol(Symbol.dispose)[39m: [36m[Function (anonymous)][39m
  },
  sortByColumn: [Function: Mock] {
    _isMockFunction: [33mtrue[39m,
    getMockImplementation: [36m[Function (anonymous)][39m,
    mock: {
      calls: [],
      contexts: [],
      instances: [],
      invocationCallOrder: [],
      settledResults: [],
      results: [],
      lastCall: [36m[Getter][39m
    },
    mockImplementation: [36m[Function: mockImplementation][39m,
    mockImplementationOnce: [36m[Function: mockImplementationOnce][39m,
    withImplementation: [36m[Function: withImplementation][39m,
    mockReturnThis: [36m[Function: mockReturnThis][39m,
    mockReturnValue: [36m[Function: mockReturnValue][39m,
    mockReturnValueOnce: [36m[Function: mockReturnValueOnce][39m,
    mockThrow: [36m[Function: mockThrow][39m,
    mockThrowOnce: [36m[Function: mockThrowOnce][39m,
    mockResolvedValue: [36m[Function: mockResolvedValue][39m,
    mockResolvedValueOnce: [36m[Function: mockResolvedValueOnce][39m,
    mockRejectedValue: [36m[Function: mockRejectedValue][39m,
    mockRejectedValueOnce: [36m[Function: mockRejectedValueOnce][39m,
    mockClear: [36m[Function: mockClear][39m,
    mockReset: [36m[Function: mockReset][39m,
    mockRestore: [36m[Function: mockRestore][39m,
    mockName: [36m[Function: mockName][39m,
    getMockName: [36m[Function: getMockName][39m,
    [32mSymbol(Symbol.dispose)[39m: [36m[Function (anonymous)][39m
  }
}

stderr | src/test/pages/branch.test.jsx > Branch page > does not refetch when branches are already loaded
An update to Branch inside a test was not wrapped in act(...).

When testing, code that causes React state updates should be wrapped into act(...):

act(() => {
  /* fire events that update state */
});
/* assert on the output */

This ensures that you're testing the behavior the user would see in the browser. Learn more at https://react.dev/link/wrap-tests-with-act

stderr | src/test/pages/branch.test.jsx > Branch page > shows a loading indicator while branches.loading.getAll is true
An update to Branch inside a test was not wrapped in act(...).

When testing, code that causes React state updates should be wrapped into act(...):

act(() => {
  /* fire events that update state */
});
/* assert on the output */

This ensures that you're testing the behavior the user would see in the browser. Learn more at https://react.dev/link/wrap-tests-with-act

[90mstdout[2m | src/test/pages/branch.test.jsx[2m > [22m[2mBranch page[2m > [22m[2mrenders the row count from branches.state
[22m[39mSkipped: {
  useBranchColumns: [Function: Mock] {
    _isMockFunction: [33mtrue[39m,
    getMockImplementation: [36m[Function (anonymous)][39m,
    mock: {
      calls: [36m[Array][39m,
      contexts: [36m[Array][39m,
      instances: [36m[Array][39m,
      invocationCallOrder: [36m[Array][39m,
      settledResults: [36m[Array][39m,
      results: [36m[Array][39m,
      lastCall: [36m[Getter][39m
    },
    mockImplementation: [36m[Function: mockImplementation][39m,
    mockImplementationOnce: [36m[Function: mockImplementationOnce][39m,
    withImplementation: [36m[Function: withImplementation][39m,
    mockReturnThis: [36m[Function: mockReturnThis][39m,
    mockReturnValue: [36m[Function: mockReturnValue][39m,
    mockReturnValueOnce: [36m[Function: mockReturnValueOnce][39m,
    mockThrow: [36m[Function: mockThrow][39m,
    mockThrowOnce: [36m[Function: mockThrowOnce][39m,
    mockResolvedValue: [36m[Function: mockResolvedValue][39m,
    mockResolvedValueOnce: [36m[Function: mockResolvedValueOnce][39m,
    mockRejectedValue: [36m[Function: mockRejectedValue][39m,
    mockRejectedValueOnce: [36m[Function: mockRejectedValueOnce][39m,
    mockClear: [36m[Function: mockClear][39m,
    mockReset: [36m[Function: mockReset][39m,
    mockRestore: [36m[Function: mockRestore][39m,
    mockName: [36m[Function: mockName][39m,
    getMockName: [36m[Function: getMockName][39m,
    [32mSymbol(Symbol.dispose)[39m: [36m[Function (anonymous)][39m
  },
  state: [ { _id: [32m'b1'[39m }, { _id: [32m'b2'[39m } ],
  filters: {
    latest: [Function: Mock] {
      _isMockFunction: [33mtrue[39m,
      getMockImplementation: [36m[Function (anonymous)][39m,
      mock: [36m[Object][39m,
      mockImplementation: [36m[Function: mockImplementation][39m,
      mockImplementationOnce: [36m[Function: mockImplementationOnce][39m,
      withImplementation: [36m[Function: withImplementation][39m,
      mockReturnThis: [36m[Function: mockReturnThis][39m,
      mockReturnValue: [36m[Function: mockReturnValue][39m,
      mockReturnValueOnce: [36m[Function: mockReturnValueOnce][39m,
      mockThrow: [36m[Function: mockThrow][39m,
      mockThrowOnce: [36m[Function: mockThrowOnce][39m,
      mockResolvedValue: [36m[Function: mockResolvedValue][39m,
      mockResolvedValueOnce: [36m[Function: mockResolvedValueOnce][39m,
      mockRejectedValue: [36m[Function: mockRejectedValue][39m,
      mockRejectedValueOnce: [36m[Function: mockRejectedValueOnce][39m,
      mockClear: [36m[Function: mockClear][39m,
      mockReset: [36m[Function: mockReset][39m,
      mockRestore: [36m[Function: mockRestore][39m,
      mockName: [36m[Function: mockName][39m,
      getMockName: [36m[Function: getMockName][39m,
      [32mSymbol(Symbol.dispose)[39m: [36m[Function (anonymous)][39m
    },
    oldest: [Function: Mock] {
      _isMockFunction: [33mtrue[39m,
      getMockImplementation: [36m[Function (anonymous)][39m,
      mock: [36m[Object][39m,
      mockImplementation: [36m[Function: mockImplementation][39m,
      mockImplementationOnce: [36m[Function: mockImplementationOnce][39m,
      withImplementation: [36m[Function: withImplementation][39m,
      mockReturnThis: [36m[Function: mockReturnThis][39m,
      mockReturnValue: [36m[Function: mockReturnValue][39m,
      mockReturnValueOnce: [36m[Function: mockReturnValueOnce][39m,
      mockThrow: [36m[Function: mockThrow][39m,
      mockThrowOnce: [36m[Function: mockThrowOnce][39m,
      mockResolvedValue: [36m[Function: mockResolvedValue][39m,
      mockResolvedValueOnce: [36m[Function: mockResolvedValueOnce][39m,
      mockRejectedValue: [36m[Function: mockRejectedValue][39m,
      mockRejectedValueOnce: [36m[Function: mockRejectedValueOnce][39m,
      mockClear: [36m[Function: mockClear][39m,
      mockReset: [36m[Function: mockReset][39m,
      mockRestore: [36m[Function: mockRestore][39m,
      mockName: [36m[Function: mockName][39m,
      getMockName: [36m[Function: getMockName][39m,
      [32mSymbol(Symbol.dispose)[39m: [36m[Function (anonymous)][39m
    },
    ascending: [Function: Mock] {
      _isMockFunction: [33mtrue[39m,
      getMockImplementation: [36m[Function (anonymous)][39m,
      mock: [36m[Object][39m,
      mockImplementation: [36m[Function: mockImplementation][39m,
      mockImplementationOnce: [36m[Function: mockImplementationOnce][39m,
      withImplementation: [36m[Function: withImplementation][39m,
      mockReturnThis: [36m[Function: mockReturnThis][39m,
      mockReturnValue: [36m[Function: mockReturnValue][39m,
      mockReturnValueOnce: [36m[Function: mockReturnValueOnce][39m,
      mockThrow: [36m[Function: mockThrow][39m,
      mockThrowOnce: [36m[Function: mockThrowOnce][39m,
      mockResolvedValue: [36m[Function: mockResolvedValue][39m,
      mockResolvedValueOnce: [36m[Function: mockResolvedValueOnce][39m,
      mockRejectedValue: [36m[Function: mockRejectedValue][39m,
      mockRejectedValueOnce: [36m[Function: mockRejectedValueOnce][39m,
      mockClear: [36m[Function: mockClear][39m,
      mockReset: [36m[Function: mockReset][39m,
      mockRestore: [36m[Function: mockRestore][39m,
      mockName: [36m[Function: mockName][39m,
      getMockName: [36m[Function: getMockName][39m,
      [32mSymbol(Symbol.dispose)[39m: [36m[Function (anonymous)][39m
    },
    descending: [Function: Mock] {
      _isMockFunction: [33mtrue[39m,
      getMockImplementation: [36m[Function (anonymous)][39m,
      mock: [36m[Object][39m,
      mockImplementation: [36m[Function: mockImplementation][39m,
      mockImplementationOnce: [36m[Function: mockImplementationOnce][39m,
      withImplementation: [36m[Function: withImplementation][39m,
      mockReturnThis: [36m[Function: mockReturnThis][39m,
      mockReturnValue: [36m[Function: mockReturnValue][39m,
      mockReturnValueOnce: [36m[Function: mockReturnValueOnce][39m,
      mockThrow: [36m[Function: mockThrow][39m,
      mockThrowOnce: [36m[Function: mockThrowOnce][39m,
      mockResolvedValue: [36m[Function: mockResolvedValue][39m,
      mockResolvedValueOnce: [36m[Function: mockResolvedValueOnce][39m,
      mockRejectedValue: [36m[Function: mockRejectedValue][39m,
      mockRejectedValueOnce: [36m[Function: mockRejectedValueOnce][39m,
      mockClear: [36m[Function: mockClear][39m,
      mockReset: [36m[Function: mockReset][39m,
      mockRestore: [36m[Function: mockRestore][39m,
      mockName: [36m[Function: mockName][39m,
      getMockName: [36m[Function: getMockName][39m,
      [32mSymbol(Symbol.dispose)[39m: [36m[Function (anonymous)][39m
    }
  },
  reset: [Function: Mock] {
    _isMockFunction: [33mtrue[39m,
    getMockImplementation: [36m[Function (anonymous)][39m,
    mock: {
      calls: [],
      contexts: [],
      instances: [],
      invocationCallOrder: [],
      settledResults: [],
      results: [],
      lastCall: [36m[Getter][39m
    },
    mockImplementation: [36m[Function: mockImplementation][39m,
    mockImplementationOnce: [36m[Function: mockImplementationOnce][39m,
    withImplementation: [36m[Function: withImplementation][39m,
    mockReturnThis: [36m[Function: mockReturnThis][39m,
    mockReturnValue: [36m[Function: mockReturnValue][39m,
    mockReturnValueOnce: [36m[Function: mockReturnValueOnce][39m,
    mockThrow: [36m[Function: mockThrow][39m,
    mockThrowOnce: [36m[Function: mockThrowOnce][39m,
    mockResolvedValue: [36m[Function: mockResolvedValue][39m,
    mockResolvedValueOnce: [36m[Function: mockResolvedValueOnce][39m,
    mockRejectedValue: [36m[Function: mockRejectedValue][39m,
    mockRejectedValueOnce: [36m[Function: mockRejectedValueOnce][39m,
    mockClear: [36m[Function: mockClear][39m,
    mockReset: [36m[Function: mockReset][39m,
    mockRestore: [36m[Function: mockRestore][39m,
    mockName: [36m[Function: mockName][39m,
    getMockName: [36m[Function: getMockName][39m,
    [32mSymbol(Symbol.dispose)[39m: [36m[Function (anonymous)][39m
  },
  openCreate: [Function: Mock] {
    _isMockFunction: [33mtrue[39m,
    getMockImplementation: [36m[Function (anonymous)][39m,
    mock: {
      calls: [],
      contexts: [],
      instances: [],
      invocationCallOrder: [],
      settledResults: [],
      results: [],
      lastCall: [36m[Getter][39m
    },
    mockImplementation: [36m[Function: mockImplementation][39m,
    mockImplementationOnce: [36m[Function: mockImplementationOnce][39m,
    withImplementation: [36m[Function: withImplementation][39m,
    mockReturnThis: [36m[Function: mockReturnThis][39m,
    mockReturnValue: [36m[Function: mockReturnValue][39m,
    mockReturnValueOnce: [36m[Function: mockReturnValueOnce][39m,
    mockThrow: [36m[Function: mockThrow][39m,
    mockThrowOnce: [36m[Function: mockThrowOnce][39m,
    mockResolvedValue: [36m[Function: mockResolvedValue][39m,
    mockResolvedValueOnce: [36m[Function: mockResolvedValueOnce][39m,
    mockRejectedValue: [36m[Function: mockRejectedValue][39m,
    mockRejectedValueOnce: [36m[Function: mockRejectedValueOnce][39m,
    mockClear: [36m[Function: mockClear][39m,
    mockReset: [36m[Function: mockReset][39m,
    mockRestore: [36m[Function: mockRestore][39m,
    mockName: [36m[Function: mockName][39m,
    getMockName: [36m[Function: getMockName][39m,
    [32mSymbol(Symbol.dispose)[39m: [36m[Function (anonymous)][39m
  },
  loading: { getAll: [33mfalse[39m },
  pagination: { page: [33m1[39m, limit: [33m10[39m, pages: [33m1[39m, total: [33m0[39m },
  fetch: [Function: Mock] {
    _isMockFunction: [33mtrue[39m,
    getMockImplementation: [36m[Function (anonymous)][39m,
    mock: {
      calls: [],
      contexts: [],
      instances: [],
      invocationCallOrder: [],
      settledResults: [],
      results: [],
      lastCall: [36m[Getter][39m
    },
    mockImplementation: [36m[Function: mockImplementation][39m,
    mockImplementationOnce: [36m[Function: mockImplementationOnce][39m,
    withImplementation: [36m[Function: withImplementation][39m,
    mockReturnThis: [36m[Function: mockReturnThis][39m,
    mockReturnValue: [36m[Function: mockReturnValue][39m,
    mockReturnValueOnce: [36m[Function: mockReturnValueOnce][39m,
    mockThrow: [36m[Function: mockThrow][39m,
    mockThrowOnce: [36m[Function: mockThrowOnce][39m,
    mockResolvedValue: [36m[Function: mockResolvedValue][39m,
    mockResolvedValueOnce: [36m[Function: mockResolvedValueOnce][39m,
    mockRejectedValue: [36m[Function: mockRejectedValue][39m,
    mockRejectedValueOnce: [36m[Function: mockRejectedValueOnce][39m,
    mockClear: [36m[Function: mockClear][39m,
    mockReset: [36m[Function: mockReset][39m,
    mockRestore: [36m[Function: mockRestore][39m,
    mockName: [36m[Function: mockName][39m,
    getMockName: [36m[Function: getMockName][39m,
    [32mSymbol(Symbol.dispose)[39m: [36m[Function (anonymous)][39m
  },
  getQuery: [Function: Mock] {
    _isMockFunction: [33mtrue[39m,
    getMockImplementation: [36m[Function (anonymous)][39m,
    mock: {
      calls: [],
      contexts: [],
      instances: [],
      invocationCallOrder: [],
      settledResults: [],
      results: [],
      lastCall: [36m[Getter][39m
    },
    mockImplementation: [36m[Function: mockImplementation][39m,
    mockImplementationOnce: [36m[Function: mockImplementationOnce][39m,
    withImplementation: [36m[Function: withImplementation][39m,
    mockReturnThis: [36m[Function: mockReturnThis][39m,
    mockReturnValue: [36m[Function: mockReturnValue][39m,
    mockReturnValueOnce: [36m[Function: mockReturnValueOnce][39m,
    mockThrow: [36m[Function: mockThrow][39m,
    mockThrowOnce: [36m[Function: mockThrowOnce][39m,
    mockResolvedValue: [36m[Function: mockResolvedValue][39m,
    mockResolvedValueOnce: [36m[Function: mockResolvedValueOnce][39m,
    mockRejectedValue: [36m[Function: mockRejectedValue][39m,
    mockRejectedValueOnce: [36m[Function: mockRejectedValueOnce][39m,
    mockClear: [36m[Function: mockClear][39m,
    mockReset: [36m[Function: mockReset][39m,
    mockRestore: [36m[Function: mockRestore][39m,
    mockName: [36m[Function: mockName][39m,
    getMockName: [36m[Function: getMockName][39m,
    [32mSymbol(Symbol.dispose)[39m: [36m[Function (anonymous)][39m
  },
  sortByColumn: [Function: Mock] {
    _isMockFunction: [33mtrue[39m,
    getMockImplementation: [36m[Function (anonymous)][39m,
    mock: {
      calls: [],
      contexts: [],
      instances: [],
      invocationCallOrder: [],
      settledResults: [],
      results: [],
      lastCall: [36m[Getter][39m
    },
    mockImplementation: [36m[Function: mockImplementation][39m,
    mockImplementationOnce: [36m[Function: mockImplementationOnce][39m,
    withImplementation: [36m[Function: withImplementation][39m,
    mockReturnThis: [36m[Function: mockReturnThis][39m,
    mockReturnValue: [36m[Function: mockReturnValue][39m,
    mockReturnValueOnce: [36m[Function: mockReturnValueOnce][39m,
    mockThrow: [36m[Function: mockThrow][39m,
    mockThrowOnce: [36m[Function: mockThrowOnce][39m,
    mockResolvedValue: [36m[Function: mockResolvedValue][39m,
    mockResolvedValueOnce: [36m[Function: mockResolvedValueOnce][39m,
    mockRejectedValue: [36m[Function: mockRejectedValue][39m,
    mockRejectedValueOnce: [36m[Function: mockRejectedValueOnce][39m,
    mockClear: [36m[Function: mockClear][39m,
    mockReset: [36m[Function: mockReset][39m,
    mockRestore: [36m[Function: mockRestore][39m,
    mockName: [36m[Function: mockName][39m,
    getMockName: [36m[Function: getMockName][39m,
    [32mSymbol(Symbol.dispose)[39m: [36m[Function (anonymous)][39m
  }
}

stderr | src/test/pages/branch.test.jsx > Branch page > renders the row count from branches.state
An update to Branch inside a test was not wrapped in act(...).

When testing, code that causes React state updates should be wrapped into act(...):

act(() => {
  /* fire events that update state */
});
/* assert on the output */

This ensures that you're testing the behavior the user would see in the browser. Learn more at https://react.dev/link/wrap-tests-with-act

 [32mΓ£ô[39m src/test/pages/branch.test.jsx [2m([22m[2m12 tests[22m[2m)[22m[33m 2000[2mms[22m[39m
     [33m[2mΓ£ô[22m[39m opens the create-branch modal via the "Create Branch" action [33m 658[2mms[22m[39m
     [33m[2mΓ£ô[22m[39m fetches with merged query params when pagination changes [33m 349[2mms[22m[39m
stderr | src/test/pages/department.test.jsx > Department page > loads departments on mount when the list is empty
An update to Department inside a test was not wrapped in act(...).

When testing, code that causes React state updates should be wrapped into act(...):

act(() => {
  /* fire events that update state */
});
/* assert on the output */

This ensures that you're testing the behavior the user would see in the browser. Learn more at https://react.dev/link/wrap-tests-with-act

[90mstdout[2m | src/test/pages/department.test.jsx[2m > [22m[2mDepartment page[2m > [22m[2mdoes not refetch when departments are already loaded
[22m[39mSkipped: {
  useDepartmentColumns: [Function: Mock] {
    _isMockFunction: [33mtrue[39m,
    getMockImplementation: [36m[Function (anonymous)][39m,
    mock: {
      calls: [36m[Array][39m,
      contexts: [36m[Array][39m,
      instances: [36m[Array][39m,
      invocationCallOrder: [36m[Array][39m,
      settledResults: [36m[Array][39m,
      results: [36m[Array][39m,
      lastCall: [36m[Getter][39m
    },
    mockImplementation: [36m[Function: mockImplementation][39m,
    mockImplementationOnce: [36m[Function: mockImplementationOnce][39m,
    withImplementation: [36m[Function: withImplementation][39m,
    mockReturnThis: [36m[Function: mockReturnThis][39m,
    mockReturnValue: [36m[Function: mockReturnValue][39m,
    mockReturnValueOnce: [36m[Function: mockReturnValueOnce][39m,
    mockThrow: [36m[Function: mockThrow][39m,
    mockThrowOnce: [36m[Function: mockThrowOnce][39m,
    mockResolvedValue: [36m[Function: mockResolvedValue][39m,
    mockResolvedValueOnce: [36m[Function: mockResolvedValueOnce][39m,
    mockRejectedValue: [36m[Function: mockRejectedValue][39m,
    mockRejectedValueOnce: [36m[Function: mockRejectedValueOnce][39m,
    mockClear: [36m[Function: mockClear][39m,
    mockReset: [36m[Function: mockReset][39m,
    mockRestore: [36m[Function: mockRestore][39m,
    mockName: [36m[Function: mockName][39m,
    getMockName: [36m[Function: getMockName][39m,
    [32mSymbol(Symbol.dispose)[39m: [36m[Function (anonymous)][39m
  },
  state: [ { _id: [32m'd1'[39m } ],
  filters: {
    latest: [Function: Mock] {
      _isMockFunction: [33mtrue[39m,
      getMockImplementation: [36m[Function (anonymous)][39m,
      mock: [36m[Object][39m,
      mockImplementation: [36m[Function: mockImplementation][39m,
      mockImplementationOnce: [36m[Function: mockImplementationOnce][39m,
      withImplementation: [36m[Function: withImplementation][39m,
      mockReturnThis: [36m[Function: mockReturnThis][39m,
      mockReturnValue: [36m[Function: mockReturnValue][39m,
      mockReturnValueOnce: [36m[Function: mockReturnValueOnce][39m,
      mockThrow: [36m[Function: mockThrow][39m,
      mockThrowOnce: [36m[Function: mockThrowOnce][39m,
      mockResolvedValue: [36m[Function: mockResolvedValue][39m,
      mockResolvedValueOnce: [36m[Function: mockResolvedValueOnce][39m,
      mockRejectedValue: [36m[Function: mockRejectedValue][39m,
      mockRejectedValueOnce: [36m[Function: mockRejectedValueOnce][39m,
      mockClear: [36m[Function: mockClear][39m,
      mockReset: [36m[Function: mockReset][39m,
      mockRestore: [36m[Function: mockRestore][39m,
      mockName: [36m[Function: mockName][39m,
      getMockName: [36m[Function: getMockName][39m,
      [32mSymbol(Symbol.dispose)[39m: [36m[Function (anonymous)][39m
    },
    oldest: [Function: Mock] {
      _isMockFunction: [33mtrue[39m,
      getMockImplementation: [36m[Function (anonymous)][39m,
      mock: [36m[Object][39m,
      mockImplementation: [36m[Function: mockImplementation][39m,
      mockImplementationOnce: [36m[Function: mockImplementationOnce][39m,
      withImplementation: [36m[Function: withImplementation][39m,
      mockReturnThis: [36m[Function: mockReturnThis][39m,
      mockReturnValue: [36m[Function: mockReturnValue][39m,
      mockReturnValueOnce: [36m[Function: mockReturnValueOnce][39m,
      mockThrow: [36m[Function: mockThrow][39m,
      mockThrowOnce: [36m[Function: mockThrowOnce][39m,
      mockResolvedValue: [36m[Function: mockResolvedValue][39m,
      mockResolvedValueOnce: [36m[Function: mockResolvedValueOnce][39m,
      mockRejectedValue: [36m[Function: mockRejectedValue][39m,
      mockRejectedValueOnce: [36m[Function: mockRejectedValueOnce][39m,
      mockClear: [36m[Function: mockClear][39m,
      mockReset: [36m[Function: mockReset][39m,
      mockRestore: [36m[Function: mockRestore][39m,
      mockName: [36m[Function: mockName][39m,
      getMockName: [36m[Function: getMockName][39m,
      [32mSymbol(Symbol.dispose)[39m: [36m[Function (anonymous)][39m
    },
    ascending: [Function: Mock] {
      _isMockFunction: [33mtrue[39m,
      getMockImplementation: [36m[Function (anonymous)][39m,
      mock: [36m[Object][39m,
      mockImplementation: [36m[Function: mockImplementation][39m,
      mockImplementationOnce: [36m[Function: mockImplementationOnce][39m,
      withImplementation: [36m[Function: withImplementation][39m,
      mockReturnThis: [36m[Function: mockReturnThis][39m,
      mockReturnValue: [36m[Function: mockReturnValue][39m,
      mockReturnValueOnce: [36m[Function: mockReturnValueOnce][39m,
      mockThrow: [36m[Function: mockThrow][39m,
      mockThrowOnce: [36m[Function: mockThrowOnce][39m,
      mockResolvedValue: [36m[Function: mockResolvedValue][39m,
      mockResolvedValueOnce: [36m[Function: mockResolvedValueOnce][39m,
      mockRejectedValue: [36m[Function: mockRejectedValue][39m,
      mockRejectedValueOnce: [36m[Function: mockRejectedValueOnce][39m,
      mockClear: [36m[Function: mockClear][39m,
      mockReset: [36m[Function: mockReset][39m,
      mockRestore: [36m[Function: mockRestore][39m,
      mockName: [36m[Function: mockName][39m,
      getMockName: [36m[Function: getMockName][39m,
      [32mSymbol(Symbol.dispose)[39m: [36m[Function (anonymous)][39m
    },
    descending: [Function: Mock] {
      _isMockFunction: [33mtrue[39m,
      getMockImplementation: [36m[Function (anonymous)][39m,
      mock: [36m[Object][39m,
      mockImplementation: [36m[Function: mockImplementation][39m,
      mockImplementationOnce: [36m[Function: mockImplementationOnce][39m,
      withImplementation: [36m[Function: withImplementation][39m,
      mockReturnThis: [36m[Function: mockReturnThis][39m,
      mockReturnValue: [36m[Function: mockReturnValue][39m,
      mockReturnValueOnce: [36m[Function: mockReturnValueOnce][39m,
      mockThrow: [36m[Function: mockThrow][39m,
      mockThrowOnce: [36m[Function: mockThrowOnce][39m,
      mockResolvedValue: [36m[Function: mockResolvedValue][39m,
      mockResolvedValueOnce: [36m[Function: mockResolvedValueOnce][39m,
      mockRejectedValue: [36m[Function: mockRejectedValue][39m,
      mockRejectedValueOnce: [36m[Function: mockRejectedValueOnce][39m,
      mockClear: [36m[Function: mockClear][39m,
      mockReset: [36m[Function: mockReset][39m,
      mockRestore: [36m[Function: mockRestore][39m,
      mockName: [36m[Function: mockName][39m,
      getMockName: [36m[Function: getMockName][39m,
      [32mSymbol(Symbol.dispose)[39m: [36m[Function (anonymous)][39m
    }
  },
  reset: [Function: Mock] {
    _isMockFunction: [33mtrue[39m,
    getMockImplementation: [36m[Function (anonymous)][39m,
    mock: {
      calls: [],
      contexts: [],
      instances: [],
      invocationCallOrder: [],
      settledResults: [],
      results: [],
      lastCall: [36m[Getter][39m
    },
    mockImplementation: [36m[Function: mockImplementation][39m,
    mockImplementationOnce: [36m[Function: mockImplementationOnce][39m,
    withImplementation: [36m[Function: withImplementation][39m,
    mockReturnThis: [36m[Function: mockReturnThis][39m,
    mockReturnValue: [36m[Function: mockReturnValue][39m,
    mockReturnValueOnce: [36m[Function: mockReturnValueOnce][39m,
    mockThrow: [36m[Function: mockThrow][39m,
    mockThrowOnce: [36m[Function: mockThrowOnce][39m,
    mockResolvedValue: [36m[Function: mockResolvedValue][39m,
    mockResolvedValueOnce: [36m[Function: mockResolvedValueOnce][39m,
    mockRejectedValue: [36m[Function: mockRejectedValue][39m,
    mockRejectedValueOnce: [36m[Function: mockRejectedValueOnce][39m,
    mockClear: [36m[Function: mockClear][39m,
    mockReset: [36m[Function: mockReset][39m,
    mockRestore: [36m[Function: mockRestore][39m,
    mockName: [36m[Function: mockName][39m,
    getMockName: [36m[Function: getMockName][39m,
    [32mSymbol(Symbol.dispose)[39m: [36m[Function (anonymous)][39m
  },
  openCreate: [Function: Mock] {
    _isMockFunction: [33mtrue[39m,
    getMockImplementation: [36m[Function (anonymous)][39m,
    mock: {
      calls: [],
      contexts: [],
      instances: [],
      invocationCallOrder: [],
      settledResults: [],
      results: [],
      lastCall: [36m[Getter][39m
    },
    mockImplementation: [36m[Function: mockImplementation][39m,
    mockImplementationOnce: [36m[Function: mockImplementationOnce][39m,
    withImplementation: [36m[Function: withImplementation][39m,
    mockReturnThis: [36m[Function: mockReturnThis][39m,
    mockReturnValue: [36m[Function: mockReturnValue][39m,
    mockReturnValueOnce: [36m[Function: mockReturnValueOnce][39m,
    mockThrow: [36m[Function: mockThrow][39m,
    mockThrowOnce: [36m[Function: mockThrowOnce][39m,
    mockResolvedValue: [36m[Function: mockResolvedValue][39m,
    mockResolvedValueOnce: [36m[Function: mockResolvedValueOnce][39m,
    mockRejectedValue: [36m[Function: mockRejectedValue][39m,
    mockRejectedValueOnce: [36m[Function: mockRejectedValueOnce][39m,
    mockClear: [36m[Function: mockClear][39m,
    mockReset: [36m[Function: mockReset][39m,
    mockRestore: [36m[Function: mockRestore][39m,
    mockName: [36m[Function: mockName][39m,
    getMockName: [36m[Function: getMockName][39m,
    [32mSymbol(Symbol.dispose)[39m: [36m[Function (anonymous)][39m
  },
  loading: { getAll: [33mfalse[39m },
  pagination: { page: [33m1[39m, limit: [33m10[39m, pages: [33m1[39m, total: [33m0[39m },
  fetch: [Function: Mock] {
    _isMockFunction: [33mtrue[39m,
    getMockImplementation: [36m[Function (anonymous)][39m,
    mock: {
      calls: [],
      contexts: [],
      instances: [],
      invocationCallOrder: [],
      settledResults: [],
      results: [],
      lastCall: [36m[Getter][39m
    },
    mockImplementation: [36m[Function: mockImplementation][39m,
    mockImplementationOnce: [36m[Function: mockImplementationOnce][39m,
    withImplementation: [36m[Function: withImplementation][39m,
    mockReturnThis: [36m[Function: mockReturnThis][39m,
    mockReturnValue: [36m[Function: mockReturnValue][39m,
    mockReturnValueOnce: [36m[Function: mockReturnValueOnce][39m,
    mockThrow: [36m[Function: mockThrow][39m,
    mockThrowOnce: [36m[Function: mockThrowOnce][39m,
    mockResolvedValue: [36m[Function: mockResolvedValue][39m,
    mockResolvedValueOnce: [36m[Function: mockResolvedValueOnce][39m,
    mockRejectedValue: [36m[Function: mockRejectedValue][39m,
    mockRejectedValueOnce: [36m[Function: mockRejectedValueOnce][39m,
    mockClear: [36m[Function: mockClear][39m,
    mockReset: [36m[Function: mockReset][39m,
    mockRestore: [36m[Function: mockRestore][39m,
    mockName: [36m[Function: mockName][39m,
    getMockName: [36m[Function: getMockName][39m,
    [32mSymbol(Symbol.dispose)[39m: [36m[Function (anonymous)][39m
  },
  getQuery: [Function: Mock] {
    _isMockFunction: [33mtrue[39m,
    getMockImplementation: [36m[Function (anonymous)][39m,
    mock: {
      calls: [],
      contexts: [],
      instances: [],
      invocationCallOrder: [],
      settledResults: [],
      results: [],
      lastCall: [36m[Getter][39m
    },
    mockImplementation: [36m[Function: mockImplementation][39m,
    mockImplementationOnce: [36m[Function: mockImplementationOnce][39m,
    withImplementation: [36m[Function: withImplementation][39m,
    mockReturnThis: [36m[Function: mockReturnThis][39m,
    mockReturnValue: [36m[Function: mockReturnValue][39m,
    mockReturnValueOnce: [36m[Function: mockReturnValueOnce][39m,
    mockThrow: [36m[Function: mockThrow][39m,
    mockThrowOnce: [36m[Function: mockThrowOnce][39m,
    mockResolvedValue: [36m[Function: mockResolvedValue][39m,
    mockResolvedValueOnce: [36m[Function: mockResolvedValueOnce][39m,
    mockRejectedValue: [36m[Function: mockRejectedValue][39m,
    mockRejectedValueOnce: [36m[Function: mockRejectedValueOnce][39m,
    mockClear: [36m[Function: mockClear][39m,
    mockReset: [36m[Function: mockReset][39m,
    mockRestore: [36m[Function: mockRestore][39m,
    mockName: [36m[Function: mockName][39m,
    getMockName: [36m[Function: getMockName][39m,
    [32mSymbol(Symbol.dispose)[39m: [36m[Function (anonymous)][39m
  },
  sortByColumn: [Function: Mock] {
    _isMockFunction: [33mtrue[39m,
    getMockImplementation: [36m[Function (anonymous)][39m,
    mock: {
      calls: [],
      contexts: [],
      instances: [],
      invocationCallOrder: [],
      settledResults: [],
      results: [],
      lastCall: [36m[Getter][39m
    },
    mockImplementation: [36m[Function: mockImplementation][39m,
    mockImplementationOnce: [36m[Function: mockImplementationOnce][39m,
    withImplementation: [36m[Function: withImplementation][39m,
    mockReturnThis: [36m[Function: mockReturnThis][39m,
    mockReturnValue: [36m[Function: mockReturnValue][39m,
    mockReturnValueOnce: [36m[Function: mockReturnValueOnce][39m,
    mockThrow: [36m[Function: mockThrow][39m,
    mockThrowOnce: [36m[Function: mockThrowOnce][39m,
    mockResolvedValue: [36m[Function: mockResolvedValue][39m,
    mockResolvedValueOnce: [36m[Function: mockResolvedValueOnce][39m,
    mockRejectedValue: [36m[Function: mockRejectedValue][39m,
    mockRejectedValueOnce: [36m[Function: mockRejectedValueOnce][39m,
    mockClear: [36m[Function: mockClear][39m,
    mockReset: [36m[Function: mockReset][39m,
    mockRestore: [36m[Function: mockRestore][39m,
    mockName: [36m[Function: mockName][39m,
    getMockName: [36m[Function: getMockName][39m,
    [32mSymbol(Symbol.dispose)[39m: [36m[Function (anonymous)][39m
  }
}

stderr | src/test/pages/department.test.jsx > Department page > does not refetch when departments are already loaded
An update to Department inside a test was not wrapped in act(...).

When testing, code that causes React state updates should be wrapped into act(...):

act(() => {
  /* fire events that update state */
});
/* assert on the output */

This ensures that you're testing the behavior the user would see in the browser. Learn more at https://react.dev/link/wrap-tests-with-act

stderr | src/test/pages/department.test.jsx > Department page > shows a loading indicator while departments.loading.getAll is true
An update to Department inside a test was not wrapped in act(...).

When testing, code that causes React state updates should be wrapped into act(...):

act(() => {
  /* fire events that update state */
});
/* assert on the output */

This ensures that you're testing the behavior the user would see in the browser. Learn more at https://react.dev/link/wrap-tests-with-act

[90mstdout[2m | src/test/pages/department.test.jsx[2m > [22m[2mDepartment page[2m > [22m[2mrenders the row count from departments.state
[22m[39mSkipped: {
  useDepartmentColumns: [Function: Mock] {
    _isMockFunction: [33mtrue[39m,
    getMockImplementation: [36m[Function (anonymous)][39m,
    mock: {
      calls: [36m[Array][39m,
      contexts: [36m[Array][39m,
      instances: [36m[Array][39m,
      invocationCallOrder: [36m[Array][39m,
      settledResults: [36m[Array][39m,
      results: [36m[Array][39m,
      lastCall: [36m[Getter][39m
    },
    mockImplementation: [36m[Function: mockImplementation][39m,
    mockImplementationOnce: [36m[Function: mockImplementationOnce][39m,
    withImplementation: [36m[Function: withImplementation][39m,
    mockReturnThis: [36m[Function: mockReturnThis][39m,
    mockReturnValue: [36m[Function: mockReturnValue][39m,
    mockReturnValueOnce: [36m[Function: mockReturnValueOnce][39m,
    mockThrow: [36m[Function: mockThrow][39m,
    mockThrowOnce: [36m[Function: mockThrowOnce][39m,
    mockResolvedValue: [36m[Function: mockResolvedValue][39m,
    mockResolvedValueOnce: [36m[Function: mockResolvedValueOnce][39m,
    mockRejectedValue: [36m[Function: mockRejectedValue][39m,
    mockRejectedValueOnce: [36m[Function: mockRejectedValueOnce][39m,
    mockClear: [36m[Function: mockClear][39m,
    mockReset: [36m[Function: mockReset][39m,
    mockRestore: [36m[Function: mockRestore][39m,
    mockName: [36m[Function: mockName][39m,
    getMockName: [36m[Function: getMockName][39m,
    [32mSymbol(Symbol.dispose)[39m: [36m[Function (anonymous)][39m
  },
  state: [ { _id: [32m'd1'[39m }, { _id: [32m'd2'[39m } ],
  filters: {
    latest: [Function: Mock] {
      _isMockFunction: [33mtrue[39m,
      getMockImplementation: [36m[Function (anonymous)][39m,
      mock: [36m[Object][39m,
      mockImplementation: [36m[Function: mockImplementation][39m,
      mockImplementationOnce: [36m[Function: mockImplementationOnce][39m,
      withImplementation: [36m[Function: withImplementation][39m,
      mockReturnThis: [36m[Function: mockReturnThis][39m,
      mockReturnValue: [36m[Function: mockReturnValue][39m,
      mockReturnValueOnce: [36m[Function: mockReturnValueOnce][39m,
      mockThrow: [36m[Function: mockThrow][39m,
      mockThrowOnce: [36m[Function: mockThrowOnce][39m,
      mockResolvedValue: [36m[Function: mockResolvedValue][39m,
      mockResolvedValueOnce: [36m[Function: mockResolvedValueOnce][39m,
      mockRejectedValue: [36m[Function: mockRejectedValue][39m,
      mockRejectedValueOnce: [36m[Function: mockRejectedValueOnce][39m,
      mockClear: [36m[Function: mockClear][39m,
      mockReset: [36m[Function: mockReset][39m,
      mockRestore: [36m[Function: mockRestore][39m,
      mockName: [36m[Function: mockName][39m,
      getMockName: [36m[Function: getMockName][39m,
      [32mSymbol(Symbol.dispose)[39m: [36m[Function (anonymous)][39m
    },
    oldest: [Function: Mock] {
      _isMockFunction: [33mtrue[39m,
      getMockImplementation: [36m[Function (anonymous)][39m,
      mock: [36m[Object][39m,
      mockImplementation: [36m[Function: mockImplementation][39m,
      mockImplementationOnce: [36m[Function: mockImplementationOnce][39m,
      withImplementation: [36m[Function: withImplementation][39m,
      mockReturnThis: [36m[Function: mockReturnThis][39m,
      mockReturnValue: [36m[Function: mockReturnValue][39m,
      mockReturnValueOnce: [36m[Function: mockReturnValueOnce][39m,
      mockThrow: [36m[Function: mockThrow][39m,
      mockThrowOnce: [36m[Function: mockThrowOnce][39m,
      mockResolvedValue: [36m[Function: mockResolvedValue][39m,
      mockResolvedValueOnce: [36m[Function: mockResolvedValueOnce][39m,
      mockRejectedValue: [36m[Function: mockRejectedValue][39m,
      mockRejectedValueOnce: [36m[Function: mockRejectedValueOnce][39m,
      mockClear: [36m[Function: mockClear][39m,
      mockReset: [36m[Function: mockReset][39m,
      mockRestore: [36m[Function: mockRestore][39m,
      mockName: [36m[Function: mockName][39m,
      getMockName: [36m[Function: getMockName][39m,
      [32mSymbol(Symbol.dispose)[39m: [36m[Function (anonymous)][39m
    },
    ascending: [Function: Mock] {
      _isMockFunction: [33mtrue[39m,
      getMockImplementation: [36m[Function (anonymous)][39m,
      mock: [36m[Object][39m,
      mockImplementation: [36m[Function: mockImplementation][39m,
      mockImplementationOnce: [36m[Function: mockImplementationOnce][39m,
      withImplementation: [36m[Function: withImplementation][39m,
      mockReturnThis: [36m[Function: mockReturnThis][39m,
      mockReturnValue: [36m[Function: mockReturnValue][39m,
      mockReturnValueOnce: [36m[Function: mockReturnValueOnce][39m,
      mockThrow: [36m[Function: mockThrow][39m,
      mockThrowOnce: [36m[Function: mockThrowOnce][39m,
      mockResolvedValue: [36m[Function: mockResolvedValue][39m,
      mockResolvedValueOnce: [36m[Function: mockResolvedValueOnce][39m,
      mockRejectedValue: [36m[Function: mockRejectedValue][39m,
      mockRejectedValueOnce: [36m[Function: mockRejectedValueOnce][39m,
      mockClear: [36m[Function: mockClear][39m,
      mockReset: [36m[Function: mockReset][39m,
      mockRestore: [36m[Function: mockRestore][39m,
      mockName: [36m[Function: mockName][39m,
      getMockName: [36m[Function: getMockName][39m,
      [32mSymbol(Symbol.dispose)[39m: [36m[Function (anonymous)][39m
    },
    descending: [Function: Mock] {
      _isMockFunction: [33mtrue[39m,
      getMockImplementation: [36m[Function (anonymous)][39m,
      mock: [36m[Object][39m,
      mockImplementation: [36m[Function: mockImplementation][39m,
      mockImplementationOnce: [36m[Function: mockImplementationOnce][39m,
      withImplementation: [36m[Function: withImplementation][39m,
      mockReturnThis: [36m[Function: mockReturnThis][39m,
      mockReturnValue: [36m[Function: mockReturnValue][39m,
      mockReturnValueOnce: [36m[Function: mockReturnValueOnce][39m,
      mockThrow: [36m[Function: mockThrow][39m,
      mockThrowOnce: [36m[Function: mockThrowOnce][39m,
      mockResolvedValue: [36m[Function: mockResolvedValue][39m,
      mockResolvedValueOnce: [36m[Function: mockResolvedValueOnce][39m,
      mockRejectedValue: [36m[Function: mockRejectedValue][39m,
      mockRejectedValueOnce: [36m[Function: mockRejectedValueOnce][39m,
      mockClear: [36m[Function: mockClear][39m,
      mockReset: [36m[Function: mockReset][39m,
      mockRestore: [36m[Function: mockRestore][39m,
      mockName: [36m[Function: mockName][39m,
      getMockName: [36m[Function: getMockName][39m,
      [32mSymbol(Symbol.dispose)[39m: [36m[Function (anonymous)][39m
    }
  },
  reset: [Function: Mock] {
    _isMockFunction: [33mtrue[39m,
    getMockImplementation: [36m[Function (anonymous)][39m,
    mock: {
      calls: [],
      contexts: [],
      instances: [],
      invocationCallOrder: [],
      settledResults: [],
      results: [],
      lastCall: [36m[Getter][39m
    },
    mockImplementation: [36m[Function: mockImplementation][39m,
    mockImplementationOnce: [36m[Function: mockImplementationOnce][39m,
    withImplementation: [36m[Function: withImplementation][39m,
    mockReturnThis: [36m[Function: mockReturnThis][39m,
    mockReturnValue: [36m[Function: mockReturnValue][39m,
    mockReturnValueOnce: [36m[Function: mockReturnValueOnce][39m,
    mockThrow: [36m[Function: mockThrow][39m,
    mockThrowOnce: [36m[Function: mockThrowOnce][39m,
    mockResolvedValue: [36m[Function: mockResolvedValue][39m,
    mockResolvedValueOnce: [36m[Function: mockResolvedValueOnce][39m,
    mockRejectedValue: [36m[Function: mockRejectedValue][39m,
    mockRejectedValueOnce: [36m[Function: mockRejectedValueOnce][39m,
    mockClear: [36m[Function: mockClear][39m,
    mockReset: [36m[Function: mockReset][39m,
    mockRestore: [36m[Function: mockRestore][39m,
    mockName: [36m[Function: mockName][39m,
    getMockName: [36m[Function: getMockName][39m,
    [32mSymbol(Symbol.dispose)[39m: [36m[Function (anonymous)][39m
  },
  openCreate: [Function: Mock] {
    _isMockFunction: [33mtrue[39m,
    getMockImplementation: [36m[Function (anonymous)][39m,
    mock: {
      calls: [],
      contexts: [],
      instances: [],
      invocationCallOrder: [],
      settledResults: [],
      results: [],
      lastCall: [36m[Getter][39m
    },
    mockImplementation: [36m[Function: mockImplementation][39m,
    mockImplementationOnce: [36m[Function: mockImplementationOnce][39m,
    withImplementation: [36m[Function: withImplementation][39m,
    mockReturnThis: [36m[Function: mockReturnThis][39m,
    mockReturnValue: [36m[Function: mockReturnValue][39m,
    mockReturnValueOnce: [36m[Function: mockReturnValueOnce][39m,
    mockThrow: [36m[Function: mockThrow][39m,
    mockThrowOnce: [36m[Function: mockThrowOnce][39m,
    mockResolvedValue: [36m[Function: mockResolvedValue][39m,
    mockResolvedValueOnce: [36m[Function: mockResolvedValueOnce][39m,
    mockRejectedValue: [36m[Function: mockRejectedValue][39m,
    mockRejectedValueOnce: [36m[Function: mockRejectedValueOnce][39m,
    mockClear: [36m[Function: mockClear][39m,
    mockReset: [36m[Function: mockReset][39m,
    mockRestore: [36m[Function: mockRestore][39m,
    mockName: [36m[Function: mockName][39m,
    getMockName: [36m[Function: getMockName][39m,
    [32mSymbol(Symbol.dispose)[39m: [36m[Function (anonymous)][39m
  },
  loading: { getAll: [33mfalse[39m },
  pagination: { page: [33m1[39m, limit: [33m10[39m, pages: [33m1[39m, total: [33m0[39m },
  fetch: [Function: Mock] {
    _isMockFunction: [33mtrue[39m,
    getMockImplementation: [36m[Function (anonymous)][39m,
    mock: {
      calls: [],
      contexts: [],
      instances: [],
      invocationCallOrder: [],
      settledResults: [],
      results: [],
      lastCall: [36m[Getter][39m
    },
    mockImplementation: [36m[Function: mockImplementation][39m,
    mockImplementationOnce: [36m[Function: mockImplementationOnce][39m,
    withImplementation: [36m[Function: withImplementation][39m,
    mockReturnThis: [36m[Function: mockReturnThis][39m,
    mockReturnValue: [36m[Function: mockReturnValue][39m,
    mockReturnValueOnce: [36m[Function: mockReturnValueOnce][39m,
    mockThrow: [36m[Function: mockThrow][39m,
    mockThrowOnce: [36m[Function: mockThrowOnce][39m,
    mockResolvedValue: [36m[Function: mockResolvedValue][39m,
    mockResolvedValueOnce: [36m[Function: mockResolvedValueOnce][39m,
    mockRejectedValue: [36m[Function: mockRejectedValue][39m,
    mockRejectedValueOnce: [36m[Function: mockRejectedValueOnce][39m,
    mockClear: [36m[Function: mockClear][39m,
    mockReset: [36m[Function: mockReset][39m,
    mockRestore: [36m[Function: mockRestore][39m,
    mockName: [36m[Function: mockName][39m,
    getMockName: [36m[Function: getMockName][39m,
    [32mSymbol(Symbol.dispose)[39m: [36m[Function (anonymous)][39m
  },
  getQuery: [Function: Mock] {
    _isMockFunction: [33mtrue[39m,
    getMockImplementation: [36m[Function (anonymous)][39m,
    mock: {
      calls: [],
      contexts: [],
      instances: [],
      invocationCallOrder: [],
      settledResults: [],
      results: [],
      lastCall: [36m[Getter][39m
    },
    mockImplementation: [36m[Function: mockImplementation][39m,
    mockImplementationOnce: [36m[Function: mockImplementationOnce][39m,
    withImplementation: [36m[Function: withImplementation][39m,
    mockReturnThis: [36m[Function: mockReturnThis][39m,
    mockReturnValue: [36m[Function: mockReturnValue][39m,
    mockReturnValueOnce: [36m[Function: mockReturnValueOnce][39m,
    mockThrow: [36m[Function: mockThrow][39m,
    mockThrowOnce: [36m[Function: mockThrowOnce][39m,
    mockResolvedValue: [36m[Function: mockResolvedValue][39m,
    mockResolvedValueOnce: [36m[Function: mockResolvedValueOnce][39m,
    mockRejectedValue: [36m[Function: mockRejectedValue][39m,
    mockRejectedValueOnce: [36m[Function: mockRejectedValueOnce][39m,
    mockClear: [36m[Function: mockClear][39m,
    mockReset: [36m[Function: mockReset][39m,
    mockRestore: [36m[Function: mockRestore][39m,
    mockName: [36m[Function: mockName][39m,
    getMockName: [36m[Function: getMockName][39m,
    [32mSymbol(Symbol.dispose)[39m: [36m[Function (anonymous)][39m
  },
  sortByColumn: [Function: Mock] {
    _isMockFunction: [33mtrue[39m,
    getMockImplementation: [36m[Function (anonymous)][39m,
    mock: {
      calls: [],
      contexts: [],
      instances: [],
      invocationCallOrder: [],
      settledResults: [],
      results: [],
      lastCall: [36m[Getter][39m
    },
    mockImplementation: [36m[Function: mockImplementation][39m,
    mockImplementationOnce: [36m[Function: mockImplementationOnce][39m,
    withImplementation: [36m[Function: withImplementation][39m,
    mockReturnThis: [36m[Function: mockReturnThis][39m,
stderr | src/test/pages/department.test.jsx > Department page > renders the row count from departments.state
An update to Department inside a test was not wrapped in act(...).

When testing, code that causes React state updates should be wrapped into act(...):

act(() => {
  /* fire events that update state */
});
/* assert on the output */

This ensures that you're testing the behavior the user would see in the browser. Learn more at https://react.dev/link/wrap-tests-with-act
    mockReturnValue: [36m[Function: mockReturnValue][39m,
    mockReturnValueOnce: [36m[Function: mockReturnValueOnce][39m,
    mockThrow: [36m[Function: mockThrow][39m,
    mockThrowOnce: [36m[Function: mockThrowOnce][39m,
    mockResolvedValue: [36m[Function: mockResolvedValue][39m,
    mockResolvedValueOnce: [36m[Function: mockResolvedValueOnce][39m,
    mockRejectedValue: [36m[Function: mockRejectedValue][39m,
    mockRejectedValueOnce: [36m[Function: mockRejectedValueOnce][39m,
    mockClear: [36m[Function: mockClear][39m,
    mockReset: [36m[Function: mockReset][39m,
    mockRestore: [36m[Function: mockRestore][39m,
    mockName: [36m[Function: mockName][39m,
    getMockName: [36m[Function: getMockName][39m,
    [32mSymbol(Symbol.dispose)[39m: [36m[Function (anonymous)][39m
  }
}


 [32mΓ£ô[39m src/test/pages/department.test.jsx [2m([22m[2m12 tests[22m[2m)[22m[33m 1247[2mms[22m[39m
     [33m[2mΓ£ô[22m[39m opens the create modal via the "Create Department" action [33m 389[2mms[22m[39m
stderr | src/test/pages/branch-admin.test.jsx > BranchAdmin page > loads branch admins on mount when the list is empty
An update to BranchAdmin inside a test was not wrapped in act(...).

When testing, code that causes React state updates should be wrapped into act(...):

act(() => {
  /* fire events that update state */
});
/* assert on the output */

This ensures that you're testing the behavior the user would see in the browser. Learn more at https://react.dev/link/wrap-tests-with-act

[90mstdout[2m | src/test/pages/branch-admin.test.jsx[2m > [22m[2mBranchAdmin page[2m > [22m[2mdoes not refetch when branch admins are already loaded
[22m[39mSkipped: {
  useBranchAdminColumns: [Function: Mock] {
    _isMockFunction: [33mtrue[39m,
    getMockImplementation: [36m[Function (anonymous)][39m,
    mock: {
      calls: [36m[Array][39m,
      contexts: [36m[Array][39m,
      instances: [36m[Array][39m,
      invocationCallOrder: [36m[Array][39m,
      settledResults: [36m[Array][39m,
      results: [36m[Array][39m,
      lastCall: [36m[Getter][39m
    },
    mockImplementation: [36m[Function: mockImplementation][39m,
    mockImplementationOnce: [36m[Function: mockImplementationOnce][39m,
    withImplementation: [36m[Function: withImplementation][39m,
    mockReturnThis: [36m[Function: mockReturnThis][39m,
    mockReturnValue: [36m[Function: mockReturnValue][39m,
    mockReturnValueOnce: [36m[Function: mockReturnValueOnce][39m,
    mockThrow: [36m[Function: mockThrow][39m,
    mockThrowOnce: [36m[Function: mockThrowOnce][39m,
    mockResolvedValue: [36m[Function: mockResolvedValue][39m,
    mockResolvedValueOnce: [36m[Function: mockResolvedValueOnce][39m,
    mockRejectedValue: [36m[Function: mockRejectedValue][39m,
    mockRejectedValueOnce: [36m[Function: mockRejectedValueOnce][39m,
    mockClear: [36m[Function: mockClear][39m,
    mockReset: [36m[Function: mockReset][39m,
    mockRestore: [36m[Function: mockRestore][39m,
    mockName: [36m[Function: mockName][39m,
    getMockName: [36m[Function: getMockName][39m,
    [32mSymbol(Symbol.dispose)[39m: [36m[Function (anonymous)][39m
  },
  state: [ { _id: [32m'a1'[39m } ],
  filters: {
    filterByStatus: [Function: Mock] {
      _isMockFunction: [33mtrue[39m,
      getMockImplementation: [36m[Function (anonymous)][39m,
      mock: [36m[Object][39m,
      mockImplementation: [36m[Function: mockImplementation][39m,
      mockImplementationOnce: [36m[Function: mockImplementationOnce][39m,
      withImplementation: [36m[Function: withImplementation][39m,
      mockReturnThis: [36m[Function: mockReturnThis][39m,
      mockReturnValue: [36m[Function: mockReturnValue][39m,
      mockReturnValueOnce: [36m[Function: mockReturnValueOnce][39m,
      mockThrow: [36m[Function: mockThrow][39m,
      mockThrowOnce: [36m[Function: mockThrowOnce][39m,
      mockResolvedValue: [36m[Function: mockResolvedValue][39m,
      mockResolvedValueOnce: [36m[Function: mockResolvedValueOnce][39m,
      mockRejectedValue: [36m[Function: mockRejectedValue][39m,
      mockRejectedValueOnce: [36m[Function: mockRejectedValueOnce][39m,
      mockClear: [36m[Function: mockClear][39m,
      mockReset: [36m[Function: mockReset][39m,
      mockRestore: [36m[Function: mockRestore][39m,
      mockName: [36m[Function: mockName][39m,
      getMockName: [36m[Function: getMockName][39m,
      [32mSymbol(Symbol.dispose)[39m: [36m[Function (anonymous)][39m
    }
  },
  reset: [Function: Mock] {
    _isMockFunction: [33mtrue[39m,
    getMockImplementation: [36m[Function (anonymous)][39m,
    mock: {
      calls: [],
      contexts: [],
      instances: [],
      invocationCallOrder: [],
      settledResults: [],
      results: [],
      lastCall: [36m[Getter][39m
    },
    mockImplementation: [36m[Function: mockImplementation][39m,
    mockImplementationOnce: [36m[Function: mockImplementationOnce][39m,
    withImplementation: [36m[Function: withImplementation][39m,
    mockReturnThis: [36m[Function: mockReturnThis][39m,
    mockReturnValue: [36m[Function: mockReturnValue][39m,
    mockReturnValueOnce: [36m[Function: mockReturnValueOnce][39m,
    mockThrow: [36m[Function: mockThrow][39m,
    mockThrowOnce: [36m[Function: mockThrowOnce][39m,
    mockResolvedValue: [36m[Function: mockResolvedValue][39m,
    mockResolvedValueOnce: [36m[Function: mockResolvedValueOnce][39m,
    mockRejectedValue: [36m[Function: mockRejectedValue][39m,
    mockRejectedValueOnce: [36m[Function: mockRejectedValueOnce][39m,
    mockClear: [36m[Function: mockClear][39m,
    mockReset: [36m[Function: mockReset][39m,
    mockRestore: [36m[Function: mockRestore][39m,
    mockName: [36m[Function: mockName][39m,
    getMockName: [36m[Function: getMockName][39m,
    [32mSymbol(Symbol.dispose)[39m: [36m[Function (anonymous)][39m
  },
  openCreate: [Function: Mock] {
    _isMockFunction: [33mtrue[39m,
    getMockImplementation: [36m[Function (anonymous)][39m,
    mock: {
      calls: [],
      contexts: [],
      instances: [],
      invocationCallOrder: [],
      settledResults: [],
      results: [],
      lastCall: [36m[Getter][39m
    },
    mockImplementation: [36m[Function: mockImplementation][39m,
    mockImplementationOnce: [36m[Function: mockImplementationOnce][39m,
    withImplementation: [36m[Function: withImplementation][39m,
    mockReturnThis: [36m[Function: mockReturnThis][39m,
    mockReturnValue: [36m[Function: mockReturnValue][39m,
    mockReturnValueOnce: [36m[Function: mockReturnValueOnce][39m,
    mockThrow: [36m[Function: mockThrow][39m,
    mockThrowOnce: [36m[Function: mockThrowOnce][39m,
    mockResolvedValue: [36m[Function: mockResolvedValue][39m,
    mockResolvedValueOnce: [36m[Function: mockResolvedValueOnce][39m,
    mockRejectedValue: [36m[Function: mockRejectedValue][39m,
    mockRejectedValueOnce: [36m[Function: mockRejectedValueOnce][39m,
    mockClear: [36m[Function: mockClear][39m,
    mockReset: [36m[Function: mockReset][39m,
    mockRestore: [36m[Function: mockRestore][39m,
    mockName: [36m[Function: mockName][39m,
    getMockName: [36m[Function: getMockName][39m,
    [32mSymbol(Symbol.dispose)[39m: [36m[Function (anonymous)][39m
  },
  loading: { getAll: [33mfalse[39m },
  pagination: { page: [33m1[39m, limit: [33m10[39m, pages: [33m1[39m, total: [33m0[39m },
  fetch: [Function: Mock] {
    _isMockFunction: [33mtrue[39m,
    getMockImplementation: [36m[Function (anonymous)][39m,
    mock: {
      calls: [],
      contexts: [],
      instances: [],
      invocationCallOrder: [],
      settledResults: [],
      results: [],
      lastCall: [36m[Getter][39m
    },
    mockImplementation: [36m[Function: mockImplementation][39m,
    mockImplementationOnce: [36m[Function: mockImplementationOnce][39m,
    withImplementation: [36m[Function: withImplementation][39m,
    mockReturnThis: [36m[Function: mockReturnThis][39m,
    mockReturnValue: [36m[Function: mockReturnValue][39m,
    mockReturnValueOnce: [36m[Function: mockReturnValueOnce][39m,
    mockThrow: [36m[Function: mockThrow][39m,
    mockThrowOnce: [36m[Function: mockThrowOnce][39m,
    mockResolvedValue: [36m[Function: mockResolvedValue][39m,
    mockResolvedValueOnce: [36m[Function: mockResolvedValueOnce][39m,
    mockRejectedValue: [36m[Function: mockRejectedValue][39m,
    mockRejectedValueOnce: [36m[Function: mockRejectedValueOnce][39m,
    mockClear: [36m[Function: mockClear][39m,
    mockReset: [36m[Function: mockReset][39m,
    mockRestore: [36m[Function: mockRestore][39m,
    mockName: [36m[Function: mockName][39m,
    getMockName: [36m[Function: getMockName][39m,
    [32mSymbol(Symbol.dispose)[39m: [36m[Function (anonymous)][39m
  },
  getQuery: [Function: Mock] {
    _isMockFunction: [33mtrue[39m,
    getMockImplementation: [36m[Function (anonymous)][39m,
    mock: {
      calls: [],
      contexts: [],
      instances: [],
      invocationCallOrder: [],
      settledResults: [],
      results: [],
      lastCall: [36m[Getter][39m
    },
    mockImplementation: [36m[Function: mockImplementation][39m,
    mockImplementationOnce: [36m[Function: mockImplementationOnce][39m,
    withImplementation: [36m[Function: withImplementation][39m,
    mockReturnThis: [36m[Function: mockReturnThis][39m,
    mockReturnValue: [36m[Function: mockReturnValue][39m,
    mockReturnValueOnce: [36m[Function: mockReturnValueOnce][39m,
    mockThrow: [36m[Function: mockThrow][39m,
    mockThrowOnce: [36m[Function: mockThrowOnce][39m,
    mockResolvedValue: [36m[Function: mockResolvedValue][39m,
    mockResolvedValueOnce: [36m[Function: mockResolvedValueOnce][39m,
    mockRejectedValue: [36m[Function: mockRejectedValue][39m,
    mockRejectedValueOnce: [36m[Function: mockRejectedValueOnce][39m,
    mockClear: [36m[Function: mockClear][39m,
    mockReset: [36m[Function: mockReset][39m,
    mockRestore: [36m[Function: mockRestore][39m,
    mockName: [36m[Function: mockName][39m,
    getMockName: [36m[Function: getMockName][39m,
    [32mSymbol(Symbol.dispose)[39m: [36m[Function (anonymous)][39m
  },
  sortByColumn: [Function: Mock] {
    _isMockFunction: [33mtrue[39m,
    getMockImplementation: [36m[Function (anonymous)][39m,
    mock: {
      calls: [],
      contexts: [],
      instances: [],
      invocationCallOrder: [],
      settledResults: [],
      results: [],
      lastCall: [36m[Getter][39m
    },
    mockImplementation: [36m[Function: mockImplementation][39m,
    mockImplementationOnce: [36m[Function: mockImplementationOnce][39m,
    withImplementation: [36m[Function: withImplementation][39m,
    mockReturnThis: [36m[Function: mockReturnThis][39m,
    mockReturnValue: [36m[Function: mockReturnValue][39m,
    mockReturnValueOnce: [36m[Function: mockReturnValueOnce][39m,
    mockThrow: [36m[Function: mockThrow][39m,
    mockThrowOnce: [36m[Function: mockThrowOnce][39m,
    mockResolvedValue: [36m[Function: mockResolvedValue][39m,
    mockResolvedValueOnce: [36m[Function: mockResolvedValueOnce][39m,
    mockRejectedValue: [36m[Function: mockRejectedValue][39m,
    mockRejectedValueOnce: [36m[Function: mockRejectedValueOnce][39m,
    mockClear: [36m[Function: mockClear][39m,
    mockReset: [36m[Function: mockReset][39m,
    mockRestore: [36m[Function: mockRestore][39m,
    mockName: [36m[Function: mockName][39m,
    getMockName: [36m[Function: getMockName][39m,
    [32mSymbol(Symbol.dispose)[39m: [36m[Function (anonymous)][39m
  }
}

stderr | src/test/pages/branch-admin.test.jsx > BranchAdmin page > does not refetch when branch admins are already loaded
An update to BranchAdmin inside a test was not wrapped in act(...).

When testing, code that causes React state updates should be wrapped into act(...):

act(() => {
  /* fire events that update state */
});
/* assert on the output */

This ensures that you're testing the behavior the user would see in the browser. Learn more at https://react.dev/link/wrap-tests-with-act

stderr | src/test/pages/branch-admin.test.jsx > BranchAdmin page > shows a loading indicator while branchAdmins.loading.getAll is true
An update to BranchAdmin inside a test was not wrapped in act(...).

When testing, code that causes React state updates should be wrapped into act(...):

act(() => {
  /* fire events that update state */
});
/* assert on the output */

This ensures that you're testing the behavior the user would see in the browser. Learn more at https://react.dev/link/wrap-tests-with-act

[90mstdout[2m | src/test/pages/branch-admin.test.jsx[2m > [22m[2mBranchAdmin page[2m > [22m[2mrenders the row count from branchAdmins.state
[22m[39mSkipped: {
  useBranchAdminColumns: [Function: Mock] {
    _isMockFunction: [33mtrue[39m,
    getMockImplementation: [36m[Function (anonymous)][39m,
    mock: {
      calls: [36m[Array][39m,
      contexts: [36m[Array][39m,
      instances: [36m[Array][39m,
      invocationCallOrder: [36m[Array][39m,
      settledResults: [36m[Array][39m,
      results: [36m[Array][39m,
      lastCall: [36m[Getter][39m
    },
    mockImplementation: [36m[Function: mockImplementation][39m,
    mockImplementationOnce: [36m[Function: mockImplementationOnce][39m,
    withImplementation: [36m[Function: withImplementation][39m,
    mockReturnThis: [36m[Function: mockReturnThis][39m,
    mockReturnValue: [36m[Function: mockReturnValue][39m,
    mockReturnValueOnce: [36m[Function: mockReturnValueOnce][39m,
    mockThrow: [36m[Function: mockThrow][39m,
    mockThrowOnce: [36m[Function: mockThrowOnce][39m,
    mockResolvedValue: [36m[Function: mockResolvedValue][39m,
    mockResolvedValueOnce: [36m[Function: mockResolvedValueOnce][39m,
    mockRejectedValue: [36m[Function: mockRejectedValue][39m,
    mockRejectedValueOnce: [36m[Function: mockRejectedValueOnce][39m,
    mockClear: [36m[Function: mockClear][39m,
    mockReset: [36m[Function: mockReset][39m,
    mockRestore: [36m[Function: mockRestore][39m,
    mockName: [36m[Function: mockName][39m,
    getMockName: [36m[Function: getMockName][39m,
    [32mSymbol(Symbol.dispose)[39m: [36m[Function (anonymous)][39m
  },
  state: [ { _id: [32m'a1'[39m }, { _id: [32m'a2'[39m }, { _id: [32m'a3'[39m } ],
  filters: {
    filterByStatus: [Function: Mock] {
      _isMockFunction: [33mtrue[39m,
      getMockImplementation: [36m[Function (anonymous)][39m,
      mock: [36m[Object][39m,
      mockImplementation: [36m[Function: mockImplementation][39m,
      mockImplementationOnce: [36m[Function: mockImplementationOnce][39m,
      withImplementation: [36m[Function: withImplementation][39m,
      mockReturnThis: [36m[Function: mockReturnThis][39m,
      mockReturnValue: [36m[Function: mockReturnValue][39m,
      mockReturnValueOnce: [36m[Function: mockReturnValueOnce][39m,
      mockThrow: [36m[Function: mockThrow][39m,
      mockThrowOnce: [36m[Function: mockThrowOnce][39m,
      mockResolvedValue: [36m[Function: mockResolvedValue][39m,
      mockResolvedValueOnce: [36m[Function: mockResolvedValueOnce][39m,
      mockRejectedValue: [36m[Function: mockRejectedValue][39m,
      mockRejectedValueOnce: [36m[Function: mockRejectedValueOnce][39m,
      mockClear: [36m[Function: mockClear][39m,
      mockReset: [36m[Function: mockReset][39m,
      mockRestore: [36m[Function: mockRestore][39m,
      mockName: [36m[Function: mockName][39m,
      getMockName: [36m[Function: getMockName][39m,
      [32mSymbol(Symbol.dispose)[39m: [36m[Function (anonymous)][39m
    }
  },
  reset: [Function: Mock] {
    _isMockFunction: [33mtrue[39m,
    getMockImplementation: [36m[Function (anonymous)][39m,
    mock: {
      calls: [],
      contexts: [],
      instances: [],
      invocationCallOrder: [],
      settledResults: [],
      results: [],
      lastCall: [36m[Getter][39m
    },
    mockImplementation: [36m[Function: mockImplementation][39m,
    mockImplementationOnce: [36m[Function: mockImplementationOnce][39m,
    withImplementation: [36m[Function: withImplementation][39m,
    mockReturnThis: [36m[Function: mockReturnThis][39m,
    mockReturnValue: [36m[Function: mockReturnValue][39m,
    mockReturnValueOnce: [36m[Function: mockReturnValueOnce][39m,
    mockThrow: [36m[Function: mockThrow][39m,
    mockThrowOnce: [36m[Function: mockThrowOnce][39m,
    mockResolvedValue: [36m[Function: mockResolvedValue][39m,
    mockResolvedValueOnce: [36m[Function: mockResolvedValueOnce][39m,
    mockRejectedValue: [36m[Function: mockRejectedValue][39m,
    mockRejectedValueOnce: [36m[Function: mockRejectedValueOnce][39m,
    mockClear: [36m[Function: mockClear][39m,
    mockReset: [36m[Function: mockReset][39m,
    mockRestore: [36m[Function: mockRestore][39m,
    mockName: [36m[Function: mockName][39m,
    getMockName: [36m[Function: getMockName][39m,
    [32mSymbol(Symbol.dispose)[39m: [36m[Function (anonymous)][39m
  },
  openCreate: [Function: Mock] {
    _isMockFunction: [33mtrue[39m,
    getMockImplementation: [36m[Function (anonymous)][39m,
    mock: {
      calls: [],
      contexts: [],
      instances: [],
      invocationCallOrder: [],
      settledResults: [],
      results: [],
      lastCall: [36m[Getter][39m
    },
    mockImplementation: [36m[Function: mockImplementation][39m,
    mockImplementationOnce: [36m[Function: mockImplementationOnce][39m,
    withImplementation: [36m[Function: withImplementation][39m,
    mockReturnThis: [36m[Function: mockReturnThis][39m,
    mockReturnValue: [36m[Function: mockReturnValue][39m,
    mockReturnValueOnce: [36m[Function: mockReturnValueOnce][39m,
    mockThrow: [36m[Function: mockThrow][39m,
    mockThrowOnce: [36m[Function: mockThrowOnce][39m,
    mockResolvedValue: [36m[Function: mockResolvedValue][39m,
    mockResolvedValueOnce: [36m[Function: mockResolvedValueOnce][39m,
    mockRejectedValue: [36m[Function: mockRejectedValue][39m,
    mockRejectedValueOnce: [36m[Function: mockRejectedValueOnce][39m,
    mockClear: [36m[Function: mockClear][39m,
    mockReset: [36m[Function: mockReset][39m,
    mockRestore: [36m[Function: mockRestore][39m,
    mockName: [36m[Function: mockName][39m,
    getMockName: [36m[Function: getMockName][39m,
    [32mSymbol(Symbol.dispose)[39m: [36m[Function (anonymous)][39m
  },
  loading: { getAll: [33mfalse[39m },
  pagination: { page: [33m1[39m, limit: [33m10[39m, pages: [33m1[39m, total: [33m0[39m },
  fetch: [Function: Mock] {
    _isMockFunction: [33mtrue[39m,
    getMockImplementation: [36m[Function (anonymous)][39m,
    mock: {
      calls: [],
      contexts: [],
      instances: [],
      invocationCallOrder: [],
      settledResults: [],
      results: [],
      lastCall: [36m[Getter][39m
    },
    mockImplementation: [36m[Function: mockImplementation][39m,
    mockImplementationOnce: [36m[Function: mockImplementationOnce][39m,
    withImplementation: [36m[Function: withImplementation][39m,
    mockReturnThis: [36m[Function: mockReturnThis][39m,
    mockReturnValue: [36m[Function: mockReturnValue][39m,
    mockReturnValueOnce: [36m[Function: mockReturnValueOnce][39m,
    mockThrow: [36m[Function: mockThrow][39m,
    mockThrowOnce: [36m[Function: mockThrowOnce][39m,
    mockResolvedValue: [36m[Function: mockResolvedValue][39m,
    mockResolvedValueOnce: [36m[Function: mockResolvedValueOnce][39m,
    mockRejectedValue: [36m[Function: mockRejectedValue][39m,
    mockRejectedValueOnce: [36m[Function: mockRejectedValueOnce][39m,
    mockClear: [36m[Function: mockClear][39m,
    mockReset: [36m[Function: mockReset][39m,
    mockRestore: [36m[Function: mockRestore][39m,
    mockName: [36m[Function: mockName][39m,
    getMockName: [36m[Function: getMockName][39m,
    [32mSymbol(Symbol.dispose)[39m: [36m[Function (anonymous)][39m
  },
  getQuery: [Function: Mock] {
    _isMockFunction: [33mtrue[39m,
    getMockImplementation: [36m[Function (anonymous)][39m,
    mock: {
      calls: [],
      contexts: [],
      instances: [],
      invocationCallOrder: [],
      settledResults: [],
      results: [],
      lastCall: [36m[Getter][39m
    },
    mockImplementation: [36m[Function: mockImplementation][39m,
    mockImplementationOnce: [36m[Function: mockImplementationOnce][39m,
    withImplementation: [36m[Function: withImplementation][39m,
    mockReturnThis: [36m[Function: mockReturnThis][39m,
    mockReturnValue: [36m[Function: mockReturnValue][39m,
    mockReturnValueOnce: [36m[Function: mockReturnValueOnce][39m,
    mockThrow: [36m[Function: mockThrow][39m,
    mockThrowOnce: [36m[Function: mockThrowOnce][39m,
    mockResolvedValue: [36m[Function: mockResolvedValue][39m,
    mockResolvedValueOnce: [36m[Function: mockResolvedValueOnce][39m,
    mockRejectedValue: [36m[Function: mockRejectedValue][39m,
    mockRejectedValueOnce: [36m[Function: mockRejectedValueOnce][39m,
    mockClear: [36m[Function: mockClear][39m,
    mockReset: [36m[Function: mockReset][39m,
    mockRestore: [36m[Function: mockRestore][39m,
    mockName: [36m[Function: mockName][39m,
    getMockName: [36m[Function: getMockName][39m,
    [32mSymbol(Symbol.dispose)[39m: [36m[Function (anonymous)][39m
  },
  sortByColumn: [Function: Mock] {
    _isMockFunction: [33mtrue[39m,
    getMockImplementation: [36m[Function (anonymous)][39m,
    mock: {
      calls: [],
      contexts: [],
      instances: [],
      invocationCallOrder: [],
      settledResults: [],
      results: [],
      lastCall: [36m[Getter][39m
    },
    mockImplementation: [36m[Function: mockImplementation][39m,
    mockImplementationOnce: [36m[Function: mockImplementationOnce][39m,
    withImplementation: [36m[Function: withImplementation][39m,
    mockReturnThis: [36m[Function: mockReturnThis][39m,
    mockReturnValue: [36m[Function: mockReturnValue][39m,
    mockReturnValueOnce: [36m[Function: mockReturnValueOnce][39m,
    mockThrow: [36m[Function: mockThrow][39m,
    mockThrowOnce: [36m[Function: mockThrowOnce][39m,
    mockResolvedValue: [36m[Function: mockResolvedValue][39m,
    mockResolvedValueOnce: [36m[Function: mockResolvedValueOnce][39m,
    mockRejectedValue: [36m[Function: mockRejectedValue][39m,
    mockRejectedValueOnce: [36m[Function: mockRejectedValueOnce][39m,
    mockClear: [36m[Function: mockClear][39m,
    mockReset: [36m[Function: mockReset][39m,
    mockRestore: [36m[Function: mockRestore][39m,
    mockName: [36m[Function: mockName][39m,
    getMockName: [36m[Function: getMockName][39m,
    [32mSymbol(Symbol.dispose)[39m: [36m[Function (anonymous)][39m
  }
}

stderr | src/test/pages/branch-admin.test.jsx > BranchAdmin page > renders the row count from branchAdmins.state
An update to BranchAdmin inside a test was not wrapped in act(...).

When testing, code that causes React state updates should be wrapped into act(...):

act(() => {
  /* fire events that update state */
});
/* assert on the output */

This ensures that you're testing the behavior the user would see in the browser. Learn more at https://react.dev/link/wrap-tests-with-act

 [32mΓ£ô[39m src/test/pages/branch-admin.test.jsx [2m([22m[2m11 tests[22m[2m)[22m[33m 1412[2mms[22m[39m
     [33m[2mΓ£ô[22m[39m opens the create modal via the "Create Branch Admin" action [33m 578[2mms[22m[39m
stderr | src/test/pages/credits.test.jsx > Credits page > loads credits on mount when the list is empty
An update to Credits inside a test was not wrapped in act(...).

When testing, code that causes React state updates should be wrapped into act(...):

act(() => {
  /* fire events that update state */
});
/* assert on the output */

This ensures that you're testing the behavior the user would see in the browser. Learn more at https://react.dev/link/wrap-tests-with-act

[90mstdout[2m | src/test/pages/credits.test.jsx[2m > [22m[2mCredits page[2m > [22m[2mdoes not refetch when credits are already loaded
[22m[39mSkipped: {
  useCreditColumns: [Function: Mock] {
    _isMockFunction: [33mtrue[39m,
    getMockImplementation: [36m[Function (anonymous)][39m,
    mock: {
      calls: [36m[Array][39m,
      contexts: [36m[Array][39m,
      instances: [36m[Array][39m,
      invocationCallOrder: [36m[Array][39m,
      settledResults: [36m[Array][39m,
      results: [36m[Array][39m,
      lastCall: [36m[Getter][39m
    },
    mockImplementation: [36m[Function: mockImplementation][39m,
    mockImplementationOnce: [36m[Function: mockImplementationOnce][39m,
    withImplementation: [36m[Function: withImplementation][39m,
    mockReturnThis: [36m[Function: mockReturnThis][39m,
    mockReturnValue: [36m[Function: mockReturnValue][39m,
    mockReturnValueOnce: [36m[Function: mockReturnValueOnce][39m,
    mockThrow: [36m[Function: mockThrow][39m,
    mockThrowOnce: [36m[Function: mockThrowOnce][39m,
    mockResolvedValue: [36m[Function: mockResolvedValue][39m,
    mockResolvedValueOnce: [36m[Function: mockResolvedValueOnce][39m,
    mockRejectedValue: [36m[Function: mockRejectedValue][39m,
    mockRejectedValueOnce: [36m[Function: mockRejectedValueOnce][39m,
    mockClear: [36m[Function: mockClear][39m,
    mockReset: [36m[Function: mockReset][39m,
    mockRestore: [36m[Function: mockRestore][39m,
    mockName: [36m[Function: mockName][39m,
    getMockName: [36m[Function: getMockName][39m,
    [32mSymbol(Symbol.dispose)[39m: [36m[Function (anonymous)][39m
  },
  state: [ { _id: [32m'c1'[39m } ],
  filters: {
    latest: [Function: Mock] {
      _isMockFunction: [33mtrue[39m,
      getMockImplementation: [36m[Function (anonymous)][39m,
      mock: [36m[Object][39m,
      mockImplementation: [36m[Function: mockImplementation][39m,
      mockImplementationOnce: [36m[Function: mockImplementationOnce][39m,
      withImplementation: [36m[Function: withImplementation][39m,
      mockReturnThis: [36m[Function: mockReturnThis][39m,
      mockReturnValue: [36m[Function: mockReturnValue][39m,
      mockReturnValueOnce: [36m[Function: mockReturnValueOnce][39m,
      mockThrow: [36m[Function: mockThrow][39m,
      mockThrowOnce: [36m[Function: mockThrowOnce][39m,
      mockResolvedValue: [36m[Function: mockResolvedValue][39m,
      mockResolvedValueOnce: [36m[Function: mockResolvedValueOnce][39m,
      mockRejectedValue: [36m[Function: mockRejectedValue][39m,
      mockRejectedValueOnce: [36m[Function: mockRejectedValueOnce][39m,
      mockClear: [36m[Function: mockClear][39m,
      mockReset: [36m[Function: mockReset][39m,
      mockRestore: [36m[Function: mockRestore][39m,
      mockName: [36m[Function: mockName][39m,
      getMockName: [36m[Function: getMockName][39m,
      [32mSymbol(Symbol.dispose)[39m: [36m[Function (anonymous)][39m
    },
    oldest: [Function: Mock] {
      _isMockFunction: [33mtrue[39m,
      getMockImplementation: [36m[Function (anonymous)][39m,
      mock: [36m[Object][39m,
      mockImplementation: [36m[Function: mockImplementation][39m,
      mockImplementationOnce: [36m[Function: mockImplementationOnce][39m,
      withImplementation: [36m[Function: withImplementation][39m,
      mockReturnThis: [36m[Function: mockReturnThis][39m,
      mockReturnValue: [36m[Function: mockReturnValue][39m,
      mockReturnValueOnce: [36m[Function: mockReturnValueOnce][39m,
      mockThrow: [36m[Function: mockThrow][39m,
      mockThrowOnce: [36m[Function: mockThrowOnce][39m,
      mockResolvedValue: [36m[Function: mockResolvedValue][39m,
      mockResolvedValueOnce: [36m[Function: mockResolvedValueOnce][39m,
      mockRejectedValue: [36m[Function: mockRejectedValue][39m,
      mockRejectedValueOnce: [36m[Function: mockRejectedValueOnce][39m,
      mockClear: [36m[Function: mockClear][39m,
      mockReset: [36m[Function: mockReset][39m,
      mockRestore: [36m[Function: mockRestore][39m,
      mockName: [36m[Function: mockName][39m,
      getMockName: [36m[Function: getMockName][39m,
      [32mSymbol(Symbol.dispose)[39m: [36m[Function (anonymous)][39m
    }
  },
  reset: [Function: Mock] {
    _isMockFunction: [33mtrue[39m,
    getMockImplementation: [36m[Function (anonymous)][39m,
    mock: {
      calls: [],
      contexts: [],
      instances: [],
      invocationCallOrder: [],
      settledResults: [],
      results: [],
      lastCall: [36m[Getter][39m
    },
    mockImplementation: [36m[Function: mockImplementation][39m,
    mockImplementationOnce: [36m[Function: mockImplementationOnce][39m,
    withImplementation: [36m[Function: withImplementation][39m,
    mockReturnThis: [36m[Function: mockReturnThis][39m,
    mockReturnValue: [36m[Function: mockReturnValue][39m,
    mockReturnValueOnce: [36m[Function: mockReturnValueOnce][39m,
    mockThrow: [36m[Function: mockThrow][39m,
    mockThrowOnce: [36m[Function: mockThrowOnce][39m,
    mockResolvedValue: [36m[Function: mockResolvedValue][39m,
    mockResolvedValueOnce: [36m[Function: mockResolvedValueOnce][39m,
    mockRejectedValue: [36m[Function: mockRejectedValue][39m,
    mockRejectedValueOnce: [36m[Function: mockRejectedValueOnce][39m,
    mockClear: [36m[Function: mockClear][39m,
    mockReset: [36m[Function: mockReset][39m,
    mockRestore: [36m[Function: mockRestore][39m,
    mockName: [36m[Function: mockName][39m,
    getMockName: [36m[Function: getMockName][39m,
    [32mSymbol(Symbol.dispose)[39m: [36m[Function (anonymous)][39m
  },
  openCreate: [Function: Mock] {
    _isMockFunction: [33mtrue[39m,
    getMockImplementation: [36m[Function (anonymous)][39m,
    mock: {
      calls: [],
      contexts: [],
      instances: [],
      invocationCallOrder: [],
      settledResults: [],
      results: [],
      lastCall: [36m[Getter][39m
    },
    mockImplementation: [36m[Function: mockImplementation][39m,
    mockImplementationOnce: [36m[Function: mockImplementationOnce][39m,
    withImplementation: [36m[Function: withImplementation][39m,
    mockReturnThis: [36m[Function: mockReturnThis][39m,
    mockReturnValue: [36m[Function: mockReturnValue][39m,
    mockReturnValueOnce: [36m[Function: mockReturnValueOnce][39m,
    mockThrow: [36m[Function: mockThrow][39m,
    mockThrowOnce: [36m[Function: mockThrowOnce][39m,
    mockResolvedValue: [36m[Function: mockResolvedValue][39m,
    mockResolvedValueOnce: [36m[Function: mockResolvedValueOnce][39m,
    mockRejectedValue: [36m[Function: mockRejectedValue][39m,
    mockRejectedValueOnce: [36m[Function: mockRejectedValueOnce][39m,
    mockClear: [36m[Function: mockClear][39m,
    mockReset: [36m[Function: mockReset][39m,
    mockRestore: [36m[Function: mockRestore][39m,
    mockName: [36m[Function: mockName][39m,
    getMockName: [36m[Function: getMockName][39m,
    [32mSymbol(Symbol.dispose)[39m: [36m[Function (anonymous)][39m
  },
  loading: { getAll: [33mfalse[39m },
  pagination: { page: [33m1[39m, limit: [33m10[39m, pages: [33m1[39m, total: [33m0[39m },
  fetch: [Function: Mock] {
    _isMockFunction: [33mtrue[39m,
    getMockImplementation: [36m[Function (anonymous)][39m,
    mock: {
      calls: [],
      contexts: [],
      instances: [],
      invocationCallOrder: [],
      settledResults: [],
      results: [],
      lastCall: [36m[Getter][39m
    },
    mockImplementation: [36m[Function: mockImplementation][39m,
    mockImplementationOnce: [36m[Function: mockImplementationOnce][39m,
    withImplementation: [36m[Function: withImplementation][39m,
    mockReturnThis: [36m[Function: mockReturnThis][39m,
    mockReturnValue: [36m[Function: mockReturnValue][39m,
    mockReturnValueOnce: [36m[Function: mockReturnValueOnce][39m,
    mockThrow: [36m[Function: mockThrow][39m,
    mockThrowOnce: [36m[Function: mockThrowOnce][39m,
    mockResolvedValue: [36m[Function: mockResolvedValue][39m,
    mockResolvedValueOnce: [36m[Function: mockResolvedValueOnce][39m,
    mockRejectedValue: [36m[Function: mockRejectedValue][39m,
    mockRejectedValueOnce: [36m[Function: mockRejectedValueOnce][39m,
    mockClear: [36m[Function: mockClear][39m,
    mockReset: [36m[Function: mockReset][39m,
    mockRestore: [36m[Function: mockRestore][39m,
    mockName: [36m[Function: mockName][39m,
    getMockName: [36m[Function: getMockName][39m,
    [32mSymbol(Symbol.dispose)[39m: [36m[Function (anonymous)][39m
  },
  getQuery: [Function: Mock] {
    _isMockFunction: [33mtrue[39m,
    getMockImplementation: [36m[Function (anonymous)][39m,
    mock: {
      calls: [],
      contexts: [],
      instances: [],
      invocationCallOrder: [],
      settledResults: [],
      results: [],
      lastCall: [36m[Getter][39m
    },
    mockImplementation: [36m[Function: mockImplementation][39m,
    mockImplementationOnce: [36m[Function: mockImplementationOnce][39m,
    withImplementation: [36m[Function: withImplementation][39m,
    mockReturnThis: [36m[Function: mockReturnThis][39m,
    mockReturnValue: [36m[Function: mockReturnValue][39m,
    mockReturnValueOnce: [36m[Function: mockReturnValueOnce][39m,
    mockThrow: [36m[Function: mockThrow][39m,
    mockThrowOnce: [36m[Function: mockThrowOnce][39m,
    mockResolvedValue: [36m[Function: mockResolvedValue][39m,
    mockResolvedValueOnce: [36m[Function: mockResolvedValueOnce][39m,
    mockRejectedValue: [36m[Function: mockRejectedValue][39m,
    mockRejectedValueOnce: [36m[Function: mockRejectedValueOnce][39m,
    mockClear: [36m[Function: mockClear][39m,
    mockReset: [36m[Function: mockReset][39m,
    mockRestore: [36m[Function: mockRestore][39m,
    mockName: [36m[Function: mockName][39m,
    getMockName: [36m[Function: getMockName][39m,
    [32mSymbol(Symbol.dispose)[39m: [36m[Function (anonymous)][39m
  },
  sortByColumn: [Function: Mock] {
    _isMockFunction: [33mtrue[39m,
    getMockImplementation: [36m[Function (anonymous)][39m,
    mock: {
      calls: [],
      contexts: [],
      instances: [],
      invocationCallOrder: [],
      settledResults: [],
      results: [],
      lastCall: [36m[Getter][39m
    },
    mockImplementation: [36m[Function: mockImplementation][39m,
    mockImplementationOnce: [36m[Function: mockImplementationOnce][39m,
    withImplementation: [36m[Function: withImplementation][39m,
    mockReturnThis: [36m[Function: mockReturnThis][39m,
    mockReturnValue: [36m[Function: mockReturnValue][39m,
    mockReturnValueOnce: [36m[Function: mockReturnValueOnce][39m,
    mockThrow: [36m[Function: mockThrow][39m,
    mockThrowOnce: [36m[Function: mockThrowOnce][39m,
    mockResolvedValue: [36m[Function: mockResolvedValue][39m,
    mockResolvedValueOnce: [36m[Function: mockResolvedValueOnce][39m,
    mockRejectedValue: [36m[Function: mockRejectedValue][39m,
    mockRejectedValueOnce: [36m[Function: mockRejectedValueOnce][39m,
    mockClear: [36m[Function: mockClear][39m,
    mockReset: [36m[Function: mockReset][39m,
    mockRestore: [36m[Function: mockRestore][39m,
    mockName: [36m[Function: mockName][39m,
    getMockName: [36m[Function: getMockName][39m,
    [32mSymbol(Symbol.dispose)[39m: [36m[Function (anonymous)][39m
  }
}

stderr | src/test/pages/credits.test.jsx > Credits page > does not refetch when credits are already loaded
An update to Credits inside a test was not wrapped in act(...).

When testing, code that causes React state updates should be wrapped into act(...):

act(() => {
  /* fire events that update state */
});
/* assert on the output */

This ensures that you're testing the behavior the user would see in the browser. Learn more at https://react.dev/link/wrap-tests-with-act

stderr | src/test/pages/credits.test.jsx > Credits page > shows a loading indicator while credits.loading.getAll is true
An update to Credits inside a test was not wrapped in act(...).

When testing, code that causes React state updates should be wrapped into act(...):

act(() => {
  /* fire events that update state */
});
/* assert on the output */

This ensures that you're testing the behavior the user would see in the browser. Learn more at https://react.dev/link/wrap-tests-with-act

[90mstdout[2m | src/test/pages/credits.test.jsx[2m > [22m[2mCredits page[2m > [22m[2mrenders the row count from credits.state
[22m[39mSkipped: {
  useCreditColumns: [Function: Mock] {
    _isMockFunction: [33mtrue[39m,
    getMockImplementation: [36m[Function (anonymous)][39m,
    mock: {
      calls: [36m[Array][39m,
      contexts: [36m[Array][39m,
      instances: [36m[Array][39m,
      invocationCallOrder: [36m[Array][39m,
      settledResults: [36m[Array][39m,
      results: [36m[Array][39m,
      lastCall: [36m[Getter][39m
    },
    mockImplementation: [36m[Function: mockImplementation][39m,
    mockImplementationOnce: [36m[Function: mockImplementationOnce][39m,
    withImplementation: [36m[Function: withImplementation][39m,
    mockReturnThis: [36m[Function: mockReturnThis][39m,
    mockReturnValue: [36m[Function: mockReturnValue][39m,
    mockReturnValueOnce: [36m[Function: mockReturnValueOnce][39m,
    mockThrow: [36m[Function: mockThrow][39m,
    mockThrowOnce: [36m[Function: mockThrowOnce][39m,
    mockResolvedValue: [36m[Function: mockResolvedValue][39m,
    mockResolvedValueOnce: [36m[Function: mockResolvedValueOnce][39m,
    mockRejectedValue: [36m[Function: mockRejectedValue][39m,
    mockRejectedValueOnce: [36m[Function: mockRejectedValueOnce][39m,
    mockClear: [36m[Function: mockClear][39m,
    mockReset: [36m[Function: mockReset][39m,
    mockRestore: [36m[Function: mockRestore][39m,
    mockName: [36m[Function: mockName][39m,
    getMockName: [36m[Function: getMockName][39m,
    [32mSymbol(Symbol.dispose)[39m: [36m[Function (anonymous)][39m
  },
  state: [ { _id: [32m'c1'[39m }, { _id: [32m'c2'[39m } ],
  filters: {
    latest: [Function: Mock] {
      _isMockFunction: [33mtrue[39m,
      getMockImplementation: [36m[Function (anonymous)][39m,
      mock: [36m[Object][39m,
      mockImplementation: [36m[Function: mockImplementation][39m,
      mockImplementationOnce: [36m[Function: mockImplementationOnce][39m,
      withImplementation: [36m[Function: withImplementation][39m,
      mockReturnThis: [36m[Function: mockReturnThis][39m,
      mockReturnValue: [36m[Function: mockReturnValue][39m,
      mockReturnValueOnce: [36m[Function: mockReturnValueOnce][39m,
      mockThrow: [36m[Function: mockThrow][39m,
      mockThrowOnce: [36m[Function: mockThrowOnce][39m,
      mockResolvedValue: [36m[Function: mockResolvedValue][39m,
      mockResolvedValueOnce: [36m[Function: mockResolvedValueOnce][39m,
      mockRejectedValue: [36m[Function: mockRejectedValue][39m,
      mockRejectedValueOnce: [36m[Function: mockRejectedValueOnce][39m,
      mockClear: [36m[Function: mockClear][39m,
      mockReset: [36m[Function: mockReset][39m,
      mockRestore: [36m[Function: mockRestore][39m,
      mockName: [36m[Function: mockName][39m,
      getMockName: [36m[Function: getMockName][39m,
      [32mSymbol(Symbol.dispose)[39m: [36m[Function (anonymous)][39m
    },
    oldest: [Function: Mock] {
      _isMockFunction: [33mtrue[39m,
      getMockImplementation: [36m[Function (anonymous)][39m,
      mock: [36m[Object][39m,
      mockImplementation: [36m[Function: mockImplementation][39m,
      mockImplementationOnce: [36m[Function: mockImplementationOnce][39m,
      withImplementation: [36m[Function: withImplementation][39m,
      mockReturnThis: [36m[Function: mockReturnThis][39m,
      mockReturnValue: [36m[Function: mockReturnValue][39m,
      mockReturnValueOnce: [36m[Function: mockReturnValueOnce][39m,
      mockThrow: [36m[Function: mockThrow][39m,
      mockThrowOnce: [36m[Function: mockThrowOnce][39m,
      mockResolvedValue: [36m[Function: mockResolvedValue][39m,
      mockResolvedValueOnce: [36m[Function: mockResolvedValueOnce][39m,
      mockRejectedValue: [36m[Function: mockRejectedValue][39m,
      mockRejectedValueOnce: [36m[Function: mockRejectedValueOnce][39m,
      mockClear: [36m[Function: mockClear][39m,
      mockReset: [36m[Function: mockReset][39m,
      mockRestore: [36m[Function: mockRestore][39m,
      mockName: [36m[Function: mockName][39m,
      getMockName: [36m[Function: getMockName][39m,
      [32mSymbol(Symbol.dispose)[39m: [36m[Function (anonymous)][39m
    }
  },
  reset: [Function: Mock] {
    _isMockFunction: [33mtrue[39m,
    getMockImplementation: [36m[Function (anonymous)][39m,
    mock: {
      calls: [],
      contexts: [],
      instances: [],
      invocationCallOrder: [],
      settledResults: [],
      results: [],
      lastCall: [36m[Getter][39m
    },
    mockImplementation: [36m[Function: mockImplementation][39m,
    mockImplementationOnce: [36m[Function: mockImplementationOnce][39m,
    withImplementation: [36m[Function: withImplementation][39m,
    mockReturnThis: [36m[Function: mockReturnThis][39m,
    mockReturnValue: [36m[Function: mockReturnValue][39m,
    mockReturnValueOnce: [36m[Function: mockReturnValueOnce][39m,
    mockThrow: [36m[Function: mockThrow][39m,
    mockThrowOnce: [36m[Function: mockThrowOnce][39m,
    mockResolvedValue: [36m[Function: mockResolvedValue][39m,
    mockResolvedValueOnce: [36m[Function: mockResolvedValueOnce][39m,
    mockRejectedValue: [36m[Function: mockRejectedValue][39m,
    mockRejectedValueOnce: [36m[Function: mockRejectedValueOnce][39m,
    mockClear: [36m[Function: mockClear][39m,
    mockReset: [36m[Function: mockReset][39m,
    mockRestore: [36m[Function: mockRestore][39m,
    mockName: [36m[Function: mockName][39m,
    getMockName: [36m[Function: getMockName][39m,
    [32mSymbol(Symbol.dispose)[39m: [36m[Function (anonymous)][39m
  },
  openCreate: [Function: Mock] {
    _isMockFunction: [33mtrue[39m,
    getMockImplementation: [36m[Function (anonymous)][39m,
    mock: {
      calls: [],
      contexts: [],
      instances: [],
      invocationCallOrder: [],
      settledResults: [],
      results: [],
      lastCall: [36m[Getter][39m
    },
    mockImplementation: [36m[Function: mockImplementation][39m,
    mockImplementationOnce: [36m[Function: mockImplementationOnce][39m,
    withImplementation: [36m[Function: withImplementation][39m,
    mockReturnThis: [36m[Function: mockReturnThis][39m,
    mockReturnValue: [36m[Function: mockReturnValue][39m,
    mockReturnValueOnce: [36m[Function: mockReturnValueOnce][39m,
    mockThrow: [36m[Function: mockThrow][39m,
    mockThrowOnce: [36m[Function: mockThrowOnce][39m,
    mockResolvedValue: [36m[Function: mockResolvedValue][39m,
    mockResolvedValueOnce: [36m[Function: mockResolvedValueOnce][39m,
    mockRejectedValue: [36m[Function: mockRejectedValue][39m,
    mockRejectedValueOnce: [36m[Function: mockRejectedValueOnce][39m,
    mockClear: [36m[Function: mockClear][39m,
    mockReset: [36m[Function: mockReset][39m,
    mockRestore: [36m[Function: mockRestore][39m,
    mockName: [36m[Function: mockName][39m,
    getMockName: [36m[Function: getMockName][39m,
    [32mSymbol(Symbol.dispose)[39m: [36m[Function (anonymous)][39m
  },
  loading: { getAll: [33mfalse[39m },
  pagination: { page: [33m1[39m, limit: [33m10[39m, pages: [33m1[39m, total: [33m0[39m },
  fetch: [Function: Mock] {
    _isMockFunction: [33mtrue[39m,
    getMockImplementation: [36m[Function (anonymous)][39m,
    mock: {
      calls: [],
      contexts: [],
      instances: [],
      invocationCallOrder: [],
      settledResults: [],
      results: [],
      lastCall: [36m[Getter][39m
    },
    mockImplementation: [36m[Function: mockImplementation][39m,
    mockImplementationOnce: [36m[Function: mockImplementationOnce][39m,
    withImplementation: [36m[Function: withImplementation][39m,
    mockReturnThis: [36m[Function: mockReturnThis][39m,
    mockReturnValue: [36m[Function: mockReturnValue][39m,
    mockReturnValueOnce: [36m[Function: mockReturnValueOnce][39m,
    mockThrow: [36m[Function: mockThrow][39m,
    mockThrowOnce: [36m[Function: mockThrowOnce][39m,
    mockResolvedValue: [36m[Function: mockResolvedValue][39m,
    mockResolvedValueOnce: [36m[Function: mockResolvedValueOnce][39m,
    mockRejectedValue: [36m[Function: mockRejectedValue][39m,
    mockRejectedValueOnce: [36m[Function: mockRejectedValueOnce][39m,
    mockClear: [36m[Function: mockClear][39m,
    mockReset: [36m[Function: mockReset][39m,
    mockRestore: [36m[Function: mockRestore][39m,
    mockName: [36m[Function: mockName][39m,
    getMockName: [36m[Function: getMockName][39m,
    [32mSymbol(Symbol.dispose)[39m: [36m[Function (anonymous)][39m
  },
  getQuery: [Function: Mock] {
    _isMockFunction: [33mtrue[39m,
    getMockImplementation: [36m[Function (anonymous)][39m,
    mock: {
      calls: [],
      contexts: [],
      instances: [],
      invocationCallOrder: [],
      settledResults: [],
      results: [],
      lastCall: [36m[Getter][39m
    },
    mockImplementation: [36m[Function: mockImplementation][39m,
    mockImplementationOnce: [36m[Function: mockImplementationOnce][39m,
    withImplementation: [36m[Function: withImplementation][39m,
    mockReturnThis: [36m[Function: mockReturnThis][39m,
    mockReturnValue: [36m[Function: mockReturnValue][39m,
    mockReturnValueOnce: [36m[Function: mockReturnValueOnce][39m,
    mockThrow: [36m[Function: mockThrow][39m,
    mockThrowOnce: [36m[Function: mockThrowOnce][39m,
    mockResolvedValue: [36m[Function: mockResolvedValue][39m,
    mockResolvedValueOnce: [36m[Function: mockResolvedValueOnce][39m,
    mockRejectedValue: [36m[Function: mockRejectedValue][39m,
    mockRejectedValueOnce: [36m[Function: mockRejectedValueOnce][39m,
    mockClear: [36m[Function: mockClear][39m,
    mockReset: [36m[Function: mockReset][39m,
    mockRestore: [36m[Function: mockRestore][39m,
    mockName: [36m[Function: mockName][39m,
    getMockName: [36m[Function: getMockName][39m,
    [32mSymbol(Symbol.dispose)[39m: [36m[Function (anonymous)][39m
  },
  sortByColumn: [Function: Mock] {
    _isMockFunction: [33mtrue[39m,
    getMockImplementation: [36m[Function (anonymous)][39m,
    mock: {
      calls: [],
      contexts: [],
      instances: [],
      invocationCallOrder: [],
      settledResults: [],
      results: [],
      lastCall: [36m[Getter][39m
    },
    mockImplementation: [36m[Function: mockImplementation][39m,
    mockImplementationOnce: [36m[Function: mockImplementationOnce][39m,
    withImplementation: [36m[Function: withImplementation][39m,
    mockReturnThis: [36m[Function: mockReturnThis][39m,
    mockReturnValue: [36m[Function: mockReturnValue][39m,
    mockReturnValueOnce: [36m[Function: mockReturnValueOnce][39m,
    mockThrow: [36m[Function: mockThrow][39m,
    mockThrowOnce: [36m[Function: mockThrowOnce][39m,
    mockResolvedValue: [36m[Function: mockResolvedValue][39m,
    mockResolvedValueOnce: [36m[Function: mockResolvedValueOnce][39m,
    mockRejectedValue: [36m[Function: mockRejectedValue][39m,
    mockRejectedValueOnce: [36m[Function: mockRejectedValueOnce][39m,
    mockClear: [36m[Function: mockClear][39m,
    mockReset: [36m[Function: mockReset][39m,
    mockRestore: [36m[Function: mockRestore][39m,
    mockName: [36m[Function: mockName][39m,
    getMockName: [36m[Function: getMockName][39m,
    [32mSymbol(Symbol.dispose)[39m: [36m[Function (anonymous)][39m
  }
}

stderr | src/test/pages/credits.test.jsx > Credits page > renders the row count from credits.state
An update to Credits inside a test was not wrapped in act(...).

When testing, code that causes React state updates should be wrapped into act(...):

act(() => {
  /* fire events that update state */
});
/* assert on the output */

This ensures that you're testing the behavior the user would see in the browser. Learn more at https://react.dev/link/wrap-tests-with-act

 [32mΓ£ô[39m src/test/pages/credits.test.jsx [2m([22m[2m10 tests[22m[2m)[22m[33m 1148[2mms[22m[39m
     [33m[2mΓ£ô[22m[39m opens the create modal via the "Create New Credit" action [33m 477[2mms[22m[39m
 [32mΓ£ô[39m src/test/pages/profile.test.jsx [2m([22m[2m10 tests[22m[2m)[22m[33m 1827[2mms[22m[39m
     [33m[2mΓ£ô[22m[39m copies the login id to the clipboard and shows a success toast [33m 926[2mms[22m[39m
     [33m[2mΓ£ô[22m[39m navigates to the role-scoped change password route [33m 311[2mms[22m[39m
[90mstdout[2m | src/test/pages/bill-creation.test.jsx[2m > [22m[2mBillCreation page[2m > [22m[2mrenders the create heading with default form values when there is nothing to prefill
[22m[39mPreset Loader Debug {
  presetModules: [
    { state: [], fetch: [36m[Function][39m },
    { state: [], fetch: [36m[Function][39m }
  ],
  force: [33mtrue[39m,
  full: [33mtrue[39m
}

stderr | src/test/pages/bill-creation.test.jsx > BillCreation page > renders the create heading with default form values when there is nothing to prefill
An update to BillCreation inside a test was not wrapped in act(...).

When testing, code that causes React state updates should be wrapped into act(...):

act(() => {
  /* fire events that update state */
});
/* assert on the output */

This ensures that you're testing the behavior the user would see in the browser. Learn more at https://react.dev/link/wrap-tests-with-act

[90mstdout[2m | src/test/pages/bill-creation.test.jsx[2m > [22m[2mBillCreation page[2m > [22m[2mpreloads inventory products and services on mount
[22m[39mPreset Loader Debug {
  presetModules: [
    { state: [], fetch: [36m[Function][39m },
    { state: [], fetch: [36m[Function][39m }
  ],
  force: [33mtrue[39m,
  full: [33mtrue[39m
}

stderr | src/test/pages/bill-creation.test.jsx > BillCreation page > preloads inventory products and services on mount
An update to BillCreation inside a test was not wrapped in act(...).

When testing, code that causes React state updates should be wrapped into act(...):

act(() => {
  /* fire events that update state */
});
/* assert on the output */

This ensures that you're testing the behavior the user would see in the browser. Learn more at https://react.dev/link/wrap-tests-with-act

[90mstdout[2m | src/test/pages/bill-creation.test.jsx[2m > [22m[2mBillCreation page[2m > [22m[2mswitches to edit mode via the usePageAction "edit" handler from router state
[22m[39mPreset Loader Debug {
  presetModules: [
    { state: [], fetch: [36m[Function][39m },
    { state: [], fetch: [36m[Function][39m }
  ],
  force: [33mtrue[39m,
  full: [33mtrue[39m
}

stderr | src/test/pages/bill-creation.test.jsx > BillCreation page > switches to edit mode via the usePageAction "edit" handler from router state
An update to BillCreation inside a test was not wrapped in act(...).

When testing, code that causes React state updates should be wrapped into act(...):

act(() => {
  /* fire events that update state */
});
/* assert on the output */

This ensures that you're testing the behavior the user would see in the browser. Learn more at https://react.dev/link/wrap-tests-with-act

[90mstdout[2m | src/test/pages/bill-creation.test.jsx[2m > [22m[2mBillCreation page[2m > [22m[2mprefills from an order in the URL (?orderId=...) when nothing else is editing
[22m[39mPreset Loader Debug {
  presetModules: [
    { state: [], fetch: [36m[Function][39m },
    { state: [], fetch: [36m[Function][39m }
  ],
  force: [33mtrue[39m,
  full: [33mtrue[39m
}

[90mstdout[2m | src/test/pages/bill-creation.test.jsx[2m > [22m[2mBillCreation page[2m > [22m[2mprefills from the bill store's "current" order (set by the Order page) and clears it after
[22m[39mPreset Loader Debug {
  presetModules: [
    { state: [], fetch: [36m[Function][39m },
    { state: [], fetch: [36m[Function][39m }
  ],
  force: [33mtrue[39m,
  full: [33mtrue[39m
}

stderr | src/test/pages/bill-creation.test.jsx > BillCreation page > prefills from the bill store's "current" order (set by the Order page) and clears it after
An update to BillCreation inside a test was not wrapped in act(...).

When testing, code that causes React state updates should be wrapped into act(...):

act(() => {
  /* fire events that update state */
});
/* assert on the output */

This ensures that you're testing the behavior the user would see in the browser. Learn more at https://react.dev/link/wrap-tests-with-act

[90mstdout[2m | src/test/pages/bill-creation.test.jsx[2m > [22m[2mBillCreation page[2m > [22m[2mcreates a new bill, prints it, and navigates to the bill list
[22m[39mPreset Loader Debug {
  presetModules: [
    { state: [], fetch: [36m[Function][39m },
    { state: [], fetch: [36m[Function][39m }
  ],
  force: [33mtrue[39m,
  full: [33mtrue[39m
}

[90mstdout[2m | src/test/pages/bill-creation.test.jsx[2m > [22m[2mBillCreation page[2m > [22m[2mupdates an existing bill and navigates to the bill list
[22m[39mPreset Loader Debug {
  presetModules: [
    { state: [], fetch: [36m[Function][39m },
    { state: [], fetch: [36m[Function][39m }
  ],
  force: [33mtrue[39m,
  full: [33mtrue[39m
}

[90mstdout[2m | src/test/pages/bill-creation.test.jsx[2m > [22m[2mBillCreation page[2m > [22m[2mnavigates away without saving when "Cancel Edit" is clicked
[22m[39mPreset Loader Debug {
  presetModules: [
    { state: [], fetch: [36m[Function][39m },
    { state: [], fetch: [36m[Function][39m }
  ],
  force: [33mtrue[39m,
  full: [33mtrue[39m
}

 [32mΓ£ô[39m src/test/pages/bill-creation.test.jsx [2m([22m[2m8 tests[22m[2m)[22m[33m 1161[2mms[22m[39m
     [33m[2mΓ£ô[22m[39m renders the create heading with default form values when there is nothing to prefill [33m 531[2mms[22m[39m
stderr | src/test/pages/department-admin.test.jsx > DepartmentAdmin page > loads department admins on mount when the list is empty
An update to DepartmentAdmin inside a test was not wrapped in act(...).

When testing, code that causes React state updates should be wrapped into act(...):

act(() => {
  /* fire events that update state */
});
/* assert on the output */

This ensures that you're testing the behavior the user would see in the browser. Learn more at https://react.dev/link/wrap-tests-with-act

[90mstdout[2m | src/test/pages/department-admin.test.jsx[2m > [22m[2mDepartmentAdmin page[2m > [22m[2mdoes not refetch when department admins are already loaded
[22m[39mSkipped: {
  useDepartmentAdminColumns: [Function: Mock] {
    _isMockFunction: [33mtrue[39m,
    getMockImplementation: [36m[Function (anonymous)][39m,
    mock: {
      calls: [36m[Array][39m,
      contexts: [36m[Array][39m,
      instances: [36m[Array][39m,
      invocationCallOrder: [36m[Array][39m,
      settledResults: [36m[Array][39m,
      results: [36m[Array][39m,
      lastCall: [36m[Getter][39m
    },
    mockImplementation: [36m[Function: mockImplementation][39m,
    mockImplementationOnce: [36m[Function: mockImplementationOnce][39m,
    withImplementation: [36m[Function: withImplementation][39m,
    mockReturnThis: [36m[Function: mockReturnThis][39m,
    mockReturnValue: [36m[Function: mockReturnValue][39m,
    mockReturnValueOnce: [36m[Function: mockReturnValueOnce][39m,
    mockThrow: [36m[Function: mockThrow][39m,
    mockThrowOnce: [36m[Function: mockThrowOnce][39m,
    mockResolvedValue: [36m[Function: mockResolvedValue][39m,
    mockResolvedValueOnce: [36m[Function: mockResolvedValueOnce][39m,
    mockRejectedValue: [36m[Function: mockRejectedValue][39m,
    mockRejectedValueOnce: [36m[Function: mockRejectedValueOnce][39m,
    mockClear: [36m[Function: mockClear][39m,
    mockReset: [36m[Function: mockReset][39m,
    mockRestore: [36m[Function: mockRestore][39m,
    mockName: [36m[Function: mockName][39m,
    getMockName: [36m[Function: getMockName][39m,
    [32mSymbol(Symbol.dispose)[39m: [36m[Function (anonymous)][39m
  },
  state: [ { _id: [32m'a1'[39m } ],
  filters: {
    filterByStatus: [Function: Mock] {
      _isMockFunction: [33mtrue[39m,
      getMockImplementation: [36m[Function (anonymous)][39m,
      mock: [36m[Object][39m,
      mockImplementation: [36m[Function: mockImplementation][39m,
      mockImplementationOnce: [36m[Function: mockImplementationOnce][39m,
      withImplementation: [36m[Function: withImplementation][39m,
      mockReturnThis: [36m[Function: mockReturnThis][39m,
      mockReturnValue: [36m[Function: mockReturnValue][39m,
      mockReturnValueOnce: [36m[Function: mockReturnValueOnce][39m,
      mockThrow: [36m[Function: mockThrow][39m,
      mockThrowOnce: [36m[Function: mockThrowOnce][39m,
      mockResolvedValue: [36m[Function: mockResolvedValue][39m,
      mockResolvedValueOnce: [36m[Function: mockResolvedValueOnce][39m,
      mockRejectedValue: [36m[Function: mockRejectedValue][39m,
      mockRejectedValueOnce: [36m[Function: mockRejectedValueOnce][39m,
      mockClear: [36m[Function: mockClear][39m,
      mockReset: [36m[Function: mockReset][39m,
      mockRestore: [36m[Function: mockRestore][39m,
      mockName: [36m[Function: mockName][39m,
      getMockName: [36m[Function: getMockName][39m,
      [32mSymbol(Symbol.dispose)[39m: [36m[Function (anonymous)][39m
    }
  },
  reset: [Function: Mock] {
    _isMockFunction: [33mtrue[39m,
    getMockImplementation: [36m[Function (anonymous)][39m,
    mock: {
      calls: [],
      contexts: [],
      instances: [],
      invocationCallOrder: [],
      settledResults: [],
      results: [],
      lastCall: [36m[Getter][39m
    },
    mockImplementation: [36m[Function: mockImplementation][39m,
    mockImplementationOnce: [36m[Function: mockImplementationOnce][39m,
    withImplementation: [36m[Function: withImplementation][39m,
    mockReturnThis: [36m[Function: mockReturnThis][39m,
    mockReturnValue: [36m[Function: mockReturnValue][39m,
    mockReturnValueOnce: [36m[Function: mockReturnValueOnce][39m,
    mockThrow: [36m[Function: mockThrow][39m,
    mockThrowOnce: [36m[Function: mockThrowOnce][39m,
    mockResolvedValue: [36m[Function: mockResolvedValue][39m,
    mockResolvedValueOnce: [36m[Function: mockResolvedValueOnce][39m,
    mockRejectedValue: [36m[Function: mockRejectedValue][39m,
    mockRejectedValueOnce: [36m[Function: mockRejectedValueOnce][39m,
    mockClear: [36m[Function: mockClear][39m,
    mockReset: [36m[Function: mockReset][39m,
    mockRestore: [36m[Function: mockRestore][39m,
    mockName: [36m[Function: mockName][39m,
    getMockName: [36m[Function: getMockName][39m,
    [32mSymbol(Symbol.dispose)[39m: [36m[Function (anonymous)][39m
  },
  openCreate: [Function: Mock] {
    _isMockFunction: [33mtrue[39m,
    getMockImplementation: [36m[Function (anonymous)][39m,
    mock: {
      calls: [],
      contexts: [],
      instances: [],
      invocationCallOrder: [],
      settledResults: [],
      results: [],
      lastCall: [36m[Getter][39m
    },
    mockImplementation: [36m[Function: mockImplementation][39m,
    mockImplementationOnce: [36m[Function: mockImplementationOnce][39m,
    withImplementation: [36m[Function: withImplementation][39m,
    mockReturnThis: [36m[Function: mockReturnThis][39m,
    mockReturnValue: [36m[Function: mockReturnValue][39m,
    mockReturnValueOnce: [36m[Function: mockReturnValueOnce][39m,
    mockThrow: [36m[Function: mockThrow][39m,
    mockThrowOnce: [36m[Function: mockThrowOnce][39m,
    mockResolvedValue: [36m[Function: mockResolvedValue][39m,
    mockResolvedValueOnce: [36m[Function: mockResolvedValueOnce][39m,
    mockRejectedValue: [36m[Function: mockRejectedValue][39m,
    mockRejectedValueOnce: [36m[Function: mockRejectedValueOnce][39m,
    mockClear: [36m[Function: mockClear][39m,
    mockReset: [36m[Function: mockReset][39m,
    mockRestore: [36m[Function: mockRestore][39m,
    mockName: [36m[Function: mockName][39m,
    getMockName: [36m[Function: getMockName][39m,
    [32mSymbol(Symbol.dispose)[39m: [36m[Function (anonymous)][39m
  },
  loading: { getAll: [33mfalse[39m },
  pagination: { page: [33m1[39m, limit: [33m10[39m, pages: [33m1[39m, total: [33m0[39m },
  fetch: [Function: Mock] {
    _isMockFunction: [33mtrue[39m,
    getMockImplementation: [36m[Function (anonymous)][39m,
    mock: {
      calls: [],
      contexts: [],
      instances: [],
      invocationCallOrder: [],
      settledResults: [],
      results: [],
      lastCall: [36m[Getter][39m
    },
    mockImplementation: [36m[Function: mockImplementation][39m,
    mockImplementationOnce: [36m[Function: mockImplementationOnce][39m,
    withImplementation: [36m[Function: withImplementation][39m,
    mockReturnThis: [36m[Function: mockReturnThis][39m,
    mockReturnValue: [36m[Function: mockReturnValue][39m,
    mockReturnValueOnce: [36m[Function: mockReturnValueOnce][39m,
    mockThrow: [36m[Function: mockThrow][39m,
    mockThrowOnce: [36m[Function: mockThrowOnce][39m,
    mockResolvedValue: [36m[Function: mockResolvedValue][39m,
    mockResolvedValueOnce: [36m[Function: mockResolvedValueOnce][39m,
    mockRejectedValue: [36m[Function: mockRejectedValue][39m,
    mockRejectedValueOnce: [36m[Function: mockRejectedValueOnce][39m,
    mockClear: [36m[Function: mockClear][39m,
    mockReset: [36m[Function: mockReset][39m,
    mockRestore: [36m[Function: mockRestore][39m,
    mockName: [36m[Function: mockName][39m,
    getMockName: [36m[Function: getMockName][39m,
    [32mSymbol(Symbol.dispose)[39m: [36m[Function (anonymous)][39m
  },
  getQuery: [Function: Mock] {
    _isMockFunction: [33mtrue[39m,
    getMockImplementation: [36m[Function (anonymous)][39m,
    mock: {
      calls: [],
      contexts: [],
      instances: [],
      invocationCallOrder: [],
      settledResults: [],
      results: [],
      lastCall: [36m[Getter][39m
    },
    mockImplementation: [36m[Function: mockImplementation][39m,
    mockImplementationOnce: [36m[Function: mockImplementationOnce][39m,
    withImplementation: [36m[Function: withImplementation][39m,
    mockReturnThis: [36m[Function: mockReturnThis][39m,
    mockReturnValue: [36m[Function: mockReturnValue][39m,
    mockReturnValueOnce: [36m[Function: mockReturnValueOnce][39m,
    mockThrow: [36m[Function: mockThrow][39m,
    mockThrowOnce: [36m[Function: mockThrowOnce][39m,
    mockResolvedValue: [36m[Function: mockResolvedValue][39m,
    mockResolvedValueOnce: [36m[Function: mockResolvedValueOnce][39m,
    mockRejectedValue: [36m[Function: mockRejectedValue][39m,
    mockRejectedValueOnce: [36m[Function: mockRejectedValueOnce][39m,
    mockClear: [36m[Function: mockClear][39m,
    mockReset: [36m[Function: mockReset][39m,
    mockRestore: [36m[Function: mockRestore][39m,
    mockName: [36m[Function: mockName][39m,
    getMockName: [36m[Function: getMockName][39m,
    [32mSymbol(Symbol.dispose)[39m: [36m[Function (anonymous)][39m
  },
  sortByColumn: [Function: Mock] {
    _isMockFunction: [33mtrue[39m,
    getMockImplementation: [36m[Function (anonymous)][39m,
    mock: {
      calls: [],
      contexts: [],
      instances: [],
      invocationCallOrder: [],
      settledResults: [],
      results: [],
      lastCall: [36m[Getter][39m
    },
    mockImplementation: [36m[Function: mockImplementation][39m,
    mockImplementationOnce: [36m[Function: mockImplementationOnce][39m,
    withImplementation: [36m[Function: withImplementation][39m,
    mockReturnThis: [36m[Function: mockReturnThis][39m,
    mockReturnValue: [36m[Function: mockReturnValue][39m,
    mockReturnValueOnce: [36m[Function: mockReturnValueOnce][39m,
    mockThrow: [36m[Function: mockThrow][39m,
    mockThrowOnce: [36m[Function: mockThrowOnce][39m,
    mockResolvedValue: [36m[Function: mockResolvedValue][39m,
    mockResolvedValueOnce: [36m[Function: mockResolvedValueOnce][39m,
    mockRejectedValue: [36m[Function: mockRejectedValue][39m,
    mockRejectedValueOnce: [36m[Function: mockRejectedValueOnce][39m,
    mockClear: [36m[Function: mockClear][39m,
    mockReset: [36m[Function: mockReset][39m,
    mockRestore: [36m[Function: mockRestore][39m,
    mockName: [36m[Function: mockName][39m,
    getMockName: [36m[Function: getMockName][39m,
    [32mSymbol(Symbol.dispose)[39m: [36m[Function (anonymous)][39m
  }
}

stderr | src/test/pages/department-admin.test.jsx > DepartmentAdmin page > does not refetch when department admins are already loaded
An update to DepartmentAdmin inside a test was not wrapped in act(...).

When testing, code that causes React state updates should be wrapped into act(...):

act(() => {
  /* fire events that update state */
});
/* assert on the output */

This ensures that you're testing the behavior the user would see in the browser. Learn more at https://react.dev/link/wrap-tests-with-act

stderr | src/test/pages/department-admin.test.jsx > DepartmentAdmin page > shows a loading indicator while loading.getAll is true
An update to DepartmentAdmin inside a test was not wrapped in act(...).

When testing, code that causes React state updates should be wrapped into act(...):

act(() => {
  /* fire events that update state */
});
/* assert on the output */

This ensures that you're testing the behavior the user would see in the browser. Learn more at https://react.dev/link/wrap-tests-with-act

[90mstdout[2m | src/test/pages/department-admin.test.jsx[2m > [22m[2mDepartmentAdmin page[2m > [22m[2mrenders the row count from state
[22m[39mSkipped: {
  useDepartmentAdminColumns: [Function: Mock] {
    _isMockFunction: [33mtrue[39m,
    getMockImplementation: [36m[Function (anonymous)][39m,
    mock: {
      calls: [36m[Array][39m,
      contexts: [36m[Array][39m,
      instances: [36m[Array][39m,
      invocationCallOrder: [36m[Array][39m,
      settledResults: [36m[Array][39m,
      results: [36m[Array][39m,
      lastCall: [36m[Getter][39m
    },
    mockImplementation: [36m[Function: mockImplementation][39m,
    mockImplementationOnce: [36m[Function: mockImplementationOnce][39m,
    withImplementation: [36m[Function: withImplementation][39m,
    mockReturnThis: [36m[Function: mockReturnThis][39m,
    mockReturnValue: [36m[Function: mockReturnValue][39m,
    mockReturnValueOnce: [36m[Function: mockReturnValueOnce][39m,
    mockThrow: [36m[Function: mockThrow][39m,
    mockThrowOnce: [36m[Function: mockThrowOnce][39m,
    mockResolvedValue: [36m[Function: mockResolvedValue][39m,
    mockResolvedValueOnce: [36m[Function: mockResolvedValueOnce][39m,
    mockRejectedValue: [36m[Function: mockRejectedValue][39m,
    mockRejectedValueOnce: [36m[Function: mockRejectedValueOnce][39m,
    mockClear: [36m[Function: mockClear][39m,
    mockReset: [36m[Function: mockReset][39m,
    mockRestore: [36m[Function: mockRestore][39m,
    mockName: [36m[Function: mockName][39m,
    getMockName: [36m[Function: getMockName][39m,
    [32mSymbol(Symbol.dispose)[39m: [36m[Function (anonymous)][39m
  },
  state: [ { _id: [32m'a1'[39m }, { _id: [32m'a2'[39m }, { _id: [32m'a3'[39m } ],
  filters: {
    filterByStatus: [Function: Mock] {
      _isMockFunction: [33mtrue[39m,
      getMockImplementation: [36m[Function (anonymous)][39m,
      mock: [36m[Object][39m,
      mockImplementation: [36m[Function: mockImplementation][39m,
      mockImplementationOnce: [36m[Function: mockImplementationOnce][39m,
      withImplementation: [36m[Function: withImplementation][39m,
      mockReturnThis: [36m[Function: mockReturnThis][39m,
      mockReturnValue: [36m[Function: mockReturnValue][39m,
      mockReturnValueOnce: [36m[Function: mockReturnValueOnce][39m,
      mockThrow: [36m[Function: mockThrow][39m,
      mockThrowOnce: [36m[Function: mockThrowOnce][39m,
      mockResolvedValue: [36m[Function: mockResolvedValue][39m,
      mockResolvedValueOnce: [36m[Function: mockResolvedValueOnce][39m,
      mockRejectedValue: [36m[Function: mockRejectedValue][39m,
      mockRejectedValueOnce: [36m[Function: mockRejectedValueOnce][39m,
      mockClear: [36m[Function: mockClear][39m,
      mockReset: [36m[Function: mockReset][39m,
      mockRestore: [36m[Function: mockRestore][39m,
      mockName: [36m[Function: mockName][39m,
      getMockName: [36m[Function: getMockName][39m,
      [32mSymbol(Symbol.dispose)[39m: [36m[Function (anonymous)][39m
    }
  },
  reset: [Function: Mock] {
    _isMockFunction: [33mtrue[39m,
    getMockImplementation: [36m[Function (anonymous)][39m,
    mock: {
      calls: [],
      contexts: [],
      instances: [],
      invocationCallOrder: [],
      settledResults: [],
      results: [],
      lastCall: [36m[Getter][39m
    },
    mockImplementation: [36m[Function: mockImplementation][39m,
    mockImplementationOnce: [36m[Function: mockImplementationOnce][39m,
    withImplementation: [36m[Function: withImplementation][39m,
    mockReturnThis: [36m[Function: mockReturnThis][39m,
    mockReturnValue: [36m[Function: mockReturnValue][39m,
    mockReturnValueOnce: [36m[Function: mockReturnValueOnce][39m,
    mockThrow: [36m[Function: mockThrow][39m,
    mockThrowOnce: [36m[Function: mockThrowOnce][39m,
    mockResolvedValue: [36m[Function: mockResolvedValue][39m,
    mockResolvedValueOnce: [36m[Function: mockResolvedValueOnce][39m,
    mockRejectedValue: [36m[Function: mockRejectedValue][39m,
    mockRejectedValueOnce: [36m[Function: mockRejectedValueOnce][39m,
    mockClear: [36m[Function: mockClear][39m,
    mockReset: [36m[Function: mockReset][39m,
    mockRestore: [36m[Function: mockRestore][39m,
    mockName: [36m[Function: mockName][39m,
    getMockName: [36m[Function: getMockName][39m,
    [32mSymbol(Symbol.dispose)[39m: [36m[Function (anonymous)][39m
  },
  openCreate: [Function: Mock] {
    _isMockFunction: [33mtrue[39m,
    getMockImplementation: [36m[Function (anonymous)][39m,
    mock: {
      calls: [],
      contexts: [],
      instances: [],
      invocationCallOrder: [],
      settledResults: [],
      results: [],
      lastCall: [36m[Getter][39m
    },
    mockImplementation: [36m[Function: mockImplementation][39m,
    mockImplementationOnce: [36m[Function: mockImplementationOnce][39m,
    withImplementation: [36m[Function: withImplementation][39m,
    mockReturnThis: [36m[Function: mockReturnThis][39m,
    mockReturnValue: [36m[Function: mockReturnValue][39m,
    mockReturnValueOnce: [36m[Function: mockReturnValueOnce][39m,
    mockThrow: [36m[Function: mockThrow][39m,
    mockThrowOnce: [36m[Function: mockThrowOnce][39m,
    mockResolvedValue: [36m[Function: mockResolvedValue][39m,
    mockResolvedValueOnce: [36m[Function: mockResolvedValueOnce][39m,
    mockRejectedValue: [36m[Function: mockRejectedValue][39m,
    mockRejectedValueOnce: [36m[Function: mockRejectedValueOnce][39m,
    mockClear: [36m[Function: mockClear][39m,
    mockReset: [36m[Function: mockReset][39m,
    mockRestore: [36m[Function: mockRestore][39m,
    mockName: [36m[Function: mockName][39m,
    getMockName: [36m[Function: getMockName][39m,
    [32mSymbol(Symbol.dispose)[39m: [36m[Function (anonymous)][39m
  },
  loading: { getAll: [33mfalse[39m },
  pagination: { page: [33m1[39m, limit: [33m10[39m, pages: [33m1[39m, total: [33m0[39m },
  fetch: [Function: Mock] {
    _isMockFunction: [33mtrue[39m,
    getMockImplementation: [36m[Function (anonymous)][39m,
    mock: {
      calls: [],
      contexts: [],
      instances: [],
      invocationCallOrder: [],
      settledResults: [],
      results: [],
      lastCall: [36m[Getter][39m
    },
    mockImplementation: [36m[Function: mockImplementation][39m,
    mockImplementationOnce: [36m[Function: mockImplementationOnce][39m,
    withImplementation: [36m[Function: withImplementation][39m,
    mockReturnThis: [36m[Function: mockReturnThis][39m,
    mockReturnValue: [36m[Function: mockReturnValue][39m,
    mockReturnValueOnce: [36m[Function: mockReturnValueOnce][39m,
    mockThrow: [36m[Function: mockThrow][39m,
    mockThrowOnce: [36m[Function: mockThrowOnce][39m,
    mockResolvedValue: [36m[Function: mockResolvedValue][39m,
    mockResolvedValueOnce: [36m[Function: mockResolvedValueOnce][39m,
    mockRejectedValue: [36m[Function: mockRejectedValue][39m,
    mockRejectedValueOnce: [36m[Function: mockRejectedValueOnce][39m,
    mockClear: [36m[Function: mockClear][39m,
    mockReset: [36m[Function: mockReset][39m,
    mockRestore: [36m[Function: mockRestore][39m,
    mockName: [36m[Function: mockName][39m,
    getMockName: [36m[Function: getMockName][39m,
    [32mSymbol(Symbol.dispose)[39m: [36m[Function (anonymous)][39m
  },
  getQuery: [Function: Mock] {
    _isMockFunction: [33mtrue[39m,
    getMockImplementation: [36m[Function (anonymous)][39m,
    mock: {
      calls: [],
      contexts: [],
      instances: [],
      invocationCallOrder: [],
      settledResults: [],
      results: [],
      lastCall: [36m[Getter][39m
    },
    mockImplementation: [36m[Function: mockImplementation][39m,
    mockImplementationOnce: [36m[Function: mockImplementationOnce][39m,
    withImplementation: [36m[Function: withImplementation][39m,
    mockReturnThis: [36m[Function: mockReturnThis][39m,
    mockReturnValue: [36m[Function: mockReturnValue][39m,
    mockReturnValueOnce: [36m[Function: mockReturnValueOnce][39m,
    mockThrow: [36m[Function: mockThrow][39m,
    mockThrowOnce: [36m[Function: mockThrowOnce][39m,
    mockResolvedValue: [36m[Function: mockResolvedValue][39m,
    mockResolvedValueOnce: [36m[Function: mockResolvedValueOnce][39m,
    mockRejectedValue: [36m[Function: mockRejectedValue][39m,
    mockRejectedValueOnce: [36m[Function: mockRejectedValueOnce][39m,
    mockClear: [36m[Function: mockClear][39m,
    mockReset: [36m[Function: mockReset][39m,
    mockRestore: [36m[Function: mockRestore][39m,
    mockName: [36m[Function: mockName][39m,
    getMockName: [36m[Function: getMockName][39m,
    [32mSymbol(Symbol.dispose)[39m: [36m[Function (anonymous)][39m
  },
  sortByColumn: [Function: Mock] {
    _isMockFunction: [33mtrue[39m,
    getMockImplementation: [36m[Function (anonymous)][39m,
    mock: {
      calls: [],
      contexts: [],
      instances: [],
      invocationCallOrder: [],
      settledResults: [],
      results: [],
      lastCall: [36m[Getter][39m
    },
    mockImplementation: [36m[Function: mockImplementation][39m,
    mockImplementationOnce: [36m[Function: mockImplementationOnce][39m,
    withImplementation: [36m[Function: withImplementation][39m,
    mockReturnThis: [36m[Function: mockReturnThis][39m,
    mockReturnValue: [36m[Function: mockReturnValue][39m,
    mockReturnValueOnce: [36m[Function: mockReturnValueOnce][39m,
    mockThrow: [36m[Function: mockThrow][39m,
    mockThrowOnce: [36m[Function: mockThrowOnce][39m,
    mockResolvedValue: [36m[Function: mockResolvedValue][39m,
    mockResolvedValueOnce: [36m[Function: mockResolvedValueOnce][39m,
    mockRejectedValue: [36m[Function: mockRejectedValue][39m,
    mockRejectedValueOnce: [36m[Function: mockRejectedValueOnce][39m,
    mockClear: [36m[Function: mockClear][39m,
    mockReset: [36m[Function: mockReset][39m,
    mockRestore: [36m[Function: mockRestore][39m,
    mockName: [36m[Function: mockName][39m,
    getMockName: [36m[Function: getMockName][39m,
    [32mSymbol(Symbol.dispose)[39m: [36m[Function (anonymous)][39m
  }
}

stderr | src/test/pages/department-admin.test.jsx > DepartmentAdmin page > renders the row count from state
An update to DepartmentAdmin inside a test was not wrapped in act(...).

When testing, code that causes React state updates should be wrapped into act(...):

act(() => {
  /* fire events that update state */
});
/* assert on the output */

This ensures that you're testing the behavior the user would see in the browser. Learn more at https://react.dev/link/wrap-tests-with-act

stderr | src/test/pages/department-admin.test.jsx > DepartmentAdmin page > wires "Active" to filterByStatus(true) when the filter exists
An update to DepartmentAdmin inside a test was not wrapped in act(...).

When testing, code that causes React state updates should be wrapped into act(...):

act(() => {
  /* fire events that update state */
});
/* assert on the output */

This ensures that you're testing the behavior the user would see in the browser. Learn more at https://react.dev/link/wrap-tests-with-act

stderr | src/test/pages/department-admin.test.jsx > DepartmentAdmin page > wires "Inactive" to filterByStatus(false) when the filter exists
An update to DepartmentAdmin inside a test was not wrapped in act(...).

When testing, code that causes React state updates should be wrapped into act(...):

act(() => {
  /* fire events that update state */
});
/* assert on the output */

This ensures that you're testing the behavior the user would see in the browser. Learn more at https://react.dev/link/wrap-tests-with-act

 [32mΓ£ô[39m src/test/pages/department-admin.test.jsx [2m([22m[2m10 tests[22m[2m)[22m[33m 879[2mms[22m[39m
     [33m[2mΓ£ô[22m[39m opens the create modal via "Create Department Admin" [33m 460[2mms[22m[39m
 [32mΓ£ô[39m src/test/components/ui/sidebar.test.jsx [2m([22m[2m1 test[22m[2m)[22m[33m 537[2mms[22m[39m
     [33m[2mΓ£ô[22m[39m smoke renders when imported [33m 532[2mms[22m[39m
 [32mΓ£ô[39m src/test/components/ui/calendar.test.jsx [2m([22m[2m1 test[22m[2m)[22m[33m 1214[2mms[22m[39m
     [33m[2mΓ£ô[22m[39m renders without crashing [33m 1210[2mms[22m[39m
 [32mΓ£ô[39m src/test/components/ui/select.test.jsx [2m([22m[2m2 tests[22m[2m)[22m[33m 1379[2mms[22m[39m
     [33m[2mΓ£ô[22m[39m renders trigger with placeholder [33m 465[2mms[22m[39m
     [33m[2mΓ£ô[22m[39m shows options when opened [33m 909[2mms[22m[39m
 [32mΓ£ô[39m src/test/components/ui/customdd.test.jsx [2m([22m[2m2 tests[22m[2m)[22m[33m 1575[2mms[22m[39m
     [33m[2mΓ£ô[22m[39m renders title button [33m 770[2mms[22m[39m
     [33m[2mΓ£ô[22m[39m shows filter items when opened [33m 801[2mms[22m[39m
 [32mΓ£ô[39m src/test/components/ui/exportdd.test.jsx [2m([22m[2m2 tests[22m[2m)[22m[33m 1167[2mms[22m[39m
     [33m[2mΓ£ô[22m[39m renders Export button [33m 719[2mms[22m[39m
     [33m[2mΓ£ô[22m[39m shows export options when opened [33m 444[2mms[22m[39m
 [32mΓ£ô[39m src/test/components/ui/dropdown-menu.test.jsx [2m([22m[2m1 test[22m[2m)[22m[33m 724[2mms[22m[39m
     [33m[2mΓ£ô[22m[39m shows items when trigger is clicked [33m 720[2mms[22m[39m
 [32mΓ£ô[39m src/test/components/ui/filterdd.test.jsx [2m([22m[2m2 tests[22m[2m)[22m[33m 786[2mms[22m[39m
     [33m[2mΓ£ô[22m[39m renders Filters button [33m 370[2mms[22m[39m
     [33m[2mΓ£ô[22m[39m shows filter options when opened [33m 410[2mms[22m[39m
 [32mΓ£ô[39m src/test/components/ui/monthpicker.test.jsx [2m([22m[2m2 tests[22m[2m)[22m[33m 626[2mms[22m[39m
     [33m[2mΓ£ô[22m[39m calls onSelect when next is clicked [33m 442[2mms[22m[39m
 [32mΓ£ô[39m src/test/modules/order.form.test.jsx [2m([22m[2m1 test[22m[2m)[22m[33m 779[2mms[22m[39m
     [33m[2mΓ£ô[22m[39m renders shop / order type fields [33m 775[2mms[22m[39m
 [32mΓ£ô[39m src/test/modules/bill.form.test.jsx [2m([22m[2m1 test[22m[2m)[22m[33m 641[2mms[22m[39m
     [33m[2mΓ£ô[22m[39m renders payment methods and submit area [33m 636[2mms[22m[39m
 [32mΓ£ô[39m src/test/components/ui/dialog.test.jsx [2m([22m[2m1 test[22m[2m)[22m[33m 338[2mms[22m[39m
     [33m[2mΓ£ô[22m[39m opens content when trigger is clicked [33m 330[2mms[22m[39m
 [32mΓ£ô[39m src/test/components/ui/switch.test.jsx [2m([22m[2m2 tests[22m[2m)[22m[32m 232[2mms[22m[39m
 [32mΓ£ô[39m src/test/components/ui/checkbox.test.jsx [2m([22m[2m2 tests[22m[2m)[22m[32m 278[2mms[22m[39m
 [32mΓ£ô[39m src/test/components/global/globalcommand.test.jsx [2m([22m[2m2 tests[22m[2m)[22m[32m 241[2mms[22m[39m
 [32mΓ£ô[39m src/test/components/ui/datatable.test.jsx [2m([22m[2m1 test[22m[2m)[22m[32m 214[2mms[22m[39m
 [32mΓ£ô[39m src/test/modules/inventory-product.form.test.jsx [2m([22m[2m1 test[22m[2m)[22m[32m 221[2mms[22m[39m
 [32mΓ£ô[39m src/test/components/ui/form.test.jsx [2m([22m[2m1 test[22m[2m)[22m[32m 241[2mms[22m[39m
 [32mΓ£ô[39m src/test/components/ui/tabs.test.jsx [2m([22m[2m1 test[22m[2m)[22m[32m 271[2mms[22m[39m
 [32mΓ£ô[39m src/test/contexts/ui.context.test.jsx [2m([22m[2m15 tests[22m[2m)[22m[32m 186[2mms[22m[39m
 [32mΓ£ô[39m src/test/router/routes.test.jsx [2m([22m[2m15 tests[22m[2m)[22m[32m 106[2mms[22m[39m
 [32mΓ£ô[39m src/test/api/api.service.test.jsx [2m([22m[2m19 tests[22m[2m)[22m[32m 72[2mms[22m[39m
 [32mΓ£ô[39m src/test/components/ui/command.test.jsx [2m([22m[2m1 test[22m[2m)[22m[32m 107[2mms[22m[39m
 [32mΓ£ô[39m src/test/app/app.test.jsx [2m([22m[2m9 tests[22m[2m)[22m[32m 68[2mms[22m[39m
 [32mΓ£ô[39m src/test/router/public.route.test.jsx [2m([22m[2m7 tests[22m[2m)[22m[32m 63[2mms[22m[39m
 [32mΓ£ô[39m src/test/pages/shop-admin.test.jsx [2m([22m[2m12 tests[22m[2m)[22m[32m 76[2mms[22m[39m
 [32mΓ£ô[39m src/test/pages/order.test.jsx [2m([22m[2m14 tests[22m[2m)[22m[32m 60[2mms[22m[39m
 [32mΓ£ô[39m src/test/pages/shop.test.jsx [2m([22m[2m13 tests[22m[2m)[22m[32m 208[2mms[22m[39m
 [32mΓ£ô[39m src/test/router/protected.route.test.jsx [2m([22m[2m6 tests[22m[2m)[22m[32m 94[2mms[22m[39m
 [32mΓ£ô[39m src/test/contexts/api.context.test.jsx [2m([22m[2m4 tests[22m[2m)[22m[32m 50[2mms[22m[39m
stderr | src/test/components/global/layout.test.jsx > Layout > renders without crashing
[useUI] context missing ΓÇö HMR boundary, ignoring

 [32mΓ£ô[39m src/test/components/global/layout.test.jsx [2m([22m[2m1 test[22m[2m)[22m[32m 56[2mms[22m[39m
[90mstdout[2m | src/test/pages/product.test.jsx[2m > [22m[2mProduct page[2m > [22m[2mloads products on mount
[22m[39m[ { _id: [32m'1'[39m, name: [32m'A4 Paper Ream'[39m } ]

[90mstdout[2m | src/test/pages/product.test.jsx[2m > [22m[2mProduct page[2m > [22m[2mrenders the DataTable with product state, columns and search key
[22m[39m[ { _id: [32m'1'[39m, name: [32m'A4 Paper Ream'[39m } ]

[90mstdout[2m | src/test/pages/product.test.jsx[2m > [22m[2mProduct page[2m > [22m[2malways exposes an enabled "Create Product" action
[22m[39m[ { _id: [32m'1'[39m, name: [32m'A4 Paper Ream'[39m } ]

[90mstdout[2m | src/test/pages/product.test.jsx[2m > [22m[2mProduct page[2m > [22m[2mforwards pagination and loading state
[22m[39m[ { _id: [32m'1'[39m, name: [32m'A4 Paper Ream'[39m } ]

[90mstdout[2m | src/test/pages/product.test.jsx[2m > [22m[2mProduct page[2m > [22m[2mexposes sort filters (Latest/Oldest/A-Z/Z-A) that delegate to the module
[22m[39m[ { _id: [32m'1'[39m, name: [32m'A4 Paper Ream'[39m } ]

[90mstdout[2m | src/test/pages/product.test.jsx[2m > [22m[2mProduct page[2m > [22m[2mexposes an Active/Inactive Status custom filter group
[22m[39m[ { _id: [32m'1'[39m, name: [32m'A4 Paper Ream'[39m } ]

[90mstdout[2m | src/test/pages/product.test.jsx[2m > [22m[2mProduct page[2m > [22m[2mdelegates pagination and sort changes to the products module
[22m[39m[ { _id: [32m'1'[39m, name: [32m'A4 Paper Ream'[39m } ]

 [32mΓ£ô[39m src/test/pages/product.test.jsx [2m([22m[2m7 tests[22m[2m)[22m[32m 53[2mms[22m[39m
 [32mΓ£ô[39m src/test/pages/service.test.jsx [2m([22m[2m7 tests[22m[2m)[22m[32m 47[2mms[22m[39m
 [32mΓ£ô[39m src/test/contract/modules.contract.test.jsx [2m([22m[2m7 tests[22m[2m)[22m[32m 35[2mms[22m[39m
 [32mΓ£ô[39m src/test/hooks/useAsync.test.jsx [2m([22m[2m4 tests[22m[2m)[22m[32m 34[2mms[22m[39m
[90mstdout[2m | src/test/hooks/useLoader.test.jsx[2m > [22m[2museLoader[2m > [22m[2mload skips when state already has data and force is false
[22m[39mSkipped: {
  fetch: [Function: Mock] {
    _isMockFunction: [33mtrue[39m,
    getMockImplementation: [36m[Function (anonymous)][39m,
    mock: {
      calls: [],
      contexts: [],
      instances: [],
      invocationCallOrder: [],
      settledResults: [],
      results: [],
      lastCall: [36m[Getter][39m
    },
    mockImplementation: [36m[Function: mockImplementation][39m,
    mockImplementationOnce: [36m[Function: mockImplementationOnce][39m,
    withImplementation: [36m[Function: withImplementation][39m,
    mockReturnThis: [36m[Function: mockReturnThis][39m,
    mockReturnValue: [36m[Function: mockReturnValue][39m,
    mockReturnValueOnce: [36m[Function: mockReturnValueOnce][39m,
    mockThrow: [36m[Function: mockThrow][39m,
    mockThrowOnce: [36m[Function: mockThrowOnce][39m,
    mockResolvedValue: [36m[Function: mockResolvedValue][39m,
    mockResolvedValueOnce: [36m[Function: mockResolvedValueOnce][39m,
    mockRejectedValue: [36m[Function: mockRejectedValue][39m,
    mockRejectedValueOnce: [36m[Function: mockRejectedValueOnce][39m,
    mockClear: [36m[Function: mockClear][39m,
    mockReset: [36m[Function: mockReset][39m,
    mockRestore: [36m[Function: mockRestore][39m,
    mockName: [36m[Function: mockName][39m,
    getMockName: [36m[Function: getMockName][39m,
    [32mSymbol(Symbol.dispose)[39m: [36m[Function (anonymous)][39m
  },
  state: [ { id: [33m1[39m } ]
}

 [32mΓ£ô[39m src/test/hooks/useLoader.test.jsx [2m([22m[2m4 tests[22m[2m)[22m[32m 48[2mms[22m[39m
 [32mΓ£ô[39m src/test/factory/entity.crud.test.jsx [2m([22m[2m24 tests[22m[2m)[22m[32m 32[2mms[22m[39m
 [32mΓ£ô[39m src/test/pages/staff-admin.test.jsx [2m([22m[2m6 tests[22m[2m)[22m[32m 52[2mms[22m[39m
 [32mΓ£ô[39m src/test/utils/lib.utils.test.jsx [2m([22m[2m14 tests[22m[2m)[22m[32m 33[2mms[22m[39m
 [32mΓ£ô[39m src/test/hooks/useFilterBy.test.jsx [2m([22m[2m5 tests[22m[2m)[22m[32m 32[2mms[22m[39m
 [32mΓ£ô[39m src/test/hooks/useAction.test.jsx [2m([22m[2m3 tests[22m[2m)[22m[32m 32[2mms[22m[39m
 [32mΓ£ô[39m src/test/utils/formatdate.util.test.jsx [2m([22m[2m7 tests[22m[2m)[22m[32m 32[2mms[22m[39m
 [32mΓ£ô[39m src/test/hooks/useCan.test.jsx [2m([22m[2m4 tests[22m[2m)[22m[32m 29[2mms[22m[39m
 [32mΓ£ô[39m src/test/hooks/use-mobile.test.jsx [2m([22m[2m2 tests[22m[2m)[22m[32m 27[2mms[22m[39m
 [32mΓ£ô[39m src/test/utils/entity.util.test.jsx [2m([22m[2m21 tests[22m[2m)[22m[32m 25[2mms[22m[39m
 [32mΓ£ô[39m src/test/hooks/useSelect.test.jsx [2m([22m[2m2 tests[22m[2m)[22m[32m 37[2mms[22m[39m
 [32mΓ£ô[39m src/test/hooks/useClearError.test.jsx [2m([22m[2m2 tests[22m[2m)[22m[32m 25[2mms[22m[39m
 [32mΓ£ô[39m src/test/modules/department.schema.test.jsx [2m([22m[2m4 tests[22m[2m)[22m[32m 11[2mms[22m[39m
 [32mΓ£ô[39m src/test/hooks/useSubmit.test.jsx [2m([22m[2m2 tests[22m[2m)[22m[32m 9[2mms[22m[39m
 [32mΓ£ô[39m src/test/factory/entity.store.test.jsx [2m([22m[2m20 tests[22m[2m)[22m[32m 16[2mms[22m[39m
 [32mΓ£ô[39m src/test/api/api.request.test.jsx [2m([22m[2m13 tests[22m[2m)[22m[32m 18[2mms[22m[39m
 [32mΓ£ô[39m src/test/modules/order.schema.test.jsx [2m([22m[2m12 tests[22m[2m)[22m[32m 16[2mms[22m[39m
 [32mΓ£ô[39m src/test/api/error.handler.test.jsx [2m([22m[2m22 tests[22m[2m)[22m[32m 17[2mms[22m[39m
 [32mΓ£ô[39m src/test/modules/bill.schema.test.jsx [2m([22m[2m9 tests[22m[2m)[22m[32m 13[2mms[22m[39m
 [32mΓ£ô[39m src/test/utils/storage.test.jsx [2m([22m[2m7 tests[22m[2m)[22m[32m 13[2mms[22m[39m
 [32mΓ£ô[39m src/test/modules/branch-admin.schema.test.jsx [2m([22m[2m8 tests[22m[2m)[22m[32m 22[2mms[22m[39m
 [32mΓ£ô[39m src/test/utils/safetext.util.test.jsx [2m([22m[2m3 tests[22m[2m)[22m[32m 10[2mms[22m[39m
 [32mΓ£ô[39m src/test/modules/shop-admin.schema.test.jsx [2m([22m[2m7 tests[22m[2m)[22m[32m 13[2mms[22m[39m
 [32mΓ£ô[39m src/test/modules/products.schema.test.jsx [2m([22m[2m5 tests[22m[2m)[22m[32m 11[2mms[22m[39m
 [32mΓ£ô[39m src/test/modules/staff-admin.schema.test.jsx [2m([22m[2m7 tests[22m[2m)[22m[32m 12[2mms[22m[39m
 [32mΓ£ô[39m src/test/modules/department-admin.schema.test.jsx [2m([22m[2m5 tests[22m[2m)[22m[32m 11[2mms[22m[39m
 [32mΓ£ô[39m src/test/modules/search.module.test.jsx [2m([22m[2m3 tests[22m[2m)[22m[32m 13[2mms[22m[39m
 [32mΓ£ô[39m src/test/utils/paginate.util.test.jsx [2m([22m[2m5 tests[22m[2m)[22m[32m 12[2mms[22m[39m
 [32mΓ£ô[39m src/test/modules/inventory-product.schema.test.jsx [2m([22m[2m5 tests[22m[2m)[22m[32m 15[2mms[22m[39m
 [32mΓ£ô[39m src/test/modules/service.schema.test.jsx [2m([22m[2m7 tests[22m[2m)[22m[32m 12[2mms[22m[39m
 [32mΓ£ô[39m src/test/utils/sorter.util.test.jsx [2m([22m[2m14 tests[22m[2m)[22m[32m 10[2mms[22m[39m
 [32mΓ£ô[39m src/test/modules/shop.schema.test.jsx [2m([22m[2m5 tests[22m[2m)[22m[32m 12[2mms[22m[39m
 [32mΓ£ô[39m src/test/modules/branch.schema.test.jsx [2m([22m[2m4 tests[22m[2m)[22m[32m 10[2mms[22m[39m
 [32mΓ£ô[39m src/test/utils/togglereset.util.test.jsx [2m([22m[2m2 tests[22m[2m)[22m[32m 10[2mms[22m[39m
 [32mΓ£ô[39m src/test/utils/datatable.helper.util.test.jsx [2m([22m[2m5 tests[22m[2m)[22m[32m 9[2mms[22m[39m
 [32mΓ£ô[39m src/test/modules/dashboard.module.test.jsx [2m([22m[2m2 tests[22m[2m)[22m[32m 8[2mms[22m[39m
 [32mΓ£ô[39m src/test/utils/normalize-id.test.jsx [2m([22m[2m4 tests[22m[2m)[22m[32m 7[2mms[22m[39m

ΓÄ»ΓÄ»ΓÄ»ΓÄ»ΓÄ»ΓÄ» Failed Tests 16 ΓÄ»ΓÄ»ΓÄ»ΓÄ»ΓÄ»ΓÄ»ΓÄ»

 FAIL  src/test/pages/dashboard.test.jsx > Dashboard page > fetches dashboard data for the current user role on mount
AssertionError: expected "vi.fn()" to be called with arguments: [ 'super_admin' ]

Received:

  1st vi.fn() call:

  [
    "super_admin",
+   {
+     "from": undefined,
+     "to": undefined,
+   },
  ]


Number of calls: 1

 Γ¥» src/test/pages/dashboard.test.jsx:111:34
    109|     renderDashboard();
    110|
    111|     expect(dashboardState.fetch).toHaveBeenCalledWith('super_admin');
       |                                  ^
    112|   });
    113|

ΓÄ»ΓÄ»ΓÄ»ΓÄ»ΓÄ»ΓÄ»ΓÄ»ΓÄ»ΓÄ»ΓÄ»ΓÄ»ΓÄ»ΓÄ»ΓÄ»ΓÄ»ΓÄ»ΓÄ»ΓÄ»ΓÄ»ΓÄ»ΓÄ»ΓÄ»ΓÄ»[1/16]ΓÄ»

 FAIL  src/test/pages/login.test.jsx > Login page > renders the sign-in form
TestingLibraryElementError: Unable to find an element with the text: /counter sign-in/i. This could be because the text is broken up by multiple elements. In this case, you can provide a function for your text matcher to make your matcher more flexible.

Ignored nodes: comments, script, style
<body>
  <div>
    <div
      class="min-h-svh grid lg:grid-cols-2 xrx-shell"
    >
      <div
        class="hidden lg:flex flex-col bg-[#14161A] text-[#F1F3F4] relative overflow-hidden"
      >
        <div
          class="xrx-grid"
        />
        <div
          class="relative flex-1 flex flex-col justify-center p-12 xl:p-20"
        >
          <div
            class="max-w-xl"
          >
            <div
              class="flex items-center gap-5 mb-12"
            >
              <div
                class="w-16 h-16 rounded-md bg-[#0F8B8D]/15 border border-[#0F8B8D]/40 flex items-center justify-center"
              >
                <svg
                  aria-hidden="true"
                  class="lucide lucide-printer h-8 w-8 text-[#2FD4D7]"
                  fill="none"
                  height="24"
                  stroke="currentColor"
                  stroke-linecap="round"
                  stroke-linejoin="round"
                  stroke-width="2"
                  viewBox="0 0 24 24"
                  width="24"
                  xmlns="http://www.w3.org/2000/svg"
                >
                  <path
                    d="M6 18H4a2 2 0 0 1-2-2v-5a2 2 0 0 1 2-2h16a2 2 0 0 1 2 2v5a2 2 0 0 1-2 2h-2"
                  />
                  <path
                    d="M6 9V3a1 1 0 0 1 1-1h10a1 1 0 0 1 1 1v6"
                  />
                  <rect
                    height="8"
                    rx="1"
                    width="12"
                    x="6"
                    y="14"
                  />
                </svg>
              </div>
              <div>
                <p
                  class="xrx-mono text-xs tracking-[0.3em] text-[#2FD4D7] mb-1"
                >
                  SRM ┬╖ DTP & XEROX
                </p>
                <h1
                  class="text-4xl text-white font-bold tracking-tight"
                >
                  Management
                </h1>
              </div>
            </div>
            <div
              class="xrx-scanner mb-10"
            >
              <div
                class="xrx-sheet xrx-sheet-3"
              />
              <div
                class="xrx-sheet xrx-sheet-2"
              />
              <div
                class="xrx-sheet xrx-sheet-1"
              >
                <div
                  class="xrx-sheet-lines"
                >
                  <span />
                  <span />
                  <span />
                  <span />
                  <span />
                </div>
                <div
                  class="xrx-scanbar"
                />
              </div>
            </div>
            <p
              class="text-lg leading-relaxed text-[#B9BEC2]"
            >
              Track print jobs, manage copy counters and settle counter billing for every order that crosses the desk ΓÇö from a single job ticket to a full binding batch.
            </p>
            <div
              class="flex items-center gap-3 mt-8 text-[#7C8288]"
            >
              <svg
                aria-hidden="true"
                class="lucide lucide-scan-line h-4 w-4 text-[#2FD4D7]"
                fill="none"
                height="24"
                stroke="currentColor"
                stroke-linecap="round"
                stroke-linejoin="round"
                stroke-width="2"
                viewBox="0 0 24 24"
                width="24"
                xmlns="http://www.w3.org/2000/svg"
              >
                <path
                  d="M3 7V5a2 2 0 0 1 2-2h2"
                />
                <path
                  d="M17 3h2a2 2 0 0 1 2 2v2"
                />
                <path
                  d="M21 17v2a2 2 0 0 1-2 2h-2"
                />
                <path
                  d="M7 21H5a2 2 0 0 1-2-2v-2"
                />
                <path
                  d="M7 12h10"
                />
              </svg>
            </div>
          </div>
        </div>
        <div
          class="relative px-12 pb-10 xrx-mono text-[11px] tracking-wide text-[#5C6167]"
        >
          ┬⌐ 
          2026
           SRM XEROX MANAGEMENT SYSTEM
        </div>
      </div>
      <div
        class="flex min-h-svh items-center justify-center px-4 py-6 sm:px-6 bg-gradient-to-br from-background to-muted/30 relative overflow-hidden"
      >
        <div
          class="absolute top-[-10%] left-[-10%] w-96 h-96 bg-primary/20 rounded-full blur-[100px] pointer-events-none"
        />
        <div
          class="absolute bottom-[-10%] right-[-10%] w-96 h-96 bg-primary/10 rounded-full blur-[100px] pointer-events-none"
        />
        <div
          class="w-full max-w-md space-y-6 relative z-10 animate-in fade-in slide-in-from-bottom-4 duration-700 ease-out"
        >
          <div
            class="text-center lg:hidden animate-in fade-in zoom-in duration-500 delay-150 fill...
 Γ¥» Object.getElementError node_modules/@testing-library/dom/dist/config.js:37:19
 Γ¥» node_modules/@testing-library/dom/dist/query-helpers.js:76:38
 Γ¥» node_modules/@testing-library/dom/dist/query-helpers.js:52:17
 Γ¥» node_modules/@testing-library/dom/dist/query-helpers.js:95:19
 Γ¥» src/test/pages/login.test.jsx:76:19
     74|     renderLogin();
     75|
     76|     expect(screen.getByText(/counter sign-in/i)).toBeInTheDocument();
       |                   ^
     77|     expect(screen.getByLabelText(/login id/i)).toBeInTheDocument();
     78|     expect(screen.getByLabelText(/^password$/i)).toBeInTheDocument();

ΓÄ»ΓÄ»ΓÄ»ΓÄ»ΓÄ»ΓÄ»ΓÄ»ΓÄ»ΓÄ»ΓÄ»ΓÄ»ΓÄ»ΓÄ»ΓÄ»ΓÄ»ΓÄ»ΓÄ»ΓÄ»ΓÄ»ΓÄ»ΓÄ»ΓÄ»ΓÄ»[2/16]ΓÄ»

 FAIL  src/test/pages/login.test.jsx > Login page > disables the submit button until both fields are filled
TestingLibraryElementError: Unable to find an accessible element with the role "button" and name `/open counter/i`

Here are the accessible roles:

  paragraph:

  Name "":
  <p
    class="xrx-mono text-xs tracking-[0.3em] text-[#2FD4D7] mb-1"
  />

  Name "":
  <p
    class="text-lg leading-relaxed text-[#B9BEC2]"
  />

  Name "":
  <p
    class="mt-2 text-sm text-muted-foreground font-medium"
  />

  Name "":
  <p
    class="text-xs text-muted-foreground pt-4 leading-relaxed"
  />

  --------------------------------------------------
  heading:

  Name "Management":
  <h1
    class="text-4xl text-white font-bold tracking-tight"
  />

  Name "SRM DTP & XEROX Management":
  <h2
    class="text-2xl font-bold sm:text-3xl text-foreground tracking-tight"
  />

  --------------------------------------------------
  textbox:

  Name "Login ID":
  <input
    autocomplete="username"
    class="file:text-foreground placeholder:text-muted-foreground selection:bg-primary selection:text-primary-foreground dark:bg-input/30 flex w-full min-w-0 border px-3 py-1 shadow-xs outline-none file:inline-flex file:h-7 file:border-0 file:bg-transparent file:text-sm file:font-medium disabled:pointer-events-none disabled:cursor-not-allowed disabled:opacity-50 md:text-sm focus-visible:border-ring focus-visible:ring-ring/50 focus-visible:ring-[3px] aria-invalid:ring-destructive/20 dark:aria-invalid:ring-destructive/40 aria-invalid:border-destructive h-12 text-sm sm:text-base bg-background/50 border-input focus:bg-background focus:ring-2 focus:ring-primary/30 transition-all rounded-sm"
    data-slot="input"
    id="loginId"
    placeholder="Enter your login ID"
    required=""
    type="text"
    value=""
  />

  --------------------------------------------------
  button:

  Name "Show password":
  <button
    aria-label="Show password"
    class="absolute right-3 top-1/2 -translate-y-1/2 text-muted-foreground hover:text-primary transition-colors p-1"
    type="button"
  />

  Name "Sign In":
  <button
    class="inline-flex items-center justify-center gap-2 whitespace-nowrap disabled:pointer-events-none disabled:opacity-50 [&_svg]:pointer-events-none [&_svg:not([class*='size-'])]:size-4 shrink-0 [&_svg]:shrink-0 outline-none focus-visible:border-ring focus-visible:ring-ring/50 focus-visible:ring-[3px] aria-invalid:ring-destructive/20 dark:aria-invalid:ring-destructive/40 aria-invalid:border-destructive hover:bg-primary/90 px-6 has-[>svg]:px-4 h-12 w-full text-base font-semibold bg-gradient-to-r from-primary/90 to-primary hover:from-primary hover:to-primary/90 text-primary-foreground shadow-xl shadow-primary/20 transition-all duration-300 rounded-sm group"
    data-slot="button"
    disabled=""
    type="submit"
  />

  --------------------------------------------------
  checkbox:

  Name "Keep me signed in":
  <button
    aria-checked="false"
    class="peer border-input dark:bg-input/30 data-[state=checked]:text-primary-foreground dark:data-[state=checked]:bg-primary focus-visible:border-ring focus-visible:ring-ring/50 aria-invalid:ring-destructive/20 dark:aria-invalid:ring-destructive/40 aria-invalid:border-destructive size-4 shrink-0 border shadow-xs transition-shadow outline-none focus-visible:ring-[3px] disabled:cursor-not-allowed disabled:opacity-50 me-3 ms-1 rounded-sm data-[state=checked]:bg-primary data-[state=checked]:border-primary"
    data-slot="checkbox"
    data-state="unchecked"
    id="rememberMe"
    role="checkbox"
    type="button"
    value="on"
  />

  --------------------------------------------------

Ignored nodes: comments, script, style
<body>
  <div>
    <div
      class="min-h-svh grid lg:grid-cols-2 xrx-shell"
    >
      <div
        class="hidden lg:flex flex-col bg-[#14161A] text-[#F1F3F4] relative overflow-hidden"
      >
        <div
          class="xrx-grid"
        />
        <div
          class="relative flex-1 flex flex-col justify-center p-12 xl:p-20"
        >
          <div
            class="max-w-xl"
          >
            <div
              class="flex items-center gap-5 mb-12"
            >
              <div
                class="w-16 h-16 rounded-md bg-[#0F8B8D]/15 border border-[#0F8B8D]/40 flex items-center justify-center"
              >
                <svg
                  aria-hidden="true"
                  class="lucide lucide-printer h-8 w-8 text-[#2FD4D7]"
                  fill="none"
                  height="24"
                  stroke="currentColor"
                  stroke-linecap="round"
                  stroke-linejoin="round"
                  stroke-width="2"
                  viewBox="0 0 24 24"
                  width="24"
                  xmlns="http://www.w3.org/2000/svg"
                >
                  <path
                    d="M6 18H4a2 2 0 0 1-2-2v-5a2 2 0 0 1 2-2h16a2 2 0 0 1 2 2v5a2 2 0 0 1-2 2h-2"
                  />
                  <path
                    d="M6 9V3a1 1 0 0 1 1-1h10a1 1 0 0 1 1 1v6"
                  />
                  <rect
                    height="8"
                    rx="1"
                    width="12"
                    x="6"
                    y="14"
                  />
                </svg>
              </div>
              <div>
                <p
                  class="xrx-mono text-xs tracking-[0.3em] text-[#2FD4D7] mb-1"
                >
                  SRM ┬╖ DTP & XEROX
                </p>
                <h1
                  class="text-4xl text-white font-bold tracking-tight"
                >
                  Management
                </h1>
              </div>
            </div>
            <div
              class="xrx-scanner mb-10"
            >
              <div
                class="xrx-sheet xrx-sheet-3"
              />
              <div
                class="xrx-sheet xrx-sheet-2"
              />
              <div
                class="xrx-sheet xrx-sheet-1"
              >
                <div
                  class="xrx-sheet-lines"
                >
                  <span />
                  <span />
                  <span />
                  <span />
                  <span />
                </div>
                <div
                  class="xrx-scanbar"
                />
              </div>
            </div>
            <p
              class="text-lg leading-relaxed text-[#B9BEC2]"
            >
              Track print jobs, manage copy counters and settle counter billing for every order that crosses the desk ΓÇö from a single job ticket to a full binding batch.
            </p>
            <div
              class="flex items-center gap-3 mt-8 text-[#7C8288]"
            >
              <svg
                aria-hidden="true"
                class="lucide lucide-scan-line h-4 w-4 text-[#2FD4D7]"
                fill="none"
                height="24"
                stroke="currentColor"
                stroke-linecap="round"
                stroke-linejoin="round"
                stroke-width="2"
                viewBox="0 0 24 24"
                width="24"
                xmlns="http://www.w3.org/2000/svg"
              >
                <path
                  d="M3 7V5a2 2 0 0 1 2-2h2"
                />
                <path
                  d="M17 3h2a2 2 0 0 1 2 2v2"
                />
                <path
                  d="M21 17v2a2 2 0 0 1-2 2h-2"
                />
                <path
                  d="M7 21H5a2 2 0 0 1-2-2v-2"
                />
                <path
                  d="M7 12h10"
                />
              </svg>
            </div>
          </div>
        </div>
        <div
          class="relative px-12 pb-10 xrx-mono text-[11px] tracking-wide text-[#5C6167]"
        >
          ┬⌐ 
          2026
           SRM XEROX MANAGEMENT SYSTEM
        </div>
      </div>
      <div
        class="flex min-h-svh items-center justify-center px-4 py-6 sm:px-6 bg-gradient-to-br from-background to-muted/30 relative overflow-hidden"
      >
        <div
          class="absolute top-[-10%] left-[-10%] w-96 h-96 bg-primary/20 rounded-full blur-[100px] pointer-events-none"
        />
        <div
          class="absolute bottom-[-10%] right-[-10%] w-96 h-96 bg-primary/10 rounded-full blur-[100px] pointer-events-none"
        />
        <div
          class="w-full max-w-md space-y-6 relative z-10 animate-in fade-in slide-in-from-bottom-4 duration-700 ease-out"
        >
          <div
            class="text-center lg:hidden animate-in fade-in zoom-in duration-500 delay-150 fill...
 Γ¥» Object.getElementError node_modules/@testing-library/dom/dist/config.js:37:19
 Γ¥» node_modules/@testing-library/dom/dist/query-helpers.js:76:38
 Γ¥» node_modules/@testing-library/dom/dist/query-helpers.js:52:17
 Γ¥» node_modules/@testing-library/dom/dist/query-helpers.js:95:19
 Γ¥» src/test/pages/login.test.jsx:86:27
     84|     renderLogin();
     85|
     86|     const submit = screen.getByRole('button', { name: /open counter/i ΓÇª
       |                           ^
     87|     expect(submit).toBeDisabled();
     88|

ΓÄ»ΓÄ»ΓÄ»ΓÄ»ΓÄ»ΓÄ»ΓÄ»ΓÄ»ΓÄ»ΓÄ»ΓÄ»ΓÄ»ΓÄ»ΓÄ»ΓÄ»ΓÄ»ΓÄ»ΓÄ»ΓÄ»ΓÄ»ΓÄ»ΓÄ»ΓÄ»[3/16]ΓÄ»

 FAIL  src/test/pages/login.test.jsx > Login page > toggles the "keep this counter signed in" checkbox
TestingLibraryElementError: Unable to find an accessible element with the role "checkbox" and name `/keep this counter signed in/i`

Here are the accessible roles:

  paragraph:

  Name "":
  <p
    class="xrx-mono text-xs tracking-[0.3em] text-[#2FD4D7] mb-1"
  />

  Name "":
  <p
    class="text-lg leading-relaxed text-[#B9BEC2]"
  />

  Name "":
  <p
    class="mt-2 text-sm text-muted-foreground font-medium"
  />

  Name "":
  <p
    class="text-xs text-muted-foreground pt-4 leading-relaxed"
  />

  --------------------------------------------------
  heading:

  Name "Management":
  <h1
    class="text-4xl text-white font-bold tracking-tight"
  />

  Name "SRM DTP & XEROX Management":
  <h2
    class="text-2xl font-bold sm:text-3xl text-foreground tracking-tight"
  />

  --------------------------------------------------
  textbox:

  Name "Login ID":
  <input
    autocomplete="username"
    class="file:text-foreground placeholder:text-muted-foreground selection:bg-primary selection:text-primary-foreground dark:bg-input/30 flex w-full min-w-0 border px-3 py-1 shadow-xs outline-none file:inline-flex file:h-7 file:border-0 file:bg-transparent file:text-sm file:font-medium disabled:pointer-events-none disabled:cursor-not-allowed disabled:opacity-50 md:text-sm focus-visible:border-ring focus-visible:ring-ring/50 focus-visible:ring-[3px] aria-invalid:ring-destructive/20 dark:aria-invalid:ring-destructive/40 aria-invalid:border-destructive h-12 text-sm sm:text-base bg-background/50 border-input focus:bg-background focus:ring-2 focus:ring-primary/30 transition-all rounded-sm"
    data-slot="input"
    id="loginId"
    placeholder="Enter your login ID"
    required=""
    type="text"
    value=""
  />

  --------------------------------------------------
  button:

  Name "Show password":
  <button
    aria-label="Show password"
    class="absolute right-3 top-1/2 -translate-y-1/2 text-muted-foreground hover:text-primary transition-colors p-1"
    type="button"
  />

  Name "Sign In":
  <button
    class="inline-flex items-center justify-center gap-2 whitespace-nowrap disabled:pointer-events-none disabled:opacity-50 [&_svg]:pointer-events-none [&_svg:not([class*='size-'])]:size-4 shrink-0 [&_svg]:shrink-0 outline-none focus-visible:border-ring focus-visible:ring-ring/50 focus-visible:ring-[3px] aria-invalid:ring-destructive/20 dark:aria-invalid:ring-destructive/40 aria-invalid:border-destructive hover:bg-primary/90 px-6 has-[>svg]:px-4 h-12 w-full text-base font-semibold bg-gradient-to-r from-primary/90 to-primary hover:from-primary hover:to-primary/90 text-primary-foreground shadow-xl shadow-primary/20 transition-all duration-300 rounded-sm group"
    data-slot="button"
    disabled=""
    type="submit"
  />

  --------------------------------------------------
  checkbox:

  Name "Keep me signed in":
  <button
    aria-checked="false"
    class="peer border-input dark:bg-input/30 data-[state=checked]:text-primary-foreground dark:data-[state=checked]:bg-primary focus-visible:border-ring focus-visible:ring-ring/50 aria-invalid:ring-destructive/20 dark:aria-invalid:ring-destructive/40 aria-invalid:border-destructive size-4 shrink-0 border shadow-xs transition-shadow outline-none focus-visible:ring-[3px] disabled:cursor-not-allowed disabled:opacity-50 me-3 ms-1 rounded-sm data-[state=checked]:bg-primary data-[state=checked]:border-primary"
    data-slot="checkbox"
    data-state="unchecked"
    id="rememberMe"
    role="checkbox"
    type="button"
    value="on"
  />

  --------------------------------------------------

Ignored nodes: comments, script, style
<body>
  <div>
    <div
      class="min-h-svh grid lg:grid-cols-2 xrx-shell"
    >
      <div
        class="hidden lg:flex flex-col bg-[#14161A] text-[#F1F3F4] relative overflow-hidden"
      >
        <div
          class="xrx-grid"
        />
        <div
          class="relative flex-1 flex flex-col justify-center p-12 xl:p-20"
        >
          <div
            class="max-w-xl"
          >
            <div
              class="flex items-center gap-5 mb-12"
            >
              <div
                class="w-16 h-16 rounded-md bg-[#0F8B8D]/15 border border-[#0F8B8D]/40 flex items-center justify-center"
              >
                <svg
                  aria-hidden="true"
                  class="lucide lucide-printer h-8 w-8 text-[#2FD4D7]"
                  fill="none"
                  height="24"
                  stroke="currentColor"
                  stroke-linecap="round"
                  stroke-linejoin="round"
                  stroke-width="2"
                  viewBox="0 0 24 24"
                  width="24"
                  xmlns="http://www.w3.org/2000/svg"
                >
                  <path
                    d="M6 18H4a2 2 0 0 1-2-2v-5a2 2 0 0 1 2-2h16a2 2 0 0 1 2 2v5a2 2 0 0 1-2 2h-2"
                  />
                  <path
                    d="M6 9V3a1 1 0 0 1 1-1h10a1 1 0 0 1 1 1v6"
                  />
                  <rect
                    height="8"
                    rx="1"
                    width="12"
                    x="6"
                    y="14"
                  />
                </svg>
              </div>
              <div>
                <p
                  class="xrx-mono text-xs tracking-[0.3em] text-[#2FD4D7] mb-1"
                >
                  SRM ┬╖ DTP & XEROX
                </p>
                <h1
                  class="text-4xl text-white font-bold tracking-tight"
                >
                  Management
                </h1>
              </div>
            </div>
            <div
              class="xrx-scanner mb-10"
            >
              <div
                class="xrx-sheet xrx-sheet-3"
              />
              <div
                class="xrx-sheet xrx-sheet-2"
              />
              <div
                class="xrx-sheet xrx-sheet-1"
              >
                <div
                  class="xrx-sheet-lines"
                >
                  <span />
                  <span />
                  <span />
                  <span />
                  <span />
                </div>
                <div
                  class="xrx-scanbar"
                />
              </div>
            </div>
            <p
              class="text-lg leading-relaxed text-[#B9BEC2]"
            >
              Track print jobs, manage copy counters and settle counter billing for every order that crosses the desk ΓÇö from a single job ticket to a full binding batch.
            </p>
            <div
              class="flex items-center gap-3 mt-8 text-[#7C8288]"
            >
              <svg
                aria-hidden="true"
                class="lucide lucide-scan-line h-4 w-4 text-[#2FD4D7]"
                fill="none"
                height="24"
                stroke="currentColor"
                stroke-linecap="round"
                stroke-linejoin="round"
                stroke-width="2"
                viewBox="0 0 24 24"
                width="24"
                xmlns="http://www.w3.org/2000/svg"
              >
                <path
                  d="M3 7V5a2 2 0 0 1 2-2h2"
                />
                <path
                  d="M17 3h2a2 2 0 0 1 2 2v2"
                />
                <path
                  d="M21 17v2a2 2 0 0 1-2 2h-2"
                />
                <path
                  d="M7 21H5a2 2 0 0 1-2-2v-2"
                />
                <path
                  d="M7 12h10"
                />
              </svg>
            </div>
          </div>
        </div>
        <div
          class="relative px-12 pb-10 xrx-mono text-[11px] tracking-wide text-[#5C6167]"
        >
          ┬⌐ 
          2026
           SRM XEROX MANAGEMENT SYSTEM
        </div>
      </div>
      <div
        class="flex min-h-svh items-center justify-center px-4 py-6 sm:px-6 bg-gradient-to-br from-background to-muted/30 relative overflow-hidden"
      >
        <div
          class="absolute top-[-10%] left-[-10%] w-96 h-96 bg-primary/20 rounded-full blur-[100px] pointer-events-none"
        />
        <div
          class="absolute bottom-[-10%] right-[-10%] w-96 h-96 bg-primary/10 rounded-full blur-[100px] pointer-events-none"
        />
        <div
          class="w-full max-w-md space-y-6 relative z-10 animate-in fade-in slide-in-from-bottom-4 duration-700 ease-out"
        >
          <div
            class="text-center lg:hidden animate-in fade-in zoom-in duration-500 delay-150 fill...
 Γ¥» Object.getElementError node_modules/@testing-library/dom/dist/config.js:37:19
 Γ¥» node_modules/@testing-library/dom/dist/query-helpers.js:76:38
 Γ¥» node_modules/@testing-library/dom/dist/query-helpers.js:52:17
 Γ¥» node_modules/@testing-library/dom/dist/query-helpers.js:95:19
 Γ¥» src/test/pages/login.test.jsx:114:29
    112|     renderLogin();
    113|
    114|     const checkbox = screen.getByRole('checkbox', {
       |                             ^
    115|       name: /keep this counter signed in/i,
    116|     });

ΓÄ»ΓÄ»ΓÄ»ΓÄ»ΓÄ»ΓÄ»ΓÄ»ΓÄ»ΓÄ»ΓÄ»ΓÄ»ΓÄ»ΓÄ»ΓÄ»ΓÄ»ΓÄ»ΓÄ»ΓÄ»ΓÄ»ΓÄ»ΓÄ»ΓÄ»ΓÄ»[4/16]ΓÄ»

 FAIL  src/test/pages/login.test.jsx > Login page > submits trimmed credentials and remember-me flag to login()
TestingLibraryElementError: Unable to find an accessible element with the role "checkbox" and name `/keep this counter signed in/i`

Here are the accessible roles:

  paragraph:

  Name "":
  <p
    class="xrx-mono text-xs tracking-[0.3em] text-[#2FD4D7] mb-1"
  />

  Name "":
  <p
    class="text-lg leading-relaxed text-[#B9BEC2]"
  />

  Name "":
  <p
    class="mt-2 text-sm text-muted-foreground font-medium"
  />

  Name "":
  <p
    class="text-xs text-muted-foreground pt-4 leading-relaxed"
  />

  --------------------------------------------------
  heading:

  Name "Management":
  <h1
    class="text-4xl text-white font-bold tracking-tight"
  />

  Name "SRM DTP & XEROX Management":
  <h2
    class="text-2xl font-bold sm:text-3xl text-foreground tracking-tight"
  />

  --------------------------------------------------
  textbox:

  Name "Login ID":
  <input
    autocomplete="username"
    class="file:text-foreground placeholder:text-muted-foreground selection:bg-primary selection:text-primary-foreground dark:bg-input/30 flex w-full min-w-0 border px-3 py-1 shadow-xs outline-none file:inline-flex file:h-7 file:border-0 file:bg-transparent file:text-sm file:font-medium disabled:pointer-events-none disabled:cursor-not-allowed disabled:opacity-50 md:text-sm focus-visible:border-ring focus-visible:ring-ring/50 focus-visible:ring-[3px] aria-invalid:ring-destructive/20 dark:aria-invalid:ring-destructive/40 aria-invalid:border-destructive h-12 text-sm sm:text-base bg-background/50 border-input focus:bg-background focus:ring-2 focus:ring-primary/30 transition-all rounded-sm"
    data-slot="input"
    id="loginId"
    placeholder="Enter your login ID"
    required=""
    type="text"
    value="  staff01  "
  />

  --------------------------------------------------
  button:

  Name "Show password":
  <button
    aria-label="Show password"
    class="absolute right-3 top-1/2 -translate-y-1/2 text-muted-foreground hover:text-primary transition-colors p-1"
    type="button"
  />

  Name "Sign In":
  <button
    class="inline-flex items-center justify-center gap-2 whitespace-nowrap disabled:pointer-events-none disabled:opacity-50 [&_svg]:pointer-events-none [&_svg:not([class*='size-'])]:size-4 shrink-0 [&_svg]:shrink-0 outline-none focus-visible:border-ring focus-visible:ring-ring/50 focus-visible:ring-[3px] aria-invalid:ring-destructive/20 dark:aria-invalid:ring-destructive/40 aria-invalid:border-destructive hover:bg-primary/90 px-6 has-[>svg]:px-4 h-12 w-full text-base font-semibold bg-gradient-to-r from-primary/90 to-primary hover:from-primary hover:to-primary/90 text-primary-foreground shadow-xl shadow-primary/20 transition-all duration-300 rounded-sm group"
    data-slot="button"
    type="submit"
  />

  --------------------------------------------------
  checkbox:

  Name "Keep me signed in":
  <button
    aria-checked="false"
    class="peer border-input dark:bg-input/30 data-[state=checked]:text-primary-foreground dark:data-[state=checked]:bg-primary focus-visible:border-ring focus-visible:ring-ring/50 aria-invalid:ring-destructive/20 dark:aria-invalid:ring-destructive/40 aria-invalid:border-destructive size-4 shrink-0 border shadow-xs transition-shadow outline-none focus-visible:ring-[3px] disabled:cursor-not-allowed disabled:opacity-50 me-3 ms-1 rounded-sm data-[state=checked]:bg-primary data-[state=checked]:border-primary"
    data-slot="checkbox"
    data-state="unchecked"
    id="rememberMe"
    role="checkbox"
    type="button"
    value="on"
  />

  --------------------------------------------------

Ignored nodes: comments, script, style
<body>
  <div>
    <div
      class="min-h-svh grid lg:grid-cols-2 xrx-shell"
    >
      <div
        class="hidden lg:flex flex-col bg-[#14161A] text-[#F1F3F4] relative overflow-hidden"
      >
        <div
          class="xrx-grid"
        />
        <div
          class="relative flex-1 flex flex-col justify-center p-12 xl:p-20"
        >
          <div
            class="max-w-xl"
          >
            <div
              class="flex items-center gap-5 mb-12"
            >
              <div
                class="w-16 h-16 rounded-md bg-[#0F8B8D]/15 border border-[#0F8B8D]/40 flex items-center justify-center"
              >
                <svg
                  aria-hidden="true"
                  class="lucide lucide-printer h-8 w-8 text-[#2FD4D7]"
                  fill="none"
                  height="24"
                  stroke="currentColor"
                  stroke-linecap="round"
                  stroke-linejoin="round"
                  stroke-width="2"
                  viewBox="0 0 24 24"
                  width="24"
                  xmlns="http://www.w3.org/2000/svg"
                >
                  <path
                    d="M6 18H4a2 2 0 0 1-2-2v-5a2 2 0 0 1 2-2h16a2 2 0 0 1 2 2v5a2 2 0 0 1-2 2h-2"
                  />
                  <path
                    d="M6 9V3a1 1 0 0 1 1-1h10a1 1 0 0 1 1 1v6"
                  />
                  <rect
                    height="8"
                    rx="1"
                    width="12"
                    x="6"
                    y="14"
                  />
                </svg>
              </div>
              <div>
                <p
                  class="xrx-mono text-xs tracking-[0.3em] text-[#2FD4D7] mb-1"
                >
                  SRM ┬╖ DTP & XEROX
                </p>
                <h1
                  class="text-4xl text-white font-bold tracking-tight"
                >
                  Management
                </h1>
              </div>
            </div>
            <div
              class="xrx-scanner mb-10"
            >
              <div
                class="xrx-sheet xrx-sheet-3"
              />
              <div
                class="xrx-sheet xrx-sheet-2"
              />
              <div
                class="xrx-sheet xrx-sheet-1"
              >
                <div
                  class="xrx-sheet-lines"
                >
                  <span />
                  <span />
                  <span />
                  <span />
                  <span />
                </div>
                <div
                  class="xrx-scanbar"
                />
              </div>
            </div>
            <p
              class="text-lg leading-relaxed text-[#B9BEC2]"
            >
              Track print jobs, manage copy counters and settle counter billing for every order that crosses the desk ΓÇö from a single job ticket to a full binding batch.
            </p>
            <div
              class="flex items-center gap-3 mt-8 text-[#7C8288]"
            >
              <svg
                aria-hidden="true"
                class="lucide lucide-scan-line h-4 w-4 text-[#2FD4D7]"
                fill="none"
                height="24"
                stroke="currentColor"
                stroke-linecap="round"
                stroke-linejoin="round"
                stroke-width="2"
                viewBox="0 0 24 24"
                width="24"
                xmlns="http://www.w3.org/2000/svg"
              >
                <path
                  d="M3 7V5a2 2 0 0 1 2-2h2"
                />
                <path
                  d="M17 3h2a2 2 0 0 1 2 2v2"
                />
                <path
                  d="M21 17v2a2 2 0 0 1-2 2h-2"
                />
                <path
                  d="M7 21H5a2 2 0 0 1-2-2v-2"
                />
                <path
                  d="M7 12h10"
                />
              </svg>
            </div>
          </div>
        </div>
        <div
          class="relative px-12 pb-10 xrx-mono text-[11px] tracking-wide text-[#5C6167]"
        >
          ┬⌐ 
          2026
           SRM XEROX MANAGEMENT SYSTEM
        </div>
      </div>
      <div
        class="flex min-h-svh items-center justify-center px-4 py-6 sm:px-6 bg-gradient-to-br from-background to-muted/30 relative overflow-hidden"
      >
        <div
          class="absolute top-[-10%] left-[-10%] w-96 h-96 bg-primary/20 rounded-full blur-[100px] pointer-events-none"
        />
        <div
          class="absolute bottom-[-10%] right-[-10%] w-96 h-96 bg-primary/10 rounded-full blur-[100px] pointer-events-none"
        />
        <div
          class="w-full max-w-md space-y-6 relative z-10 animate-in fade-in slide-in-from-bottom-4 duration-700 ease-out"
        >
          <div
            class="text-center lg:hidden animate-in fade-in zoom-in duration-500 delay-150 fill...
 Γ¥» Object.getElementError node_modules/@testing-library/dom/dist/config.js:37:19
 Γ¥» node_modules/@testing-library/dom/dist/query-helpers.js:76:38
 Γ¥» node_modules/@testing-library/dom/dist/query-helpers.js:52:17
 Γ¥» node_modules/@testing-library/dom/dist/query-helpers.js:95:19
 Γ¥» src/test/pages/login.test.jsx:131:14
    129|     await user.type(screen.getByLabelText(/^password$/i), 'secret123');
    130|     await user.click(
    131|       screen.getByRole('checkbox', { name: /keep this counter signed iΓÇª
       |              ^
    132|     );
    133|     await user.click(screen.getByRole('button', { name: /open counter/ΓÇª

ΓÄ»ΓÄ»ΓÄ»ΓÄ»ΓÄ»ΓÄ»ΓÄ»ΓÄ»ΓÄ»ΓÄ»ΓÄ»ΓÄ»ΓÄ»ΓÄ»ΓÄ»ΓÄ»ΓÄ»ΓÄ»ΓÄ»ΓÄ»ΓÄ»ΓÄ»ΓÄ»[5/16]ΓÄ»

 FAIL  src/test/pages/login.test.jsx > Login page > does not call login when the form is submitted empty
TestingLibraryElementError: Unable to find an accessible element with the role "button" and name `/open counter/i`

Here are the accessible roles:

  paragraph:

  Name "":
  <p
    class="xrx-mono text-xs tracking-[0.3em] text-[#2FD4D7] mb-1"
  />

  Name "":
  <p
    class="text-lg leading-relaxed text-[#B9BEC2]"
  />

  Name "":
  <p
    class="mt-2 text-sm text-muted-foreground font-medium"
  />

  Name "":
  <p
    class="text-xs text-muted-foreground pt-4 leading-relaxed"
  />

  --------------------------------------------------
  heading:

  Name "Management":
  <h1
    class="text-4xl text-white font-bold tracking-tight"
  />

  Name "SRM DTP & XEROX Management":
  <h2
    class="text-2xl font-bold sm:text-3xl text-foreground tracking-tight"
  />

  --------------------------------------------------
  textbox:

  Name "Login ID":
  <input
    autocomplete="username"
    class="file:text-foreground placeholder:text-muted-foreground selection:bg-primary selection:text-primary-foreground dark:bg-input/30 flex w-full min-w-0 border px-3 py-1 shadow-xs outline-none file:inline-flex file:h-7 file:border-0 file:bg-transparent file:text-sm file:font-medium disabled:pointer-events-none disabled:cursor-not-allowed disabled:opacity-50 md:text-sm focus-visible:border-ring focus-visible:ring-ring/50 focus-visible:ring-[3px] aria-invalid:ring-destructive/20 dark:aria-invalid:ring-destructive/40 aria-invalid:border-destructive h-12 text-sm sm:text-base bg-background/50 border-input focus:bg-background focus:ring-2 focus:ring-primary/30 transition-all rounded-sm"
    data-slot="input"
    id="loginId"
    placeholder="Enter your login ID"
    required=""
    type="text"
    value=""
  />

  --------------------------------------------------
  button:

  Name "Show password":
  <button
    aria-label="Show password"
    class="absolute right-3 top-1/2 -translate-y-1/2 text-muted-foreground hover:text-primary transition-colors p-1"
    type="button"
  />

  Name "Sign In":
  <button
    class="inline-flex items-center justify-center gap-2 whitespace-nowrap disabled:pointer-events-none disabled:opacity-50 [&_svg]:pointer-events-none [&_svg:not([class*='size-'])]:size-4 shrink-0 [&_svg]:shrink-0 outline-none focus-visible:border-ring focus-visible:ring-ring/50 focus-visible:ring-[3px] aria-invalid:ring-destructive/20 dark:aria-invalid:ring-destructive/40 aria-invalid:border-destructive hover:bg-primary/90 px-6 has-[>svg]:px-4 h-12 w-full text-base font-semibold bg-gradient-to-r from-primary/90 to-primary hover:from-primary hover:to-primary/90 text-primary-foreground shadow-xl shadow-primary/20 transition-all duration-300 rounded-sm group"
    data-slot="button"
    disabled=""
    type="submit"
  />

  --------------------------------------------------
  checkbox:

  Name "Keep me signed in":
  <button
    aria-checked="false"
    class="peer border-input dark:bg-input/30 data-[state=checked]:text-primary-foreground dark:data-[state=checked]:bg-primary focus-visible:border-ring focus-visible:ring-ring/50 aria-invalid:ring-destructive/20 dark:aria-invalid:ring-destructive/40 aria-invalid:border-destructive size-4 shrink-0 border shadow-xs transition-shadow outline-none focus-visible:ring-[3px] disabled:cursor-not-allowed disabled:opacity-50 me-3 ms-1 rounded-sm data-[state=checked]:bg-primary data-[state=checked]:border-primary"
    data-slot="checkbox"
    data-state="unchecked"
    id="rememberMe"
    role="checkbox"
    type="button"
    value="on"
  />

  --------------------------------------------------

Ignored nodes: comments, script, style
<body>
  <div>
    <div
      class="min-h-svh grid lg:grid-cols-2 xrx-shell"
    >
      <div
        class="hidden lg:flex flex-col bg-[#14161A] text-[#F1F3F4] relative overflow-hidden"
      >
        <div
          class="xrx-grid"
        />
        <div
          class="relative flex-1 flex flex-col justify-center p-12 xl:p-20"
        >
          <div
            class="max-w-xl"
          >
            <div
              class="flex items-center gap-5 mb-12"
            >
              <div
                class="w-16 h-16 rounded-md bg-[#0F8B8D]/15 border border-[#0F8B8D]/40 flex items-center justify-center"
              >
                <svg
                  aria-hidden="true"
                  class="lucide lucide-printer h-8 w-8 text-[#2FD4D7]"
                  fill="none"
                  height="24"
                  stroke="currentColor"
                  stroke-linecap="round"
                  stroke-linejoin="round"
                  stroke-width="2"
                  viewBox="0 0 24 24"
                  width="24"
                  xmlns="http://www.w3.org/2000/svg"
                >
                  <path
                    d="M6 18H4a2 2 0 0 1-2-2v-5a2 2 0 0 1 2-2h16a2 2 0 0 1 2 2v5a2 2 0 0 1-2 2h-2"
                  />
                  <path
                    d="M6 9V3a1 1 0 0 1 1-1h10a1 1 0 0 1 1 1v6"
                  />
                  <rect
                    height="8"
                    rx="1"
                    width="12"
                    x="6"
                    y="14"
                  />
                </svg>
              </div>
              <div>
                <p
                  class="xrx-mono text-xs tracking-[0.3em] text-[#2FD4D7] mb-1"
                >
                  SRM ┬╖ DTP & XEROX
                </p>
                <h1
                  class="text-4xl text-white font-bold tracking-tight"
                >
                  Management
                </h1>
              </div>
            </div>
            <div
              class="xrx-scanner mb-10"
            >
              <div
                class="xrx-sheet xrx-sheet-3"
              />
              <div
                class="xrx-sheet xrx-sheet-2"
              />
              <div
                class="xrx-sheet xrx-sheet-1"
              >
                <div
                  class="xrx-sheet-lines"
                >
                  <span />
                  <span />
                  <span />
                  <span />
                  <span />
                </div>
                <div
                  class="xrx-scanbar"
                />
              </div>
            </div>
            <p
              class="text-lg leading-relaxed text-[#B9BEC2]"
            >
              Track print jobs, manage copy counters and settle counter billing for every order that crosses the desk ΓÇö from a single job ticket to a full binding batch.
            </p>
            <div
              class="flex items-center gap-3 mt-8 text-[#7C8288]"
            >
              <svg
                aria-hidden="true"
                class="lucide lucide-scan-line h-4 w-4 text-[#2FD4D7]"
                fill="none"
                height="24"
                stroke="currentColor"
                stroke-linecap="round"
                stroke-linejoin="round"
                stroke-width="2"
                viewBox="0 0 24 24"
                width="24"
                xmlns="http://www.w3.org/2000/svg"
              >
                <path
                  d="M3 7V5a2 2 0 0 1 2-2h2"
                />
                <path
                  d="M17 3h2a2 2 0 0 1 2 2v2"
                />
                <path
                  d="M21 17v2a2 2 0 0 1-2 2h-2"
                />
                <path
                  d="M7 21H5a2 2 0 0 1-2-2v-2"
                />
                <path
                  d="M7 12h10"
                />
              </svg>
            </div>
          </div>
        </div>
        <div
          class="relative px-12 pb-10 xrx-mono text-[11px] tracking-wide text-[#5C6167]"
        >
          ┬⌐ 
          2026
           SRM XEROX MANAGEMENT SYSTEM
        </div>
      </div>
      <div
        class="flex min-h-svh items-center justify-center px-4 py-6 sm:px-6 bg-gradient-to-br from-background to-muted/30 relative overflow-hidden"
      >
        <div
          class="absolute top-[-10%] left-[-10%] w-96 h-96 bg-primary/20 rounded-full blur-[100px] pointer-events-none"
        />
        <div
          class="absolute bottom-[-10%] right-[-10%] w-96 h-96 bg-primary/10 rounded-full blur-[100px] pointer-events-none"
        />
        <div
          class="w-full max-w-md space-y-6 relative z-10 animate-in fade-in slide-in-from-bottom-4 duration-700 ease-out"
        >
          <div
            class="text-center lg:hidden animate-in fade-in zoom-in duration-500 delay-150 fill...
 Γ¥» Object.getElementError node_modules/@testing-library/dom/dist/config.js:37:19
 Γ¥» node_modules/@testing-library/dom/dist/query-helpers.js:76:38
 Γ¥» node_modules/@testing-library/dom/dist/query-helpers.js:52:17
 Γ¥» node_modules/@testing-library/dom/dist/query-helpers.js:95:19
 Γ¥» src/test/pages/login.test.jsx:148:8
    146|
    147|     const form = screen
    148|       .getByRole('button', { name: /open counter/i })
       |        ^
    149|       .closest('form');
    150|     if (form?.requestSubmit) {

ΓÄ»ΓÄ»ΓÄ»ΓÄ»ΓÄ»ΓÄ»ΓÄ»ΓÄ»ΓÄ»ΓÄ»ΓÄ»ΓÄ»ΓÄ»ΓÄ»ΓÄ»ΓÄ»ΓÄ»ΓÄ»ΓÄ»ΓÄ»ΓÄ»ΓÄ»ΓÄ»[6/16]ΓÄ»

 FAIL  src/test/pages/login.test.jsx > Login page > shows a loading state while the login request is in flight
TestingLibraryElementError: Unable to find an accessible element with the role "button" and name `/open counter/i`

Here are the accessible roles:

  paragraph:

  Name "":
  <p
    class="xrx-mono text-xs tracking-[0.3em] text-[#2FD4D7] mb-1"
  />

  Name "":
  <p
    class="text-lg leading-relaxed text-[#B9BEC2]"
  />

  Name "":
  <p
    class="mt-2 text-sm text-muted-foreground font-medium"
  />

  Name "":
  <p
    class="text-xs text-muted-foreground pt-4 leading-relaxed"
  />

  --------------------------------------------------
  heading:

  Name "Management":
  <h1
    class="text-4xl text-white font-bold tracking-tight"
  />

  Name "SRM DTP & XEROX Management":
  <h2
    class="text-2xl font-bold sm:text-3xl text-foreground tracking-tight"
  />

  --------------------------------------------------
  textbox:

  Name "Login ID":
  <input
    autocomplete="username"
    class="file:text-foreground placeholder:text-muted-foreground selection:bg-primary selection:text-primary-foreground dark:bg-input/30 flex w-full min-w-0 border px-3 py-1 shadow-xs outline-none file:inline-flex file:h-7 file:border-0 file:bg-transparent file:text-sm file:font-medium disabled:pointer-events-none disabled:cursor-not-allowed disabled:opacity-50 md:text-sm focus-visible:border-ring focus-visible:ring-ring/50 focus-visible:ring-[3px] aria-invalid:ring-destructive/20 dark:aria-invalid:ring-destructive/40 aria-invalid:border-destructive h-12 text-sm sm:text-base bg-background/50 border-input focus:bg-background focus:ring-2 focus:ring-primary/30 transition-all rounded-sm"
    data-slot="input"
    id="loginId"
    placeholder="Enter your login ID"
    required=""
    type="text"
    value="staff01"
  />

  --------------------------------------------------
  button:

  Name "Show password":
  <button
    aria-label="Show password"
    class="absolute right-3 top-1/2 -translate-y-1/2 text-muted-foreground hover:text-primary transition-colors p-1"
    type="button"
  />

  Name "Sign In":
  <button
    class="inline-flex items-center justify-center gap-2 whitespace-nowrap disabled:pointer-events-none disabled:opacity-50 [&_svg]:pointer-events-none [&_svg:not([class*='size-'])]:size-4 shrink-0 [&_svg]:shrink-0 outline-none focus-visible:border-ring focus-visible:ring-ring/50 focus-visible:ring-[3px] aria-invalid:ring-destructive/20 dark:aria-invalid:ring-destructive/40 aria-invalid:border-destructive hover:bg-primary/90 px-6 has-[>svg]:px-4 h-12 w-full text-base font-semibold bg-gradient-to-r from-primary/90 to-primary hover:from-primary hover:to-primary/90 text-primary-foreground shadow-xl shadow-primary/20 transition-all duration-300 rounded-sm group"
    data-slot="button"
    type="submit"
  />

  --------------------------------------------------
  checkbox:

  Name "Keep me signed in":
  <button
    aria-checked="false"
    class="peer border-input dark:bg-input/30 data-[state=checked]:text-primary-foreground dark:data-[state=checked]:bg-primary focus-visible:border-ring focus-visible:ring-ring/50 aria-invalid:ring-destructive/20 dark:aria-invalid:ring-destructive/40 aria-invalid:border-destructive size-4 shrink-0 border shadow-xs transition-shadow outline-none focus-visible:ring-[3px] disabled:cursor-not-allowed disabled:opacity-50 me-3 ms-1 rounded-sm data-[state=checked]:bg-primary data-[state=checked]:border-primary"
    data-slot="checkbox"
    data-state="unchecked"
    id="rememberMe"
    role="checkbox"
    type="button"
    value="on"
  />

  --------------------------------------------------

Ignored nodes: comments, script, style
<body>
  <div>
    <div
      class="min-h-svh grid lg:grid-cols-2 xrx-shell"
    >
      <div
        class="hidden lg:flex flex-col bg-[#14161A] text-[#F1F3F4] relative overflow-hidden"
      >
        <div
          class="xrx-grid"
        />
        <div
          class="relative flex-1 flex flex-col justify-center p-12 xl:p-20"
        >
          <div
            class="max-w-xl"
          >
            <div
              class="flex items-center gap-5 mb-12"
            >
              <div
                class="w-16 h-16 rounded-md bg-[#0F8B8D]/15 border border-[#0F8B8D]/40 flex items-center justify-center"
              >
                <svg
                  aria-hidden="true"
                  class="lucide lucide-printer h-8 w-8 text-[#2FD4D7]"
                  fill="none"
                  height="24"
                  stroke="currentColor"
                  stroke-linecap="round"
                  stroke-linejoin="round"
                  stroke-width="2"
                  viewBox="0 0 24 24"
                  width="24"
                  xmlns="http://www.w3.org/2000/svg"
                >
                  <path
                    d="M6 18H4a2 2 0 0 1-2-2v-5a2 2 0 0 1 2-2h16a2 2 0 0 1 2 2v5a2 2 0 0 1-2 2h-2"
                  />
                  <path
                    d="M6 9V3a1 1 0 0 1 1-1h10a1 1 0 0 1 1 1v6"
                  />
                  <rect
                    height="8"
                    rx="1"
                    width="12"
                    x="6"
                    y="14"
                  />
                </svg>
              </div>
              <div>
                <p
                  class="xrx-mono text-xs tracking-[0.3em] text-[#2FD4D7] mb-1"
                >
                  SRM ┬╖ DTP & XEROX
                </p>
                <h1
                  class="text-4xl text-white font-bold tracking-tight"
                >
                  Management
                </h1>
              </div>
            </div>
            <div
              class="xrx-scanner mb-10"
            >
              <div
                class="xrx-sheet xrx-sheet-3"
              />
              <div
                class="xrx-sheet xrx-sheet-2"
              />
              <div
                class="xrx-sheet xrx-sheet-1"
              >
                <div
                  class="xrx-sheet-lines"
                >
                  <span />
                  <span />
                  <span />
                  <span />
                  <span />
                </div>
                <div
                  class="xrx-scanbar"
                />
              </div>
            </div>
            <p
              class="text-lg leading-relaxed text-[#B9BEC2]"
            >
              Track print jobs, manage copy counters and settle counter billing for every order that crosses the desk ΓÇö from a single job ticket to a full binding batch.
            </p>
            <div
              class="flex items-center gap-3 mt-8 text-[#7C8288]"
            >
              <svg
                aria-hidden="true"
                class="lucide lucide-scan-line h-4 w-4 text-[#2FD4D7]"
                fill="none"
                height="24"
                stroke="currentColor"
                stroke-linecap="round"
                stroke-linejoin="round"
                stroke-width="2"
                viewBox="0 0 24 24"
                width="24"
                xmlns="http://www.w3.org/2000/svg"
              >
                <path
                  d="M3 7V5a2 2 0 0 1 2-2h2"
                />
                <path
                  d="M17 3h2a2 2 0 0 1 2 2v2"
                />
                <path
                  d="M21 17v2a2 2 0 0 1-2 2h-2"
                />
                <path
                  d="M7 21H5a2 2 0 0 1-2-2v-2"
                />
                <path
                  d="M7 12h10"
                />
              </svg>
            </div>
          </div>
        </div>
        <div
          class="relative px-12 pb-10 xrx-mono text-[11px] tracking-wide text-[#5C6167]"
        >
          ┬⌐ 
          2026
           SRM XEROX MANAGEMENT SYSTEM
        </div>
      </div>
      <div
        class="flex min-h-svh items-center justify-center px-4 py-6 sm:px-6 bg-gradient-to-br from-background to-muted/30 relative overflow-hidden"
      >
        <div
          class="absolute top-[-10%] left-[-10%] w-96 h-96 bg-primary/20 rounded-full blur-[100px] pointer-events-none"
        />
        <div
          class="absolute bottom-[-10%] right-[-10%] w-96 h-96 bg-primary/10 rounded-full blur-[100px] pointer-events-none"
        />
        <div
          class="w-full max-w-md space-y-6 relative z-10 animate-in fade-in slide-in-from-bottom-4 duration-700 ease-out"
        >
          <div
            class="text-center lg:hidden animate-in fade-in zoom-in duration-500 delay-150 fill...
 Γ¥» Object.getElementError node_modules/@testing-library/dom/dist/config.js:37:19
 Γ¥» node_modules/@testing-library/dom/dist/query-helpers.js:76:38
 Γ¥» node_modules/@testing-library/dom/dist/query-helpers.js:52:17
 Γ¥» node_modules/@testing-library/dom/dist/query-helpers.js:95:19
 Γ¥» src/test/pages/login.test.jsx:177:29
    175|     await user.type(screen.getByLabelText(/login id/i), 'staff01');
    176|     await user.type(screen.getByLabelText(/^password$/i), 'secret123');
    177|     await user.click(screen.getByRole('button', { name: /open counter/ΓÇª
       |                             ^
    178|
    179|     expect(await screen.findByText(/signing in/i)).toBeInTheDocument();

ΓÄ»ΓÄ»ΓÄ»ΓÄ»ΓÄ»ΓÄ»ΓÄ»ΓÄ»ΓÄ»ΓÄ»ΓÄ»ΓÄ»ΓÄ»ΓÄ»ΓÄ»ΓÄ»ΓÄ»ΓÄ»ΓÄ»ΓÄ»ΓÄ»ΓÄ»ΓÄ»[7/16]ΓÄ»

 FAIL  src/test/pages/login.test.jsx > Login page > shows an error alert when login fails
TestingLibraryElementError: Unable to find an accessible element with the role "button" and name `/open counter/i`

Here are the accessible roles:

  paragraph:

  Name "":
  <p
    class="xrx-mono text-xs tracking-[0.3em] text-[#2FD4D7] mb-1"
  />

  Name "":
  <p
    class="text-lg leading-relaxed text-[#B9BEC2]"
  />

  Name "":
  <p
    class="mt-2 text-sm text-muted-foreground font-medium"
  />

  Name "":
  <p
    class="text-xs text-muted-foreground pt-4 leading-relaxed"
  />

  --------------------------------------------------
  heading:

  Name "Management":
  <h1
    class="text-4xl text-white font-bold tracking-tight"
  />

  Name "SRM DTP & XEROX Management":
  <h2
    class="text-2xl font-bold sm:text-3xl text-foreground tracking-tight"
  />

  --------------------------------------------------
  textbox:

  Name "Login ID":
  <input
    autocomplete="username"
    class="file:text-foreground placeholder:text-muted-foreground selection:bg-primary selection:text-primary-foreground dark:bg-input/30 flex w-full min-w-0 border px-3 py-1 shadow-xs outline-none file:inline-flex file:h-7 file:border-0 file:bg-transparent file:text-sm file:font-medium disabled:pointer-events-none disabled:cursor-not-allowed disabled:opacity-50 md:text-sm focus-visible:border-ring focus-visible:ring-ring/50 focus-visible:ring-[3px] aria-invalid:ring-destructive/20 dark:aria-invalid:ring-destructive/40 aria-invalid:border-destructive h-12 text-sm sm:text-base bg-background/50 border-input focus:bg-background focus:ring-2 focus:ring-primary/30 transition-all rounded-sm"
    data-slot="input"
    id="loginId"
    placeholder="Enter your login ID"
    required=""
    type="text"
    value="staff01"
  />

  --------------------------------------------------
  button:

  Name "Show password":
  <button
    aria-label="Show password"
    class="absolute right-3 top-1/2 -translate-y-1/2 text-muted-foreground hover:text-primary transition-colors p-1"
    type="button"
  />

  Name "Sign In":
  <button
    class="inline-flex items-center justify-center gap-2 whitespace-nowrap disabled:pointer-events-none disabled:opacity-50 [&_svg]:pointer-events-none [&_svg:not([class*='size-'])]:size-4 shrink-0 [&_svg]:shrink-0 outline-none focus-visible:border-ring focus-visible:ring-ring/50 focus-visible:ring-[3px] aria-invalid:ring-destructive/20 dark:aria-invalid:ring-destructive/40 aria-invalid:border-destructive hover:bg-primary/90 px-6 has-[>svg]:px-4 h-12 w-full text-base font-semibold bg-gradient-to-r from-primary/90 to-primary hover:from-primary hover:to-primary/90 text-primary-foreground shadow-xl shadow-primary/20 transition-all duration-300 rounded-sm group"
    data-slot="button"
    type="submit"
  />

  --------------------------------------------------
  checkbox:

  Name "Keep me signed in":
  <button
    aria-checked="false"
    class="peer border-input dark:bg-input/30 data-[state=checked]:text-primary-foreground dark:data-[state=checked]:bg-primary focus-visible:border-ring focus-visible:ring-ring/50 aria-invalid:ring-destructive/20 dark:aria-invalid:ring-destructive/40 aria-invalid:border-destructive size-4 shrink-0 border shadow-xs transition-shadow outline-none focus-visible:ring-[3px] disabled:cursor-not-allowed disabled:opacity-50 me-3 ms-1 rounded-sm data-[state=checked]:bg-primary data-[state=checked]:border-primary"
    data-slot="checkbox"
    data-state="unchecked"
    id="rememberMe"
    role="checkbox"
    type="button"
    value="on"
  />

  --------------------------------------------------

Ignored nodes: comments, script, style
<body>
  <div>
    <div
      class="min-h-svh grid lg:grid-cols-2 xrx-shell"
    >
      <div
        class="hidden lg:flex flex-col bg-[#14161A] text-[#F1F3F4] relative overflow-hidden"
      >
        <div
          class="xrx-grid"
        />
        <div
          class="relative flex-1 flex flex-col justify-center p-12 xl:p-20"
        >
          <div
            class="max-w-xl"
          >
            <div
              class="flex items-center gap-5 mb-12"
            >
              <div
                class="w-16 h-16 rounded-md bg-[#0F8B8D]/15 border border-[#0F8B8D]/40 flex items-center justify-center"
              >
                <svg
                  aria-hidden="true"
                  class="lucide lucide-printer h-8 w-8 text-[#2FD4D7]"
                  fill="none"
                  height="24"
                  stroke="currentColor"
                  stroke-linecap="round"
                  stroke-linejoin="round"
                  stroke-width="2"
                  viewBox="0 0 24 24"
                  width="24"
                  xmlns="http://www.w3.org/2000/svg"
                >
                  <path
                    d="M6 18H4a2 2 0 0 1-2-2v-5a2 2 0 0 1 2-2h16a2 2 0 0 1 2 2v5a2 2 0 0 1-2 2h-2"
                  />
                  <path
                    d="M6 9V3a1 1 0 0 1 1-1h10a1 1 0 0 1 1 1v6"
                  />
                  <rect
                    height="8"
                    rx="1"
                    width="12"
                    x="6"
                    y="14"
                  />
                </svg>
              </div>
              <div>
                <p
                  class="xrx-mono text-xs tracking-[0.3em] text-[#2FD4D7] mb-1"
                >
                  SRM ┬╖ DTP & XEROX
                </p>
                <h1
                  class="text-4xl text-white font-bold tracking-tight"
                >
                  Management
                </h1>
              </div>
            </div>
            <div
              class="xrx-scanner mb-10"
            >
              <div
                class="xrx-sheet xrx-sheet-3"
              />
              <div
                class="xrx-sheet xrx-sheet-2"
              />
              <div
                class="xrx-sheet xrx-sheet-1"
              >
                <div
                  class="xrx-sheet-lines"
                >
                  <span />
                  <span />
                  <span />
                  <span />
                  <span />
                </div>
                <div
                  class="xrx-scanbar"
                />
              </div>
            </div>
            <p
              class="text-lg leading-relaxed text-[#B9BEC2]"
            >
              Track print jobs, manage copy counters and settle counter billing for every order that crosses the desk ΓÇö from a single job ticket to a full binding batch.
            </p>
            <div
              class="flex items-center gap-3 mt-8 text-[#7C8288]"
            >
              <svg
                aria-hidden="true"
                class="lucide lucide-scan-line h-4 w-4 text-[#2FD4D7]"
                fill="none"
                height="24"
                stroke="currentColor"
                stroke-linecap="round"
                stroke-linejoin="round"
                stroke-width="2"
                viewBox="0 0 24 24"
                width="24"
                xmlns="http://www.w3.org/2000/svg"
              >
                <path
                  d="M3 7V5a2 2 0 0 1 2-2h2"
                />
                <path
                  d="M17 3h2a2 2 0 0 1 2 2v2"
                />
                <path
                  d="M21 17v2a2 2 0 0 1-2 2h-2"
                />
                <path
                  d="M7 21H5a2 2 0 0 1-2-2v-2"
                />
                <path
                  d="M7 12h10"
                />
              </svg>
            </div>
          </div>
        </div>
        <div
          class="relative px-12 pb-10 xrx-mono text-[11px] tracking-wide text-[#5C6167]"
        >
          ┬⌐ 
          2026
           SRM XEROX MANAGEMENT SYSTEM
        </div>
      </div>
      <div
        class="flex min-h-svh items-center justify-center px-4 py-6 sm:px-6 bg-gradient-to-br from-background to-muted/30 relative overflow-hidden"
      >
        <div
          class="absolute top-[-10%] left-[-10%] w-96 h-96 bg-primary/20 rounded-full blur-[100px] pointer-events-none"
        />
        <div
          class="absolute bottom-[-10%] right-[-10%] w-96 h-96 bg-primary/10 rounded-full blur-[100px] pointer-events-none"
        />
        <div
          class="w-full max-w-md space-y-6 relative z-10 animate-in fade-in slide-in-from-bottom-4 duration-700 ease-out"
        >
          <div
            class="text-center lg:hidden animate-in fade-in zoom-in duration-500 delay-150 fill...
 Γ¥» Object.getElementError node_modules/@testing-library/dom/dist/config.js:37:19
 Γ¥» node_modules/@testing-library/dom/dist/query-helpers.js:76:38
 Γ¥» node_modules/@testing-library/dom/dist/query-helpers.js:52:17
 Γ¥» node_modules/@testing-library/dom/dist/query-helpers.js:95:19
 Γ¥» src/test/pages/login.test.jsx:199:29
    197|     await user.type(screen.getByLabelText(/login id/i), 'staff01');
    198|     await user.type(screen.getByLabelText(/^password$/i), 'wrongpass');
    199|     await user.click(screen.getByRole('button', { name: /open counter/ΓÇª
       |                             ^
    200|
    201|     expect(await screen.findByText(/invalid credentials/i)).toBeInTheDΓÇª

ΓÄ»ΓÄ»ΓÄ»ΓÄ»ΓÄ»ΓÄ»ΓÄ»ΓÄ»ΓÄ»ΓÄ»ΓÄ»ΓÄ»ΓÄ»ΓÄ»ΓÄ»ΓÄ»ΓÄ»ΓÄ»ΓÄ»ΓÄ»ΓÄ»ΓÄ»ΓÄ»[8/16]ΓÄ»

 FAIL  src/test/pages/login.test.jsx > Login page > falls back to a generic error message when none is provided
TestingLibraryElementError: Unable to find an accessible element with the role "button" and name `/open counter/i`

Here are the accessible roles:

  paragraph:

  Name "":
  <p
    class="xrx-mono text-xs tracking-[0.3em] text-[#2FD4D7] mb-1"
  />

  Name "":
  <p
    class="text-lg leading-relaxed text-[#B9BEC2]"
  />

  Name "":
  <p
    class="mt-2 text-sm text-muted-foreground font-medium"
  />

  Name "":
  <p
    class="text-xs text-muted-foreground pt-4 leading-relaxed"
  />

  --------------------------------------------------
  heading:

  Name "Management":
  <h1
    class="text-4xl text-white font-bold tracking-tight"
  />

  Name "SRM DTP & XEROX Management":
  <h2
    class="text-2xl font-bold sm:text-3xl text-foreground tracking-tight"
  />

  --------------------------------------------------
  textbox:

  Name "Login ID":
  <input
    autocomplete="username"
    class="file:text-foreground placeholder:text-muted-foreground selection:bg-primary selection:text-primary-foreground dark:bg-input/30 flex w-full min-w-0 border px-3 py-1 shadow-xs outline-none file:inline-flex file:h-7 file:border-0 file:bg-transparent file:text-sm file:font-medium disabled:pointer-events-none disabled:cursor-not-allowed disabled:opacity-50 md:text-sm focus-visible:border-ring focus-visible:ring-ring/50 focus-visible:ring-[3px] aria-invalid:ring-destructive/20 dark:aria-invalid:ring-destructive/40 aria-invalid:border-destructive h-12 text-sm sm:text-base bg-background/50 border-input focus:bg-background focus:ring-2 focus:ring-primary/30 transition-all rounded-sm"
    data-slot="input"
    id="loginId"
    placeholder="Enter your login ID"
    required=""
    type="text"
    value="staff01"
  />

  --------------------------------------------------
  button:

  Name "Show password":
  <button
    aria-label="Show password"
    class="absolute right-3 top-1/2 -translate-y-1/2 text-muted-foreground hover:text-primary transition-colors p-1"
    type="button"
  />

  Name "Sign In":
  <button
    class="inline-flex items-center justify-center gap-2 whitespace-nowrap disabled:pointer-events-none disabled:opacity-50 [&_svg]:pointer-events-none [&_svg:not([class*='size-'])]:size-4 shrink-0 [&_svg]:shrink-0 outline-none focus-visible:border-ring focus-visible:ring-ring/50 focus-visible:ring-[3px] aria-invalid:ring-destructive/20 dark:aria-invalid:ring-destructive/40 aria-invalid:border-destructive hover:bg-primary/90 px-6 has-[>svg]:px-4 h-12 w-full text-base font-semibold bg-gradient-to-r from-primary/90 to-primary hover:from-primary hover:to-primary/90 text-primary-foreground shadow-xl shadow-primary/20 transition-all duration-300 rounded-sm group"
    data-slot="button"
    type="submit"
  />

  --------------------------------------------------
  checkbox:

  Name "Keep me signed in":
  <button
    aria-checked="false"
    class="peer border-input dark:bg-input/30 data-[state=checked]:text-primary-foreground dark:data-[state=checked]:bg-primary focus-visible:border-ring focus-visible:ring-ring/50 aria-invalid:ring-destructive/20 dark:aria-invalid:ring-destructive/40 aria-invalid:border-destructive size-4 shrink-0 border shadow-xs transition-shadow outline-none focus-visible:ring-[3px] disabled:cursor-not-allowed disabled:opacity-50 me-3 ms-1 rounded-sm data-[state=checked]:bg-primary data-[state=checked]:border-primary"
    data-slot="checkbox"
    data-state="unchecked"
    id="rememberMe"
    role="checkbox"
    type="button"
    value="on"
  />

  --------------------------------------------------

Ignored nodes: comments, script, style
<body>
  <div>
    <div
      class="min-h-svh grid lg:grid-cols-2 xrx-shell"
    >
      <div
        class="hidden lg:flex flex-col bg-[#14161A] text-[#F1F3F4] relative overflow-hidden"
      >
        <div
          class="xrx-grid"
        />
        <div
          class="relative flex-1 flex flex-col justify-center p-12 xl:p-20"
        >
          <div
            class="max-w-xl"
          >
            <div
              class="flex items-center gap-5 mb-12"
            >
              <div
                class="w-16 h-16 rounded-md bg-[#0F8B8D]/15 border border-[#0F8B8D]/40 flex items-center justify-center"
              >
                <svg
                  aria-hidden="true"
                  class="lucide lucide-printer h-8 w-8 text-[#2FD4D7]"
                  fill="none"
                  height="24"
                  stroke="currentColor"
                  stroke-linecap="round"
                  stroke-linejoin="round"
                  stroke-width="2"
                  viewBox="0 0 24 24"
                  width="24"
                  xmlns="http://www.w3.org/2000/svg"
                >
                  <path
                    d="M6 18H4a2 2 0 0 1-2-2v-5a2 2 0 0 1 2-2h16a2 2 0 0 1 2 2v5a2 2 0 0 1-2 2h-2"
                  />
                  <path
                    d="M6 9V3a1 1 0 0 1 1-1h10a1 1 0 0 1 1 1v6"
                  />
                  <rect
                    height="8"
                    rx="1"
                    width="12"
                    x="6"
                    y="14"
                  />
                </svg>
              </div>
              <div>
                <p
                  class="xrx-mono text-xs tracking-[0.3em] text-[#2FD4D7] mb-1"
                >
                  SRM ┬╖ DTP & XEROX
                </p>
                <h1
                  class="text-4xl text-white font-bold tracking-tight"
                >
                  Management
                </h1>
              </div>
            </div>
            <div
              class="xrx-scanner mb-10"
            >
              <div
                class="xrx-sheet xrx-sheet-3"
              />
              <div
                class="xrx-sheet xrx-sheet-2"
              />
              <div
                class="xrx-sheet xrx-sheet-1"
              >
                <div
                  class="xrx-sheet-lines"
                >
                  <span />
                  <span />
                  <span />
                  <span />
                  <span />
                </div>
                <div
                  class="xrx-scanbar"
                />
              </div>
            </div>
            <p
              class="text-lg leading-relaxed text-[#B9BEC2]"
            >
              Track print jobs, manage copy counters and settle counter billing for every order that crosses the desk ΓÇö from a single job ticket to a full binding batch.
            </p>
            <div
              class="flex items-center gap-3 mt-8 text-[#7C8288]"
            >
              <svg
                aria-hidden="true"
                class="lucide lucide-scan-line h-4 w-4 text-[#2FD4D7]"
                fill="none"
                height="24"
                stroke="currentColor"
                stroke-linecap="round"
                stroke-linejoin="round"
                stroke-width="2"
                viewBox="0 0 24 24"
                width="24"
                xmlns="http://www.w3.org/2000/svg"
              >
                <path
                  d="M3 7V5a2 2 0 0 1 2-2h2"
                />
                <path
                  d="M17 3h2a2 2 0 0 1 2 2v2"
                />
                <path
                  d="M21 17v2a2 2 0 0 1-2 2h-2"
                />
                <path
                  d="M7 21H5a2 2 0 0 1-2-2v-2"
                />
                <path
                  d="M7 12h10"
                />
              </svg>
            </div>
          </div>
        </div>
        <div
          class="relative px-12 pb-10 xrx-mono text-[11px] tracking-wide text-[#5C6167]"
        >
          ┬⌐ 
          2026
           SRM XEROX MANAGEMENT SYSTEM
        </div>
      </div>
      <div
        class="flex min-h-svh items-center justify-center px-4 py-6 sm:px-6 bg-gradient-to-br from-background to-muted/30 relative overflow-hidden"
      >
        <div
          class="absolute top-[-10%] left-[-10%] w-96 h-96 bg-primary/20 rounded-full blur-[100px] pointer-events-none"
        />
        <div
          class="absolute bottom-[-10%] right-[-10%] w-96 h-96 bg-primary/10 rounded-full blur-[100px] pointer-events-none"
        />
        <div
          class="w-full max-w-md space-y-6 relative z-10 animate-in fade-in slide-in-from-bottom-4 duration-700 ease-out"
        >
          <div
            class="text-center lg:hidden animate-in fade-in zoom-in duration-500 delay-150 fill...
 Γ¥» Object.getElementError node_modules/@testing-library/dom/dist/config.js:37:19
 Γ¥» node_modules/@testing-library/dom/dist/query-helpers.js:76:38
 Γ¥» node_modules/@testing-library/dom/dist/query-helpers.js:52:17
 Γ¥» node_modules/@testing-library/dom/dist/query-helpers.js:95:19
 Γ¥» src/test/pages/login.test.jsx:212:29
    210|     await user.type(screen.getByLabelText(/login id/i), 'staff01');
    211|     await user.type(screen.getByLabelText(/^password$/i), 'wrongpass');
    212|     await user.click(screen.getByRole('button', { name: /open counter/ΓÇª
       |                             ^
    213|
    214|     expect(

ΓÄ»ΓÄ»ΓÄ»ΓÄ»ΓÄ»ΓÄ»ΓÄ»ΓÄ»ΓÄ»ΓÄ»ΓÄ»ΓÄ»ΓÄ»ΓÄ»ΓÄ»ΓÄ»ΓÄ»ΓÄ»ΓÄ»ΓÄ»ΓÄ»ΓÄ»ΓÄ»[9/16]ΓÄ»

 FAIL  src/test/pages/login.test.jsx > Login page > renders a request-access link to /enquiry
TestingLibraryElementError: Unable to find an accessible element with the role "link" and name `/request access/i`

Here are the accessible roles:

  paragraph:

  Name "":
  <p
    class="xrx-mono text-xs tracking-[0.3em] text-[#2FD4D7] mb-1"
  />

  Name "":
  <p
    class="text-lg leading-relaxed text-[#B9BEC2]"
  />

  Name "":
  <p
    class="mt-2 text-sm text-muted-foreground font-medium"
  />

  Name "":
  <p
    class="text-xs text-muted-foreground pt-4 leading-relaxed"
  />

  --------------------------------------------------
  heading:

  Name "Management":
  <h1
    class="text-4xl text-white font-bold tracking-tight"
  />

  Name "SRM DTP & XEROX Management":
  <h2
    class="text-2xl font-bold sm:text-3xl text-foreground tracking-tight"
  />

  --------------------------------------------------
  textbox:

  Name "Login ID":
  <input
    autocomplete="username"
    class="file:text-foreground placeholder:text-muted-foreground selection:bg-primary selection:text-primary-foreground dark:bg-input/30 flex w-full min-w-0 border px-3 py-1 shadow-xs outline-none file:inline-flex file:h-7 file:border-0 file:bg-transparent file:text-sm file:font-medium disabled:pointer-events-none disabled:cursor-not-allowed disabled:opacity-50 md:text-sm focus-visible:border-ring focus-visible:ring-ring/50 focus-visible:ring-[3px] aria-invalid:ring-destructive/20 dark:aria-invalid:ring-destructive/40 aria-invalid:border-destructive h-12 text-sm sm:text-base bg-background/50 border-input focus:bg-background focus:ring-2 focus:ring-primary/30 transition-all rounded-sm"
    data-slot="input"
    id="loginId"
    placeholder="Enter your login ID"
    required=""
    type="text"
    value=""
  />

  --------------------------------------------------
  button:

  Name "Show password":
  <button
    aria-label="Show password"
    class="absolute right-3 top-1/2 -translate-y-1/2 text-muted-foreground hover:text-primary transition-colors p-1"
    type="button"
  />

  Name "Sign In":
  <button
    class="inline-flex items-center justify-center gap-2 whitespace-nowrap disabled:pointer-events-none disabled:opacity-50 [&_svg]:pointer-events-none [&_svg:not([class*='size-'])]:size-4 shrink-0 [&_svg]:shrink-0 outline-none focus-visible:border-ring focus-visible:ring-ring/50 focus-visible:ring-[3px] aria-invalid:ring-destructive/20 dark:aria-invalid:ring-destructive/40 aria-invalid:border-destructive hover:bg-primary/90 px-6 has-[>svg]:px-4 h-12 w-full text-base font-semibold bg-gradient-to-r from-primary/90 to-primary hover:from-primary hover:to-primary/90 text-primary-foreground shadow-xl shadow-primary/20 transition-all duration-300 rounded-sm group"
    data-slot="button"
    disabled=""
    type="submit"
  />

  --------------------------------------------------
  checkbox:

  Name "Keep me signed in":
  <button
    aria-checked="false"
    class="peer border-input dark:bg-input/30 data-[state=checked]:text-primary-foreground dark:data-[state=checked]:bg-primary focus-visible:border-ring focus-visible:ring-ring/50 aria-invalid:ring-destructive/20 dark:aria-invalid:ring-destructive/40 aria-invalid:border-destructive size-4 shrink-0 border shadow-xs transition-shadow outline-none focus-visible:ring-[3px] disabled:cursor-not-allowed disabled:opacity-50 me-3 ms-1 rounded-sm data-[state=checked]:bg-primary data-[state=checked]:border-primary"
    data-slot="checkbox"
    data-state="unchecked"
    id="rememberMe"
    role="checkbox"
    type="button"
    value="on"
  />

  --------------------------------------------------

Ignored nodes: comments, script, style
<body>
  <div>
    <div
      class="min-h-svh grid lg:grid-cols-2 xrx-shell"
    >
      <div
        class="hidden lg:flex flex-col bg-[#14161A] text-[#F1F3F4] relative overflow-hidden"
      >
        <div
          class="xrx-grid"
        />
        <div
          class="relative flex-1 flex flex-col justify-center p-12 xl:p-20"
        >
          <div
            class="max-w-xl"
          >
            <div
              class="flex items-center gap-5 mb-12"
            >
              <div
                class="w-16 h-16 rounded-md bg-[#0F8B8D]/15 border border-[#0F8B8D]/40 flex items-center justify-center"
              >
                <svg
                  aria-hidden="true"
                  class="lucide lucide-printer h-8 w-8 text-[#2FD4D7]"
                  fill="none"
                  height="24"
                  stroke="currentColor"
                  stroke-linecap="round"
                  stroke-linejoin="round"
                  stroke-width="2"
                  viewBox="0 0 24 24"
                  width="24"
                  xmlns="http://www.w3.org/2000/svg"
                >
                  <path
                    d="M6 18H4a2 2 0 0 1-2-2v-5a2 2 0 0 1 2-2h16a2 2 0 0 1 2 2v5a2 2 0 0 1-2 2h-2"
                  />
                  <path
                    d="M6 9V3a1 1 0 0 1 1-1h10a1 1 0 0 1 1 1v6"
                  />
                  <rect
                    height="8"
                    rx="1"
                    width="12"
                    x="6"
                    y="14"
                  />
                </svg>
              </div>
              <div>
                <p
                  class="xrx-mono text-xs tracking-[0.3em] text-[#2FD4D7] mb-1"
                >
                  SRM ┬╖ DTP & XEROX
                </p>
                <h1
                  class="text-4xl text-white font-bold tracking-tight"
                >
                  Management
                </h1>
              </div>
            </div>
            <div
              class="xrx-scanner mb-10"
            >
              <div
                class="xrx-sheet xrx-sheet-3"
              />
              <div
                class="xrx-sheet xrx-sheet-2"
              />
              <div
                class="xrx-sheet xrx-sheet-1"
              >
                <div
                  class="xrx-sheet-lines"
                >
                  <span />
                  <span />
                  <span />
                  <span />
                  <span />
                </div>
                <div
                  class="xrx-scanbar"
                />
              </div>
            </div>
            <p
              class="text-lg leading-relaxed text-[#B9BEC2]"
            >
              Track print jobs, manage copy counters and settle counter billing for every order that crosses the desk ΓÇö from a single job ticket to a full binding batch.
            </p>
            <div
              class="flex items-center gap-3 mt-8 text-[#7C8288]"
            >
              <svg
                aria-hidden="true"
                class="lucide lucide-scan-line h-4 w-4 text-[#2FD4D7]"
                fill="none"
                height="24"
                stroke="currentColor"
                stroke-linecap="round"
                stroke-linejoin="round"
                stroke-width="2"
                viewBox="0 0 24 24"
                width="24"
                xmlns="http://www.w3.org/2000/svg"
              >
                <path
                  d="M3 7V5a2 2 0 0 1 2-2h2"
                />
                <path
                  d="M17 3h2a2 2 0 0 1 2 2v2"
                />
                <path
                  d="M21 17v2a2 2 0 0 1-2 2h-2"
                />
                <path
                  d="M7 21H5a2 2 0 0 1-2-2v-2"
                />
                <path
                  d="M7 12h10"
                />
              </svg>
            </div>
          </div>
        </div>
        <div
          class="relative px-12 pb-10 xrx-mono text-[11px] tracking-wide text-[#5C6167]"
        >
          ┬⌐ 
          2026
           SRM XEROX MANAGEMENT SYSTEM
        </div>
      </div>
      <div
        class="flex min-h-svh items-center justify-center px-4 py-6 sm:px-6 bg-gradient-to-br from-background to-muted/30 relative overflow-hidden"
      >
        <div
          class="absolute top-[-10%] left-[-10%] w-96 h-96 bg-primary/20 rounded-full blur-[100px] pointer-events-none"
        />
        <div
          class="absolute bottom-[-10%] right-[-10%] w-96 h-96 bg-primary/10 rounded-full blur-[100px] pointer-events-none"
        />
        <div
          class="w-full max-w-md space-y-6 relative z-10 animate-in fade-in slide-in-from-bottom-4 duration-700 ease-out"
        >
          <div
            class="text-center lg:hidden animate-in fade-in zoom-in duration-500 delay-150 fill...
 Γ¥» Object.getElementError node_modules/@testing-library/dom/dist/config.js:37:19
 Γ¥» node_modules/@testing-library/dom/dist/query-helpers.js:76:38
 Γ¥» node_modules/@testing-library/dom/dist/query-helpers.js:52:17
 Γ¥» node_modules/@testing-library/dom/dist/query-helpers.js:95:19
 Γ¥» src/test/pages/login.test.jsx:229:25
    227|     renderLogin();
    228|
    229|     const link = screen.getByRole('link', { name: /request access/i });
       |                         ^
    230|     expect(link).toHaveAttribute('href', '/enquiry');
    231|   });

ΓÄ»ΓÄ»ΓÄ»ΓÄ»ΓÄ»ΓÄ»ΓÄ»ΓÄ»ΓÄ»ΓÄ»ΓÄ»ΓÄ»ΓÄ»ΓÄ»ΓÄ»ΓÄ»ΓÄ»ΓÄ»ΓÄ»ΓÄ»ΓÄ»ΓÄ»[10/16]ΓÄ»

 FAIL  src/test/pages/settings.test.jsx > Settings page > populates the email field from the fetched config
TestingLibraryElementError: Unable to find a label with the text of: /SRM College Email/i

Ignored nodes: comments, script, style
<body>
  <div>
    <div
      class="flex flex-col"
    >
      <div
        class="flex flex-col md:flex-row gap-6"
        data-orientation="horizontal"
        data-slot="tabs"
        dir="ltr"
      >
        <div
          class="w-full md:w-64 flex flex-col shrink-0"
        >
          <div
            aria-orientation="horizontal"
            class="text-muted-foreground items-center justify-center rounded-lg flex flex-col h-auto w-full bg-transparent p-0 space-y-1"
            data-orientation="horizontal"
            data-slot="tabs-list"
            role="tablist"
            style="outline: none;"
            tabindex="0"
          >
            <button
              aria-controls="radix-_r_3_-content-general"
              aria-selected="true"
              class="dark:data-[state=active]:text-foreground focus-visible:border-ring focus-visible:ring-ring/50 focus-visible:outline-ring dark:data-[state=active]:border-input dark:data-[state=active]:bg-input/30 text-foreground dark:text-muted-foreground inline-flex h-[calc(100%-1px)] flex-1 items-center gap-1.5 border border-transparent whitespace-nowrap transition-[color,box-shadow] focus-visible:ring-[3px] focus-visible:outline-1 disabled:pointer-events-none disabled:opacity-50 data-[state=active]:shadow-sm [&_svg]:pointer-events-none [&_svg]:shrink-0 [&_svg:not([class*='size-'])]:size-4 w-full justify-start px-4 py-2.5 text-sm font-medium rounded-md data-[state=active]:bg-primary/10 data-[state=active]:text-primary hover:bg-muted/50"
              data-orientation="horizontal"
              data-radix-collection-item=""
              data-slot="tabs-trigger"
              data-state="active"
              id="radix-_r_3_-trigger-general"
              role="tab"
              tabindex="-1"
              type="button"
            >
              <svg
                aria-hidden="true"
                class="lucide lucide-settings w-4 h-4 mr-3 shrink-0"
                fill="none"
                height="24"
                stroke="currentColor"
                stroke-linecap="round"
                stroke-linejoin="round"
                stroke-width="2"
                viewBox="0 0 24 24"
                width="24"
                xmlns="http://www.w3.org/2000/svg"
              >
                <path
                  d="M9.671 4.136a2.34 2.34 0 0 1 4.659 0 2.34 2.34 0 0 0 3.319 1.915 2.34 2.34 0 0 1 2.33 4.033 2.34 2.34 0 0 0 0 3.831 2.34 2.34 0 0 1-2.33 4.033 2.34 2.34 0 0 0-3.319 1.915 2.34 2.34 0 0 1-4.659 0 2.34 2.34 0 0 0-3.32-1.915 2.34 2.34 0 0 1-2.33-4.033 2.34 2.34 0 0 0 0-3.831A2.34 2.34 0 0 1 6.35 6.051a2.34 2.34 0 0 0 3.319-1.915"
                />
                <circle
                  cx="12"
                  cy="12"
                  r="3"
                />
              </svg>
              General
            </button>
            <button
              aria-controls="radix-_r_3_-content-invoice"
              aria-selected="false"
              class="dark:data-[state=active]:text-foreground focus-visible:border-ring focus-visible:ring-ring/50 focus-visible:outline-ring dark:data-[state=active]:border-input dark:data-[state=active]:bg-input/30 text-foreground dark:text-muted-foreground inline-flex h-[calc(100%-1px)] flex-1 items-center gap-1.5 border border-transparent whitespace-nowrap transition-[color,box-shadow] focus-visible:ring-[3px] focus-visible:outline-1 disabled:pointer-events-none disabled:opacity-50 data-[state=active]:shadow-sm [&_svg]:pointer-events-none [&_svg]:shrink-0 [&_svg:not([class*='size-'])]:size-4 w-full justify-start px-4 py-2.5 text-sm font-medium rounded-md data-[state=active]:bg-primary/10 data-[state=active]:text-primary hover:bg-muted/50"
              data-orientation="horizontal"
              data-radix-collection-item=""
              data-slot="tabs-trigger"
              data-state="inactive"
              id="radix-_r_3_-trigger-invoice"
              role="tab"
              tabindex="-1"
              type="button"
            >
              <svg
                aria-hidden="true"
                class="lucide lucide-file-text w-4 h-4 mr-3 shrink-0"
                fill="none"
                height="24"
                stroke="currentColor"
                stroke-linecap="round"
                stroke-linejoin="round"
                stroke-width="2"
                viewBox="0 0 24 24"
                width="24"
                xmlns="http://www.w3.org/2000/svg"
              >
                <path
                  d="M6 22a2 2 0 0 1-2-2V4a2 2 0 0 1 2-2h8a2.4 2.4 0 0 1 1.704.706l3.588 3.588A2.4 2.4 0 0 1 20 8v12a2 2 0 0 1-2 2z"
                />
                <path
                  d="M14 2v5a1 1 0 0 0 1 1h5"
                />
                <path
                  d="M10 9H8"
                />
                <path
                  d="M16 13H8"
                />
                <path
                  d="M16 17H8"
                />
              </svg>
              Invoice Layout
            </button>
          </div>
        </div>
        <div
          class="flex-1 min-w-0"
        >
          <div
            aria-labelledby="radix-_r_3_-trigger-general"
            class="flex-1 mt-0 outline-none"
            data-orientation="horizontal"
            data-slot="tabs-content"
            data-state="active"
            id="radix-_r_3_-content-general"
            role="tabpanel"
            style="animation-duration: 0s;"
            tabindex="0"
          >
            <div
              class="bg-card text-card-foreground flex flex-col gap-6 rounded-xl border py-6 shadow-sm"
              data-slot="card"
            >
              <div
                class="@container/card-header grid auto-rows-min grid-rows-[auto_auto] items-start gap-1.5 px-6 has-data-[slot=card-action]:grid-cols-[1fr_auto] [.border-b]:pb-6 border-b bg-muted/20"
                data-slot="card-header"
              >
                <div
                  class="font-semibold text-lg"
                  data-slot="card-title"
                >
                  General Configuration
                </div>
                <div
                  class="text-muted-foreground text-sm"
                  data-slot="card-description"
                >
                  Basic settings for the Xerox management system.
                </div>
              </div>
              <div
                class="px-6 pt-6 space-y-6"
                data-slot="card-content"
              >
                <div
                  class="space-y-3"
                >
                  <label
                    class="flex items-center gap-2 select-none group-data-[disabled=true]:pointer-events-none group-data-[disabled=true]:opacity-50 peer-disabled:cursor-not-allowed peer-disabled:opacity-50 text-sm font-semibold"
                    data-slot="label"
                    for="srmCollegeEmail"
                  >
                    SRM College Official Email
                  </label>
                  <p
                    class="text-sm text-muted-foreground"
                  >
                    This email is shown in the order modals, instructing users where to securely send file attachments for printing.
                  </p>
                  <input
                    class="file:text-foreground placeholder:text-muted-foreground selection:bg-primary selection:text-primary-foreground dark:bg-input/30 border-input flex h-9 w-full min-w-0 rounded-md border bg-transparent px-3 py-1 text-base shadow-xs transition-[color,box-shadow] outline-none file:inline-flex file:h-7 file:border-0 file:bg-transparent file:text-sm file:font-medium disabled:pointer-events-none disabled:cursor-not-allowed disabled:opacity-50 md:text-sm focus-visible:border-ring focus-visible:ring-ring/50 focus-visible:ring-[3px] aria-invalid:ring-destructive/20 dark:aria-invalid:ring-destructive/40 aria-invalid:border-destructive font-medium max-w-md"
                    data-slot="input"
                    id="srmCollegeEmail"
                    placeholder="e.g. srmxerox@srmist.edu.in"
                    type="email"
                    value="srmxerox@srmist.edu.in"
                  />
                </div>
              </div>
            </div>
          </div>
          <div
            aria-labelledby="radix-_r_3_-trigger-invoice"
            class="flex-1 mt-0 outline-none"
            data-orientation="horizontal"
            data-slot="tabs-content"
            data-state="inactive"
            hidden=""
            id="radix-_r_3_-content-invoice"
            role="tabpanel"
            tabindex="0"
          />
        </div>
      </div>
    </div>
  </div>
</body>
 Γ¥» Object.getElementError node_modules/@testing-library/dom/dist/config.js:37:19
 Γ¥» getAllByLabelText node_modules/@testing-library/dom/dist/queries/label-text.js:111:38
 Γ¥» node_modules/@testing-library/dom/dist/query-helpers.js:52:17
 Γ¥» node_modules/@testing-library/dom/dist/query-helpers.js:95:19
 Γ¥» src/test/pages/settings.test.jsx:49:19
     47|   it('populates the email field from the fetched config', () => {
     48|     const settings = setup();
     49|     expect(screen.getByLabelText(/SRM College Email/i)).toHaveValue(
       |                   ^
     50|       settings.config.srmCollegeEmail
     51|     );

ΓÄ»ΓÄ»ΓÄ»ΓÄ»ΓÄ»ΓÄ»ΓÄ»ΓÄ»ΓÄ»ΓÄ»ΓÄ»ΓÄ»ΓÄ»ΓÄ»ΓÄ»ΓÄ»ΓÄ»ΓÄ»ΓÄ»ΓÄ»ΓÄ»ΓÄ»[11/16]ΓÄ»

 FAIL  src/test/pages/settings.test.jsx > Settings page > renders the field as disabled when editing is not allowed
TestingLibraryElementError: Unable to find a label with the text of: /SRM College Email/i

Ignored nodes: comments, script, style
<body>
  <div>
    <div
      class="flex flex-col"
    >
      <div
        class="flex flex-col md:flex-row gap-6"
        data-orientation="horizontal"
        data-slot="tabs"
        dir="ltr"
      >
        <div
          class="w-full md:w-64 flex flex-col shrink-0"
        >
          <div
            aria-orientation="horizontal"
            class="text-muted-foreground items-center justify-center rounded-lg flex flex-col h-auto w-full bg-transparent p-0 space-y-1"
            data-orientation="horizontal"
            data-slot="tabs-list"
            role="tablist"
            style="outline: none;"
            tabindex="0"
          >
            <button
              aria-controls="radix-_r_6_-content-general"
              aria-selected="true"
              class="dark:data-[state=active]:text-foreground focus-visible:border-ring focus-visible:ring-ring/50 focus-visible:outline-ring dark:data-[state=active]:border-input dark:data-[state=active]:bg-input/30 text-foreground dark:text-muted-foreground inline-flex h-[calc(100%-1px)] flex-1 items-center gap-1.5 border border-transparent whitespace-nowrap transition-[color,box-shadow] focus-visible:ring-[3px] focus-visible:outline-1 disabled:pointer-events-none disabled:opacity-50 data-[state=active]:shadow-sm [&_svg]:pointer-events-none [&_svg]:shrink-0 [&_svg:not([class*='size-'])]:size-4 w-full justify-start px-4 py-2.5 text-sm font-medium rounded-md data-[state=active]:bg-primary/10 data-[state=active]:text-primary hover:bg-muted/50"
              data-orientation="horizontal"
              data-radix-collection-item=""
              data-slot="tabs-trigger"
              data-state="active"
              id="radix-_r_6_-trigger-general"
              role="tab"
              tabindex="-1"
              type="button"
            >
              <svg
                aria-hidden="true"
                class="lucide lucide-settings w-4 h-4 mr-3 shrink-0"
                fill="none"
                height="24"
                stroke="currentColor"
                stroke-linecap="round"
                stroke-linejoin="round"
                stroke-width="2"
                viewBox="0 0 24 24"
                width="24"
                xmlns="http://www.w3.org/2000/svg"
              >
                <path
                  d="M9.671 4.136a2.34 2.34 0 0 1 4.659 0 2.34 2.34 0 0 0 3.319 1.915 2.34 2.34 0 0 1 2.33 4.033 2.34 2.34 0 0 0 0 3.831 2.34 2.34 0 0 1-2.33 4.033 2.34 2.34 0 0 0-3.319 1.915 2.34 2.34 0 0 1-4.659 0 2.34 2.34 0 0 0-3.32-1.915 2.34 2.34 0 0 1-2.33-4.033 2.34 2.34 0 0 0 0-3.831A2.34 2.34 0 0 1 6.35 6.051a2.34 2.34 0 0 0 3.319-1.915"
                />
                <circle
                  cx="12"
                  cy="12"
                  r="3"
                />
              </svg>
              General
            </button>
            <button
              aria-controls="radix-_r_6_-content-invoice"
              aria-selected="false"
              class="dark:data-[state=active]:text-foreground focus-visible:border-ring focus-visible:ring-ring/50 focus-visible:outline-ring dark:data-[state=active]:border-input dark:data-[state=active]:bg-input/30 text-foreground dark:text-muted-foreground inline-flex h-[calc(100%-1px)] flex-1 items-center gap-1.5 border border-transparent whitespace-nowrap transition-[color,box-shadow] focus-visible:ring-[3px] focus-visible:outline-1 disabled:pointer-events-none disabled:opacity-50 data-[state=active]:shadow-sm [&_svg]:pointer-events-none [&_svg]:shrink-0 [&_svg:not([class*='size-'])]:size-4 w-full justify-start px-4 py-2.5 text-sm font-medium rounded-md data-[state=active]:bg-primary/10 data-[state=active]:text-primary hover:bg-muted/50"
              data-orientation="horizontal"
              data-radix-collection-item=""
              data-slot="tabs-trigger"
              data-state="inactive"
              id="radix-_r_6_-trigger-invoice"
              role="tab"
              tabindex="-1"
              type="button"
            >
              <svg
                aria-hidden="true"
                class="lucide lucide-file-text w-4 h-4 mr-3 shrink-0"
                fill="none"
                height="24"
                stroke="currentColor"
                stroke-linecap="round"
                stroke-linejoin="round"
                stroke-width="2"
                viewBox="0 0 24 24"
                width="24"
                xmlns="http://www.w3.org/2000/svg"
              >
                <path
                  d="M6 22a2 2 0 0 1-2-2V4a2 2 0 0 1 2-2h8a2.4 2.4 0 0 1 1.704.706l3.588 3.588A2.4 2.4 0 0 1 20 8v12a2 2 0 0 1-2 2z"
                />
                <path
                  d="M14 2v5a1 1 0 0 0 1 1h5"
                />
                <path
                  d="M10 9H8"
                />
                <path
                  d="M16 13H8"
                />
                <path
                  d="M16 17H8"
                />
              </svg>
              Invoice Layout
            </button>
          </div>
        </div>
        <div
          class="flex-1 min-w-0"
        >
          <div
            aria-labelledby="radix-_r_6_-trigger-general"
            class="flex-1 mt-0 outline-none"
            data-orientation="horizontal"
            data-slot="tabs-content"
            data-state="active"
            id="radix-_r_6_-content-general"
            role="tabpanel"
            style="animation-duration: 0s;"
            tabindex="0"
          >
            <div
              class="bg-card text-card-foreground flex flex-col gap-6 rounded-xl border py-6 shadow-sm"
              data-slot="card"
            >
              <div
                class="@container/card-header grid auto-rows-min grid-rows-[auto_auto] items-start gap-1.5 px-6 has-data-[slot=card-action]:grid-cols-[1fr_auto] [.border-b]:pb-6 border-b bg-muted/20"
                data-slot="card-header"
              >
                <div
                  class="font-semibold text-lg"
                  data-slot="card-title"
                >
                  General Configuration
                </div>
                <div
                  class="text-muted-foreground text-sm"
                  data-slot="card-description"
                >
                  Basic settings for the Xerox management system.
                </div>
              </div>
              <div
                class="px-6 pt-6 space-y-6"
                data-slot="card-content"
              >
                <div
                  class="space-y-3"
                >
                  <label
                    class="flex items-center gap-2 select-none group-data-[disabled=true]:pointer-events-none group-data-[disabled=true]:opacity-50 peer-disabled:cursor-not-allowed peer-disabled:opacity-50 text-sm font-semibold"
                    data-slot="label"
                    for="srmCollegeEmail"
                  >
                    SRM College Official Email
                  </label>
                  <p
                    class="text-sm text-muted-foreground"
                  >
                    This email is shown in the order modals, instructing users where to securely send file attachments for printing.
                  </p>
                  <input
                    class="file:text-foreground placeholder:text-muted-foreground selection:bg-primary selection:text-primary-foreground dark:bg-input/30 border-input flex h-9 w-full min-w-0 rounded-md border bg-transparent px-3 py-1 text-base shadow-xs transition-[color,box-shadow] outline-none file:inline-flex file:h-7 file:border-0 file:bg-transparent file:text-sm file:font-medium disabled:pointer-events-none disabled:cursor-not-allowed disabled:opacity-50 md:text-sm focus-visible:border-ring focus-visible:ring-ring/50 focus-visible:ring-[3px] aria-invalid:ring-destructive/20 dark:aria-invalid:ring-destructive/40 aria-invalid:border-destructive font-medium max-w-md"
                    data-slot="input"
                    disabled=""
                    id="srmCollegeEmail"
                    placeholder="e.g. srmxerox@srmist.edu.in"
                    type="email"
                    value="srmxerox@srmist.edu.in"
                  />
                </div>
              </div>
            </div>
          </div>
          <div
            aria-labelledby="radix-_r_6_-trigger-invoice"
            class="flex-1 mt-0 outline-none"
            data-orientation="horizontal"
            data-slot="tabs-content"
            data-state="inactive"
            hidden=""
            id="radix-_r_6_-content-invoice"
            role="tabpanel"
            tabindex="0"
          />
        </div>
      </div>
    </div>
  </div>
</body>
 Γ¥» Object.getElementError node_modules/@testing-library/dom/dist/config.js:37:19
 Γ¥» getAllByLabelText node_modules/@testing-library/dom/dist/queries/label-text.js:111:38
 Γ¥» node_modules/@testing-library/dom/dist/query-helpers.js:52:17
 Γ¥» node_modules/@testing-library/dom/dist/query-helpers.js:95:19
 Γ¥» src/test/pages/settings.test.jsx:56:19
     54|   it('renders the field as disabled when editing is not allowed', () =ΓÇª
     55|     setup(buildSettingsModule({ allowEdit: false }));
     56|     expect(screen.getByLabelText(/SRM College Email/i)).toBeDisabled();
       |                   ^
     57|   });
     58|

ΓÄ»ΓÄ»ΓÄ»ΓÄ»ΓÄ»ΓÄ»ΓÄ»ΓÄ»ΓÄ»ΓÄ»ΓÄ»ΓÄ»ΓÄ»ΓÄ»ΓÄ»ΓÄ»ΓÄ»ΓÄ»ΓÄ»ΓÄ»ΓÄ»ΓÄ»[12/16]ΓÄ»

 FAIL  src/test/pages/settings.test.jsx > Settings page > shows Save Changes/Discard when a field is edited
TestingLibraryElementError: Unable to find a label with the text of: /SRM College Email/i

Ignored nodes: comments, script, style
<body>
  <div>
    <div
      class="flex flex-col"
    >
      <div
        class="flex flex-col md:flex-row gap-6"
        data-orientation="horizontal"
        data-slot="tabs"
        dir="ltr"
      >
        <div
          class="w-full md:w-64 flex flex-col shrink-0"
        >
          <div
            aria-orientation="horizontal"
            class="text-muted-foreground items-center justify-center rounded-lg flex flex-col h-auto w-full bg-transparent p-0 space-y-1"
            data-orientation="horizontal"
            data-slot="tabs-list"
            role="tablist"
            style="outline: none;"
            tabindex="0"
          >
            <button
              aria-controls="radix-_r_9_-content-general"
              aria-selected="true"
              class="dark:data-[state=active]:text-foreground focus-visible:border-ring focus-visible:ring-ring/50 focus-visible:outline-ring dark:data-[state=active]:border-input dark:data-[state=active]:bg-input/30 text-foreground dark:text-muted-foreground inline-flex h-[calc(100%-1px)] flex-1 items-center gap-1.5 border border-transparent whitespace-nowrap transition-[color,box-shadow] focus-visible:ring-[3px] focus-visible:outline-1 disabled:pointer-events-none disabled:opacity-50 data-[state=active]:shadow-sm [&_svg]:pointer-events-none [&_svg]:shrink-0 [&_svg:not([class*='size-'])]:size-4 w-full justify-start px-4 py-2.5 text-sm font-medium rounded-md data-[state=active]:bg-primary/10 data-[state=active]:text-primary hover:bg-muted/50"
              data-orientation="horizontal"
              data-radix-collection-item=""
              data-slot="tabs-trigger"
              data-state="active"
              id="radix-_r_9_-trigger-general"
              role="tab"
              tabindex="-1"
              type="button"
            >
              <svg
                aria-hidden="true"
                class="lucide lucide-settings w-4 h-4 mr-3 shrink-0"
                fill="none"
                height="24"
                stroke="currentColor"
                stroke-linecap="round"
                stroke-linejoin="round"
                stroke-width="2"
                viewBox="0 0 24 24"
                width="24"
                xmlns="http://www.w3.org/2000/svg"
              >
                <path
                  d="M9.671 4.136a2.34 2.34 0 0 1 4.659 0 2.34 2.34 0 0 0 3.319 1.915 2.34 2.34 0 0 1 2.33 4.033 2.34 2.34 0 0 0 0 3.831 2.34 2.34 0 0 1-2.33 4.033 2.34 2.34 0 0 0-3.319 1.915 2.34 2.34 0 0 1-4.659 0 2.34 2.34 0 0 0-3.32-1.915 2.34 2.34 0 0 1-2.33-4.033 2.34 2.34 0 0 0 0-3.831A2.34 2.34 0 0 1 6.35 6.051a2.34 2.34 0 0 0 3.319-1.915"
                />
                <circle
                  cx="12"
                  cy="12"
                  r="3"
                />
              </svg>
              General
            </button>
            <button
              aria-controls="radix-_r_9_-content-invoice"
              aria-selected="false"
              class="dark:data-[state=active]:text-foreground focus-visible:border-ring focus-visible:ring-ring/50 focus-visible:outline-ring dark:data-[state=active]:border-input dark:data-[state=active]:bg-input/30 text-foreground dark:text-muted-foreground inline-flex h-[calc(100%-1px)] flex-1 items-center gap-1.5 border border-transparent whitespace-nowrap transition-[color,box-shadow] focus-visible:ring-[3px] focus-visible:outline-1 disabled:pointer-events-none disabled:opacity-50 data-[state=active]:shadow-sm [&_svg]:pointer-events-none [&_svg]:shrink-0 [&_svg:not([class*='size-'])]:size-4 w-full justify-start px-4 py-2.5 text-sm font-medium rounded-md data-[state=active]:bg-primary/10 data-[state=active]:text-primary hover:bg-muted/50"
              data-orientation="horizontal"
              data-radix-collection-item=""
              data-slot="tabs-trigger"
              data-state="inactive"
              id="radix-_r_9_-trigger-invoice"
              role="tab"
              tabindex="-1"
              type="button"
            >
              <svg
                aria-hidden="true"
                class="lucide lucide-file-text w-4 h-4 mr-3 shrink-0"
                fill="none"
                height="24"
                stroke="currentColor"
                stroke-linecap="round"
                stroke-linejoin="round"
                stroke-width="2"
                viewBox="0 0 24 24"
                width="24"
                xmlns="http://www.w3.org/2000/svg"
              >
                <path
                  d="M6 22a2 2 0 0 1-2-2V4a2 2 0 0 1 2-2h8a2.4 2.4 0 0 1 1.704.706l3.588 3.588A2.4 2.4 0 0 1 20 8v12a2 2 0 0 1-2 2z"
                />
                <path
                  d="M14 2v5a1 1 0 0 0 1 1h5"
                />
                <path
                  d="M10 9H8"
                />
                <path
                  d="M16 13H8"
                />
                <path
                  d="M16 17H8"
                />
              </svg>
              Invoice Layout
            </button>
          </div>
        </div>
        <div
          class="flex-1 min-w-0"
        >
          <div
            aria-labelledby="radix-_r_9_-trigger-general"
            class="flex-1 mt-0 outline-none"
            data-orientation="horizontal"
            data-slot="tabs-content"
            data-state="active"
            id="radix-_r_9_-content-general"
            role="tabpanel"
            style="animation-duration: 0s;"
            tabindex="0"
          >
            <div
              class="bg-card text-card-foreground flex flex-col gap-6 rounded-xl border py-6 shadow-sm"
              data-slot="card"
            >
              <div
                class="@container/card-header grid auto-rows-min grid-rows-[auto_auto] items-start gap-1.5 px-6 has-data-[slot=card-action]:grid-cols-[1fr_auto] [.border-b]:pb-6 border-b bg-muted/20"
                data-slot="card-header"
              >
                <div
                  class="font-semibold text-lg"
                  data-slot="card-title"
                >
                  General Configuration
                </div>
                <div
                  class="text-muted-foreground text-sm"
                  data-slot="card-description"
                >
                  Basic settings for the Xerox management system.
                </div>
              </div>
              <div
                class="px-6 pt-6 space-y-6"
                data-slot="card-content"
              >
                <div
                  class="space-y-3"
                >
                  <label
                    class="flex items-center gap-2 select-none group-data-[disabled=true]:pointer-events-none group-data-[disabled=true]:opacity-50 peer-disabled:cursor-not-allowed peer-disabled:opacity-50 text-sm font-semibold"
                    data-slot="label"
                    for="srmCollegeEmail"
                  >
                    SRM College Official Email
                  </label>
                  <p
                    class="text-sm text-muted-foreground"
                  >
                    This email is shown in the order modals, instructing users where to securely send file attachments for printing.
                  </p>
                  <input
                    class="file:text-foreground placeholder:text-muted-foreground selection:bg-primary selection:text-primary-foreground dark:bg-input/30 border-input flex h-9 w-full min-w-0 rounded-md border bg-transparent px-3 py-1 text-base shadow-xs transition-[color,box-shadow] outline-none file:inline-flex file:h-7 file:border-0 file:bg-transparent file:text-sm file:font-medium disabled:pointer-events-none disabled:cursor-not-allowed disabled:opacity-50 md:text-sm focus-visible:border-ring focus-visible:ring-ring/50 focus-visible:ring-[3px] aria-invalid:ring-destructive/20 dark:aria-invalid:ring-destructive/40 aria-invalid:border-destructive font-medium max-w-md"
                    data-slot="input"
                    id="srmCollegeEmail"
                    placeholder="e.g. srmxerox@srmist.edu.in"
                    type="email"
                    value="srmxerox@srmist.edu.in"
                  />
                </div>
              </div>
            </div>
          </div>
          <div
            aria-labelledby="radix-_r_9_-trigger-invoice"
            class="flex-1 mt-0 outline-none"
            data-orientation="horizontal"
            data-slot="tabs-content"
            data-state="inactive"
            hidden=""
            id="radix-_r_9_-content-invoice"
            role="tabpanel"
            tabindex="0"
          />
        </div>
      </div>
    </div>
  </div>
</body>
 Γ¥» Object.getElementError node_modules/@testing-library/dom/dist/config.js:37:19
 Γ¥» getAllByLabelText node_modules/@testing-library/dom/dist/queries/label-text.js:111:38
 Γ¥» node_modules/@testing-library/dom/dist/query-helpers.js:52:17
 Γ¥» node_modules/@testing-library/dom/dist/query-helpers.js:95:19
 Γ¥» src/test/pages/settings.test.jsx:63:19
     61|     setup();
     62|
     63|     expect(screen.getByLabelText(/SRM College Email/i)).toBeEnabled();
       |                   ^
     64|     expect(screen.queryByRole('button', { name: /save changes/i })).noΓÇª
     65|

ΓÄ»ΓÄ»ΓÄ»ΓÄ»ΓÄ»ΓÄ»ΓÄ»ΓÄ»ΓÄ»ΓÄ»ΓÄ»ΓÄ»ΓÄ»ΓÄ»ΓÄ»ΓÄ»ΓÄ»ΓÄ»ΓÄ»ΓÄ»ΓÄ»ΓÄ»[13/16]ΓÄ»

 FAIL  src/test/pages/settings.test.jsx > Settings page > saves the trimmed email on Save Changes
TestingLibraryElementError: Unable to find a label with the text of: /SRM College Email/i

Ignored nodes: comments, script, style
<body>
  <div>
    <div
      class="flex flex-col"
    >
      <div
        class="flex flex-col md:flex-row gap-6"
        data-orientation="horizontal"
        data-slot="tabs"
        dir="ltr"
      >
        <div
          class="w-full md:w-64 flex flex-col shrink-0"
        >
          <div
            aria-orientation="horizontal"
            class="text-muted-foreground items-center justify-center rounded-lg flex flex-col h-auto w-full bg-transparent p-0 space-y-1"
            data-orientation="horizontal"
            data-slot="tabs-list"
            role="tablist"
            style="outline: none;"
            tabindex="0"
          >
            <button
              aria-controls="radix-_r_c_-content-general"
              aria-selected="true"
              class="dark:data-[state=active]:text-foreground focus-visible:border-ring focus-visible:ring-ring/50 focus-visible:outline-ring dark:data-[state=active]:border-input dark:data-[state=active]:bg-input/30 text-foreground dark:text-muted-foreground inline-flex h-[calc(100%-1px)] flex-1 items-center gap-1.5 border border-transparent whitespace-nowrap transition-[color,box-shadow] focus-visible:ring-[3px] focus-visible:outline-1 disabled:pointer-events-none disabled:opacity-50 data-[state=active]:shadow-sm [&_svg]:pointer-events-none [&_svg]:shrink-0 [&_svg:not([class*='size-'])]:size-4 w-full justify-start px-4 py-2.5 text-sm font-medium rounded-md data-[state=active]:bg-primary/10 data-[state=active]:text-primary hover:bg-muted/50"
              data-orientation="horizontal"
              data-radix-collection-item=""
              data-slot="tabs-trigger"
              data-state="active"
              id="radix-_r_c_-trigger-general"
              role="tab"
              tabindex="-1"
              type="button"
            >
              <svg
                aria-hidden="true"
                class="lucide lucide-settings w-4 h-4 mr-3 shrink-0"
                fill="none"
                height="24"
                stroke="currentColor"
                stroke-linecap="round"
                stroke-linejoin="round"
                stroke-width="2"
                viewBox="0 0 24 24"
                width="24"
                xmlns="http://www.w3.org/2000/svg"
              >
                <path
                  d="M9.671 4.136a2.34 2.34 0 0 1 4.659 0 2.34 2.34 0 0 0 3.319 1.915 2.34 2.34 0 0 1 2.33 4.033 2.34 2.34 0 0 0 0 3.831 2.34 2.34 0 0 1-2.33 4.033 2.34 2.34 0 0 0-3.319 1.915 2.34 2.34 0 0 1-4.659 0 2.34 2.34 0 0 0-3.32-1.915 2.34 2.34 0 0 1-2.33-4.033 2.34 2.34 0 0 0 0-3.831A2.34 2.34 0 0 1 6.35 6.051a2.34 2.34 0 0 0 3.319-1.915"
                />
                <circle
                  cx="12"
                  cy="12"
                  r="3"
                />
              </svg>
              General
            </button>
            <button
              aria-controls="radix-_r_c_-content-invoice"
              aria-selected="false"
              class="dark:data-[state=active]:text-foreground focus-visible:border-ring focus-visible:ring-ring/50 focus-visible:outline-ring dark:data-[state=active]:border-input dark:data-[state=active]:bg-input/30 text-foreground dark:text-muted-foreground inline-flex h-[calc(100%-1px)] flex-1 items-center gap-1.5 border border-transparent whitespace-nowrap transition-[color,box-shadow] focus-visible:ring-[3px] focus-visible:outline-1 disabled:pointer-events-none disabled:opacity-50 data-[state=active]:shadow-sm [&_svg]:pointer-events-none [&_svg]:shrink-0 [&_svg:not([class*='size-'])]:size-4 w-full justify-start px-4 py-2.5 text-sm font-medium rounded-md data-[state=active]:bg-primary/10 data-[state=active]:text-primary hover:bg-muted/50"
              data-orientation="horizontal"
              data-radix-collection-item=""
              data-slot="tabs-trigger"
              data-state="inactive"
              id="radix-_r_c_-trigger-invoice"
              role="tab"
              tabindex="-1"
              type="button"
            >
              <svg
                aria-hidden="true"
                class="lucide lucide-file-text w-4 h-4 mr-3 shrink-0"
                fill="none"
                height="24"
                stroke="currentColor"
                stroke-linecap="round"
                stroke-linejoin="round"
                stroke-width="2"
                viewBox="0 0 24 24"
                width="24"
                xmlns="http://www.w3.org/2000/svg"
              >
                <path
                  d="M6 22a2 2 0 0 1-2-2V4a2 2 0 0 1 2-2h8a2.4 2.4 0 0 1 1.704.706l3.588 3.588A2.4 2.4 0 0 1 20 8v12a2 2 0 0 1-2 2z"
                />
                <path
                  d="M14 2v5a1 1 0 0 0 1 1h5"
                />
                <path
                  d="M10 9H8"
                />
                <path
                  d="M16 13H8"
                />
                <path
                  d="M16 17H8"
                />
              </svg>
              Invoice Layout
            </button>
          </div>
        </div>
        <div
          class="flex-1 min-w-0"
        >
          <div
            aria-labelledby="radix-_r_c_-trigger-general"
            class="flex-1 mt-0 outline-none"
            data-orientation="horizontal"
            data-slot="tabs-content"
            data-state="active"
            id="radix-_r_c_-content-general"
            role="tabpanel"
            style="animation-duration: 0s;"
            tabindex="0"
          >
            <div
              class="bg-card text-card-foreground flex flex-col gap-6 rounded-xl border py-6 shadow-sm"
              data-slot="card"
            >
              <div
                class="@container/card-header grid auto-rows-min grid-rows-[auto_auto] items-start gap-1.5 px-6 has-data-[slot=card-action]:grid-cols-[1fr_auto] [.border-b]:pb-6 border-b bg-muted/20"
                data-slot="card-header"
              >
                <div
                  class="font-semibold text-lg"
                  data-slot="card-title"
                >
                  General Configuration
                </div>
                <div
                  class="text-muted-foreground text-sm"
                  data-slot="card-description"
                >
                  Basic settings for the Xerox management system.
                </div>
              </div>
              <div
                class="px-6 pt-6 space-y-6"
                data-slot="card-content"
              >
                <div
                  class="space-y-3"
                >
                  <label
                    class="flex items-center gap-2 select-none group-data-[disabled=true]:pointer-events-none group-data-[disabled=true]:opacity-50 peer-disabled:cursor-not-allowed peer-disabled:opacity-50 text-sm font-semibold"
                    data-slot="label"
                    for="srmCollegeEmail"
                  >
                    SRM College Official Email
                  </label>
                  <p
                    class="text-sm text-muted-foreground"
                  >
                    This email is shown in the order modals, instructing users where to securely send file attachments for printing.
                  </p>
                  <input
                    class="file:text-foreground placeholder:text-muted-foreground selection:bg-primary selection:text-primary-foreground dark:bg-input/30 border-input flex h-9 w-full min-w-0 rounded-md border bg-transparent px-3 py-1 text-base shadow-xs transition-[color,box-shadow] outline-none file:inline-flex file:h-7 file:border-0 file:bg-transparent file:text-sm file:font-medium disabled:pointer-events-none disabled:cursor-not-allowed disabled:opacity-50 md:text-sm focus-visible:border-ring focus-visible:ring-ring/50 focus-visible:ring-[3px] aria-invalid:ring-destructive/20 dark:aria-invalid:ring-destructive/40 aria-invalid:border-destructive font-medium max-w-md"
                    data-slot="input"
                    id="srmCollegeEmail"
                    placeholder="e.g. srmxerox@srmist.edu.in"
                    type="email"
                    value="srmxerox@srmist.edu.in"
                  />
                </div>
              </div>
            </div>
          </div>
          <div
            aria-labelledby="radix-_r_c_-trigger-invoice"
            class="flex-1 mt-0 outline-none"
            data-orientation="horizontal"
            data-slot="tabs-content"
            data-state="inactive"
            hidden=""
            id="radix-_r_c_-content-invoice"
            role="tabpanel"
            tabindex="0"
          />
        </div>
      </div>
    </div>
  </div>
</body>
 Γ¥» Object.getElementError node_modules/@testing-library/dom/dist/config.js:37:19
 Γ¥» getAllByLabelText node_modules/@testing-library/dom/dist/queries/label-text.js:111:38
 Γ¥» node_modules/@testing-library/dom/dist/query-helpers.js:52:17
 Γ¥» node_modules/@testing-library/dom/dist/query-helpers.js:95:19
 Γ¥» src/test/pages/settings.test.jsx:78:26
     76|     const settings = setup();
     77|
     78|     const input = screen.getByLabelText(/SRM College Email/i);
       |                          ^
     79|     await user.clear(input);
     80|     await user.type(input, '  new-office@srmist.edu.in  ');

ΓÄ»ΓÄ»ΓÄ»ΓÄ»ΓÄ»ΓÄ»ΓÄ»ΓÄ»ΓÄ»ΓÄ»ΓÄ»ΓÄ»ΓÄ»ΓÄ»ΓÄ»ΓÄ»ΓÄ»ΓÄ»ΓÄ»ΓÄ»ΓÄ»ΓÄ»[14/16]ΓÄ»

 FAIL  src/test/pages/settings.test.jsx > Settings page > does not call update when the email is left blank
TestingLibraryElementError: Unable to find a label with the text of: /SRM College Email/i

Ignored nodes: comments, script, style
<body>
  <div>
    <div
      class="flex flex-col"
    >
      <div
        class="flex flex-col md:flex-row gap-6"
        data-orientation="horizontal"
        data-slot="tabs"
        dir="ltr"
      >
        <div
          class="w-full md:w-64 flex flex-col shrink-0"
        >
          <div
            aria-orientation="horizontal"
            class="text-muted-foreground items-center justify-center rounded-lg flex flex-col h-auto w-full bg-transparent p-0 space-y-1"
            data-orientation="horizontal"
            data-slot="tabs-list"
            role="tablist"
            style="outline: none;"
            tabindex="0"
          >
            <button
              aria-controls="radix-_r_f_-content-general"
              aria-selected="true"
              class="dark:data-[state=active]:text-foreground focus-visible:border-ring focus-visible:ring-ring/50 focus-visible:outline-ring dark:data-[state=active]:border-input dark:data-[state=active]:bg-input/30 text-foreground dark:text-muted-foreground inline-flex h-[calc(100%-1px)] flex-1 items-center gap-1.5 border border-transparent whitespace-nowrap transition-[color,box-shadow] focus-visible:ring-[3px] focus-visible:outline-1 disabled:pointer-events-none disabled:opacity-50 data-[state=active]:shadow-sm [&_svg]:pointer-events-none [&_svg]:shrink-0 [&_svg:not([class*='size-'])]:size-4 w-full justify-start px-4 py-2.5 text-sm font-medium rounded-md data-[state=active]:bg-primary/10 data-[state=active]:text-primary hover:bg-muted/50"
              data-orientation="horizontal"
              data-radix-collection-item=""
              data-slot="tabs-trigger"
              data-state="active"
              id="radix-_r_f_-trigger-general"
              role="tab"
              tabindex="-1"
              type="button"
            >
              <svg
                aria-hidden="true"
                class="lucide lucide-settings w-4 h-4 mr-3 shrink-0"
                fill="none"
                height="24"
                stroke="currentColor"
                stroke-linecap="round"
                stroke-linejoin="round"
                stroke-width="2"
                viewBox="0 0 24 24"
                width="24"
                xmlns="http://www.w3.org/2000/svg"
              >
                <path
                  d="M9.671 4.136a2.34 2.34 0 0 1 4.659 0 2.34 2.34 0 0 0 3.319 1.915 2.34 2.34 0 0 1 2.33 4.033 2.34 2.34 0 0 0 0 3.831 2.34 2.34 0 0 1-2.33 4.033 2.34 2.34 0 0 0-3.319 1.915 2.34 2.34 0 0 1-4.659 0 2.34 2.34 0 0 0-3.32-1.915 2.34 2.34 0 0 1-2.33-4.033 2.34 2.34 0 0 0 0-3.831A2.34 2.34 0 0 1 6.35 6.051a2.34 2.34 0 0 0 3.319-1.915"
                />
                <circle
                  cx="12"
                  cy="12"
                  r="3"
                />
              </svg>
              General
            </button>
            <button
              aria-controls="radix-_r_f_-content-invoice"
              aria-selected="false"
              class="dark:data-[state=active]:text-foreground focus-visible:border-ring focus-visible:ring-ring/50 focus-visible:outline-ring dark:data-[state=active]:border-input dark:data-[state=active]:bg-input/30 text-foreground dark:text-muted-foreground inline-flex h-[calc(100%-1px)] flex-1 items-center gap-1.5 border border-transparent whitespace-nowrap transition-[color,box-shadow] focus-visible:ring-[3px] focus-visible:outline-1 disabled:pointer-events-none disabled:opacity-50 data-[state=active]:shadow-sm [&_svg]:pointer-events-none [&_svg]:shrink-0 [&_svg:not([class*='size-'])]:size-4 w-full justify-start px-4 py-2.5 text-sm font-medium rounded-md data-[state=active]:bg-primary/10 data-[state=active]:text-primary hover:bg-muted/50"
              data-orientation="horizontal"
              data-radix-collection-item=""
              data-slot="tabs-trigger"
              data-state="inactive"
              id="radix-_r_f_-trigger-invoice"
              role="tab"
              tabindex="-1"
              type="button"
            >
              <svg
                aria-hidden="true"
                class="lucide lucide-file-text w-4 h-4 mr-3 shrink-0"
                fill="none"
                height="24"
                stroke="currentColor"
                stroke-linecap="round"
                stroke-linejoin="round"
                stroke-width="2"
                viewBox="0 0 24 24"
                width="24"
                xmlns="http://www.w3.org/2000/svg"
              >
                <path
                  d="M6 22a2 2 0 0 1-2-2V4a2 2 0 0 1 2-2h8a2.4 2.4 0 0 1 1.704.706l3.588 3.588A2.4 2.4 0 0 1 20 8v12a2 2 0 0 1-2 2z"
                />
                <path
                  d="M14 2v5a1 1 0 0 0 1 1h5"
                />
                <path
                  d="M10 9H8"
                />
                <path
                  d="M16 13H8"
                />
                <path
                  d="M16 17H8"
                />
              </svg>
              Invoice Layout
            </button>
          </div>
        </div>
        <div
          class="flex-1 min-w-0"
        >
          <div
            aria-labelledby="radix-_r_f_-trigger-general"
            class="flex-1 mt-0 outline-none"
            data-orientation="horizontal"
            data-slot="tabs-content"
            data-state="active"
            id="radix-_r_f_-content-general"
            role="tabpanel"
            style="animation-duration: 0s;"
            tabindex="0"
          >
            <div
              class="bg-card text-card-foreground flex flex-col gap-6 rounded-xl border py-6 shadow-sm"
              data-slot="card"
            >
              <div
                class="@container/card-header grid auto-rows-min grid-rows-[auto_auto] items-start gap-1.5 px-6 has-data-[slot=card-action]:grid-cols-[1fr_auto] [.border-b]:pb-6 border-b bg-muted/20"
                data-slot="card-header"
              >
                <div
                  class="font-semibold text-lg"
                  data-slot="card-title"
                >
                  General Configuration
                </div>
                <div
                  class="text-muted-foreground text-sm"
                  data-slot="card-description"
                >
                  Basic settings for the Xerox management system.
                </div>
              </div>
              <div
                class="px-6 pt-6 space-y-6"
                data-slot="card-content"
              >
                <div
                  class="space-y-3"
                >
                  <label
                    class="flex items-center gap-2 select-none group-data-[disabled=true]:pointer-events-none group-data-[disabled=true]:opacity-50 peer-disabled:cursor-not-allowed peer-disabled:opacity-50 text-sm font-semibold"
                    data-slot="label"
                    for="srmCollegeEmail"
                  >
                    SRM College Official Email
                  </label>
                  <p
                    class="text-sm text-muted-foreground"
                  >
                    This email is shown in the order modals, instructing users where to securely send file attachments for printing.
                  </p>
                  <input
                    class="file:text-foreground placeholder:text-muted-foreground selection:bg-primary selection:text-primary-foreground dark:bg-input/30 border-input flex h-9 w-full min-w-0 rounded-md border bg-transparent px-3 py-1 text-base shadow-xs transition-[color,box-shadow] outline-none file:inline-flex file:h-7 file:border-0 file:bg-transparent file:text-sm file:font-medium disabled:pointer-events-none disabled:cursor-not-allowed disabled:opacity-50 md:text-sm focus-visible:border-ring focus-visible:ring-ring/50 focus-visible:ring-[3px] aria-invalid:ring-destructive/20 dark:aria-invalid:ring-destructive/40 aria-invalid:border-destructive font-medium max-w-md"
                    data-slot="input"
                    id="srmCollegeEmail"
                    placeholder="e.g. srmxerox@srmist.edu.in"
                    type="email"
                    value="srmxerox@srmist.edu.in"
                  />
                </div>
              </div>
            </div>
          </div>
          <div
            aria-labelledby="radix-_r_f_-trigger-invoice"
            class="flex-1 mt-0 outline-none"
            data-orientation="horizontal"
            data-slot="tabs-content"
            data-state="inactive"
            hidden=""
            id="radix-_r_f_-content-invoice"
            role="tabpanel"
            tabindex="0"
          />
        </div>
      </div>
    </div>
  </div>
</body>
 Γ¥» Object.getElementError node_modules/@testing-library/dom/dist/config.js:37:19
 Γ¥» getAllByLabelText node_modules/@testing-library/dom/dist/queries/label-text.js:111:38
 Γ¥» node_modules/@testing-library/dom/dist/query-helpers.js:52:17
 Γ¥» node_modules/@testing-library/dom/dist/query-helpers.js:95:19
 Γ¥» src/test/pages/settings.test.jsx:94:26
     92|     const settings = setup();
     93|
     94|     const input = screen.getByLabelText(/SRM College Email/i);
       |                          ^
     95|     await user.clear(input);
     96|     await user.click(screen.getByRole('button', { name: /save changes/ΓÇª

ΓÄ»ΓÄ»ΓÄ»ΓÄ»ΓÄ»ΓÄ»ΓÄ»ΓÄ»ΓÄ»ΓÄ»ΓÄ»ΓÄ»ΓÄ»ΓÄ»ΓÄ»ΓÄ»ΓÄ»ΓÄ»ΓÄ»ΓÄ»ΓÄ»ΓÄ»[15/16]ΓÄ»

 FAIL  src/test/pages/settings.test.jsx > Settings page > discards changes on Discard
TestingLibraryElementError: Unable to find a label with the text of: /SRM College Email/i

Ignored nodes: comments, script, style
<body>
  <div>
    <div
      class="flex flex-col"
    >
      <div
        class="flex flex-col md:flex-row gap-6"
        data-orientation="horizontal"
        data-slot="tabs"
        dir="ltr"
      >
        <div
          class="w-full md:w-64 flex flex-col shrink-0"
        >
          <div
            aria-orientation="horizontal"
            class="text-muted-foreground items-center justify-center rounded-lg flex flex-col h-auto w-full bg-transparent p-0 space-y-1"
            data-orientation="horizontal"
            data-slot="tabs-list"
            role="tablist"
            style="outline: none;"
            tabindex="0"
          >
            <button
              aria-controls="radix-_r_i_-content-general"
              aria-selected="true"
              class="dark:data-[state=active]:text-foreground focus-visible:border-ring focus-visible:ring-ring/50 focus-visible:outline-ring dark:data-[state=active]:border-input dark:data-[state=active]:bg-input/30 text-foreground dark:text-muted-foreground inline-flex h-[calc(100%-1px)] flex-1 items-center gap-1.5 border border-transparent whitespace-nowrap transition-[color,box-shadow] focus-visible:ring-[3px] focus-visible:outline-1 disabled:pointer-events-none disabled:opacity-50 data-[state=active]:shadow-sm [&_svg]:pointer-events-none [&_svg]:shrink-0 [&_svg:not([class*='size-'])]:size-4 w-full justify-start px-4 py-2.5 text-sm font-medium rounded-md data-[state=active]:bg-primary/10 data-[state=active]:text-primary hover:bg-muted/50"
              data-orientation="horizontal"
              data-radix-collection-item=""
              data-slot="tabs-trigger"
              data-state="active"
              id="radix-_r_i_-trigger-general"
              role="tab"
              tabindex="-1"
              type="button"
            >
              <svg
                aria-hidden="true"
                class="lucide lucide-settings w-4 h-4 mr-3 shrink-0"
                fill="none"
                height="24"
                stroke="currentColor"
                stroke-linecap="round"
                stroke-linejoin="round"
                stroke-width="2"
                viewBox="0 0 24 24"
                width="24"
                xmlns="http://www.w3.org/2000/svg"
              >
                <path
                  d="M9.671 4.136a2.34 2.34 0 0 1 4.659 0 2.34 2.34 0 0 0 3.319 1.915 2.34 2.34 0 0 1 2.33 4.033 2.34 2.34 0 0 0 0 3.831 2.34 2.34 0 0 1-2.33 4.033 2.34 2.34 0 0 0-3.319 1.915 2.34 2.34 0 0 1-4.659 0 2.34 2.34 0 0 0-3.32-1.915 2.34 2.34 0 0 1-2.33-4.033 2.34 2.34 0 0 0 0-3.831A2.34 2.34 0 0 1 6.35 6.051a2.34 2.34 0 0 0 3.319-1.915"
                />
                <circle
                  cx="12"
                  cy="12"
                  r="3"
                />
              </svg>
              General
            </button>
            <button
              aria-controls="radix-_r_i_-content-invoice"
              aria-selected="false"
              class="dark:data-[state=active]:text-foreground focus-visible:border-ring focus-visible:ring-ring/50 focus-visible:outline-ring dark:data-[state=active]:border-input dark:data-[state=active]:bg-input/30 text-foreground dark:text-muted-foreground inline-flex h-[calc(100%-1px)] flex-1 items-center gap-1.5 border border-transparent whitespace-nowrap transition-[color,box-shadow] focus-visible:ring-[3px] focus-visible:outline-1 disabled:pointer-events-none disabled:opacity-50 data-[state=active]:shadow-sm [&_svg]:pointer-events-none [&_svg]:shrink-0 [&_svg:not([class*='size-'])]:size-4 w-full justify-start px-4 py-2.5 text-sm font-medium rounded-md data-[state=active]:bg-primary/10 data-[state=active]:text-primary hover:bg-muted/50"
              data-orientation="horizontal"
              data-radix-collection-item=""
              data-slot="tabs-trigger"
              data-state="inactive"
              id="radix-_r_i_-trigger-invoice"
              role="tab"
              tabindex="-1"
              type="button"
            >
              <svg
                aria-hidden="true"
                class="lucide lucide-file-text w-4 h-4 mr-3 shrink-0"
                fill="none"
                height="24"
                stroke="currentColor"
                stroke-linecap="round"
                stroke-linejoin="round"
                stroke-width="2"
                viewBox="0 0 24 24"
                width="24"
                xmlns="http://www.w3.org/2000/svg"
              >
                <path
                  d="M6 22a2 2 0 0 1-2-2V4a2 2 0 0 1 2-2h8a2.4 2.4 0 0 1 1.704.706l3.588 3.588A2.4 2.4 0 0 1 20 8v12a2 2 0 0 1-2 2z"
                />
                <path
                  d="M14 2v5a1 1 0 0 0 1 1h5"
                />
                <path
                  d="M10 9H8"
                />
                <path
                  d="M16 13H8"
                />
                <path
                  d="M16 17H8"
                />
              </svg>
              Invoice Layout
            </button>
          </div>
        </div>
        <div
          class="flex-1 min-w-0"
        >
          <div
            aria-labelledby="radix-_r_i_-trigger-general"
            class="flex-1 mt-0 outline-none"
            data-orientation="horizontal"
            data-slot="tabs-content"
            data-state="active"
            id="radix-_r_i_-content-general"
            role="tabpanel"
            style="animation-duration: 0s;"
            tabindex="0"
          >
            <div
              class="bg-card text-card-foreground flex flex-col gap-6 rounded-xl border py-6 shadow-sm"
              data-slot="card"
            >
              <div
                class="@container/card-header grid auto-rows-min grid-rows-[auto_auto] items-start gap-1.5 px-6 has-data-[slot=card-action]:grid-cols-[1fr_auto] [.border-b]:pb-6 border-b bg-muted/20"
                data-slot="card-header"
              >
                <div
                  class="font-semibold text-lg"
                  data-slot="card-title"
                >
                  General Configuration
                </div>
                <div
                  class="text-muted-foreground text-sm"
                  data-slot="card-description"
                >
                  Basic settings for the Xerox management system.
                </div>
              </div>
              <div
                class="px-6 pt-6 space-y-6"
                data-slot="card-content"
              >
                <div
                  class="space-y-3"
                >
                  <label
                    class="flex items-center gap-2 select-none group-data-[disabled=true]:pointer-events-none group-data-[disabled=true]:opacity-50 peer-disabled:cursor-not-allowed peer-disabled:opacity-50 text-sm font-semibold"
                    data-slot="label"
                    for="srmCollegeEmail"
                  >
                    SRM College Official Email
                  </label>
                  <p
                    class="text-sm text-muted-foreground"
                  >
                    This email is shown in the order modals, instructing users where to securely send file attachments for printing.
                  </p>
                  <input
                    class="file:text-foreground placeholder:text-muted-foreground selection:bg-primary selection:text-primary-foreground dark:bg-input/30 border-input flex h-9 w-full min-w-0 rounded-md border bg-transparent px-3 py-1 text-base shadow-xs transition-[color,box-shadow] outline-none file:inline-flex file:h-7 file:border-0 file:bg-transparent file:text-sm file:font-medium disabled:pointer-events-none disabled:cursor-not-allowed disabled:opacity-50 md:text-sm focus-visible:border-ring focus-visible:ring-ring/50 focus-visible:ring-[3px] aria-invalid:ring-destructive/20 dark:aria-invalid:ring-destructive/40 aria-invalid:border-destructive font-medium max-w-md"
                    data-slot="input"
                    id="srmCollegeEmail"
                    placeholder="e.g. srmxerox@srmist.edu.in"
                    type="email"
                    value="srmxerox@srmist.edu.in"
                  />
                </div>
              </div>
            </div>
          </div>
          <div
            aria-labelledby="radix-_r_i_-trigger-invoice"
            class="flex-1 mt-0 outline-none"
            data-orientation="horizontal"
            data-slot="tabs-content"
            data-state="inactive"
            hidden=""
            id="radix-_r_i_-content-invoice"
            role="tabpanel"
            tabindex="0"
          />
        </div>
      </div>
    </div>
  </div>
</body>
 Γ¥» Object.getElementError node_modules/@testing-library/dom/dist/config.js:37:19
 Γ¥» getAllByLabelText node_modules/@testing-library/dom/dist/queries/label-text.js:111:38
 Γ¥» node_modules/@testing-library/dom/dist/query-helpers.js:52:17
 Γ¥» node_modules/@testing-library/dom/dist/query-helpers.js:95:19
 Γ¥» src/test/pages/settings.test.jsx:105:26
    103|     const settings = setup();
    104|
    105|     const input = screen.getByLabelText(/SRM College Email/i);
       |                          ^
    106|     await user.clear(input);
    107|     await user.type(input, 'discard-me@srmist.edu.in');

ΓÄ»ΓÄ»ΓÄ»ΓÄ»ΓÄ»ΓÄ»ΓÄ»ΓÄ»ΓÄ»ΓÄ»ΓÄ»ΓÄ»ΓÄ»ΓÄ»ΓÄ»ΓÄ»ΓÄ»ΓÄ»ΓÄ»ΓÄ»ΓÄ»ΓÄ»[16/16]ΓÄ»


[2m Test Files [22m [1m[31m3 failed[39m[22m[2m | [22m[1m[32m82 passed[39m[22m[90m (85)[39m
[2m      Tests [22m [1m[31m16 failed[39m[22m[2m | [22m[1m[32m586 passed[39m[22m[90m (602)[39m
[2m   Start at [22m 14:11:25
[2m   Duration [22m 146.21s[2m (transform 11.65s, setup 42.17s, import 103.30s, tests 46.20s, environment 196.59s)[22m

